<html>
<body>
<pre>
<h1>µVision Build Log</h1>
<h2>Tool Versions:</h2>
IDE-Version: ¦ÌVision V5.14.0.0
Copyright (C) 2015 ARM Ltd and ARM Germany GmbH. All rights reserved.
License Information: zz Microsoft, Microsoft, LIC=Q7GII-TEUUL-48WFA-1PUVG-1UVXK-ZF4BD
 
Tool Versions:
Toolchain:       MDK-ARM Professional  Version: 5.14.0.0
Toolchain Path:  D:\Program Files (x86)\ARM\ARMCC\Bin
C Compiler:      Armcc.exe V5.05 update 1 (build 106)
Assembler:       Armasm.exe V5.05 update 1 (build 106)
Linker/Locator:  ArmLink.exe V5.05 update 1 (build 106)
Library Manager: ArmAr.exe V5.05 update 1 (build 106)
Hex Converter:   FromElf.exe V5.05 update 1 (build 106)
CPU DLL:         SARMCM3.DLL V5.14.0.0
Dialog DLL:      DCM.DLL V1.13.1.0
Target DLL:      Segger\JL2CM3.dll V2.99.13.0
Dialog DLL:      TCM.DLL V1.14.4.0
 
<h2>Project:</h2>
E:\study\rt_thread\rt-thread-master-2016-3-8\rt-thread-master\bsp\stm32f107\project.uvprojx
Project File Date:  03/30/2016

<h2>Output:</h2>
Build target 'RT-Thread STM32'
compiling platform.c...
drivers\platform.c(78): warning:  #223-D: function "w25qxx_init" declared implicitly
                w25qxx_init("flash0", "spi10");
drivers\platform.c: 1 warning, 0 errors
linking...
Program Size: Code=119596 RO-data=7772 RW-data=760 ZI-data=19544  
After Build - User command #1: fromelf --bin .\build\rtthread-stm32.axf --output rtthread.bin
".\build\rtthread-stm32.axf" - 0 Error(s), 1 Warning(s).

<h2>Collection of Component include folders:</h2>
  E:\study\rt_thread\rt-thread-master-2016-3-8\rt-thread-master\bsp\stm32f107\RTE
  D:\Program Files (x86)\ARM\PACK\Keil\STM32F1xx_DFP\2.0.0

<h2>Collection of Component Files used:</h2>
</pre>
</body>
</html>
