Component: ARM Compiler 5.05 update 1 (build 106) Tool: armlink [4d0efa]

==============================================================================

Section Cross References

    application.o(i.key_thread_entry) refers to key.o(i.rt_hw_key_init) for rt_hw_key_init
    application.o(i.key_thread_entry) refers to thread.o(i.rt_thread_delay) for rt_thread_delay
    application.o(i.led_thread_entry) refers to led.o(i.rt_hw_led_init) for rt_hw_led_init
    application.o(i.led_thread_entry) refers to thread.o(i.rt_thread_delay) for rt_thread_delay
    application.o(i.led_thread_entry) refers to led.o(.data) for led
    application.o(i.rt_application_init) refers to thread.o(i.rt_thread_create) for rt_thread_create
    application.o(i.rt_application_init) refers to thread.o(i.rt_thread_startup) for rt_thread_startup
    application.o(i.rt_application_init) refers to application.o(i.rt_init_thread_entry) for rt_init_thread_entry
    application.o(i.rt_init_thread_entry) refers to platform.o(i.rt_platform_init) for rt_platform_init
    application.o(i.rt_init_thread_entry) refers to dfs.o(i.dfs_init) for dfs_init
    application.o(i.rt_init_thread_entry) refers to dfs_elm.o(i.elm_init) for elm_init
    application.o(i.rt_init_thread_entry) refers to dfs_fs.o(i.dfs_mount) for dfs_mount
    application.o(i.rt_init_thread_entry) refers to kservice.o(i.rt_kprintf) for rt_kprintf
    application.o(i.rt_init_thread_entry) refers to ethernetif.o(i.eth_system_device_init) for eth_system_device_init
    application.o(i.rt_init_thread_entry) refers to sys_arch.o(i.lwip_system_init) for lwip_system_init
    application.o(i.rt_init_thread_entry) refers to shell.o(i.finsh_system_init) for finsh_system_init
    application.o(i.rt_init_thread_entry) refers to shell.o(i.finsh_set_device) for finsh_set_device
    startup.o(i.assert_failed) refers to kservice.o(i.rt_kprintf) for rt_kprintf
    startup.o(i.main) refers to context_rvds.o(.text) for rt_hw_interrupt_disable
    startup.o(i.main) refers to startup.o(i.rtthread_startup) for rtthread_startup
    startup.o(i.rtthread_startup) refers to board.o(i.rt_hw_board_init) for rt_hw_board_init
    startup.o(i.rtthread_startup) refers to kservice.o(i.rt_show_version) for rt_show_version
    startup.o(i.rtthread_startup) refers to clock.o(i.rt_system_tick_init) for rt_system_tick_init
    startup.o(i.rtthread_startup) refers to object.o(i.rt_system_object_init) for rt_system_object_init
    startup.o(i.rtthread_startup) refers to timer.o(i.rt_system_timer_init) for rt_system_timer_init
    startup.o(i.rtthread_startup) refers to mem.o(i.rt_system_heap_init) for rt_system_heap_init
    startup.o(i.rtthread_startup) refers to scheduler.o(i.rt_system_scheduler_init) for rt_system_scheduler_init
    startup.o(i.rtthread_startup) refers to application.o(i.rt_application_init) for rt_application_init
    startup.o(i.rtthread_startup) refers to timer.o(i.rt_system_timer_thread_init) for rt_system_timer_thread_init
    startup.o(i.rtthread_startup) refers to idle.o(i.rt_thread_idle_init) for rt_thread_idle_init
    startup.o(i.rtthread_startup) refers to scheduler.o(i.rt_system_scheduler_start) for rt_system_scheduler_start
    telnet.o(i.rb_get) refers to rt_memcpy_v6.o(.text) for __aeabi_memcpy
    telnet.o(i.rb_init) refers to kservice.o(i.rt_assert_handler) for rt_assert_handler
    telnet.o(i.rb_init) refers to telnet.o(.constdata) for .constdata
    telnet.o(i.rb_put) refers to rt_memcpy_v6.o(.text) for __aeabi_memcpy
    telnet.o(i.rx_callback) refers to ipc.o(i.rt_event_send) for rt_event_send
    telnet.o(i.rx_callback) refers to telnet.o(.data) for .data
    telnet.o(i.telnet_process_close) refers to kservice.o(i.rt_console_set_device) for rt_console_set_device
    telnet.o(i.telnet_process_close) refers to shell.o(i.finsh_set_device) for finsh_set_device
    telnet.o(i.telnet_process_close) refers to api_lib.o(i.netconn_close) for netconn_close
    telnet.o(i.telnet_process_close) refers to shell.o(i.finsh_set_echo) for finsh_set_echo
    telnet.o(i.telnet_process_close) refers to kservice.o(i.rt_kprintf) for rt_kprintf
    telnet.o(i.telnet_process_rx) refers to ipc.o(i.rt_sem_take) for rt_sem_take
    telnet.o(i.telnet_process_rx) refers to telnet.o(i.rb_putchar) for rb_putchar
    telnet.o(i.telnet_process_rx) refers to ipc.o(i.rt_sem_release) for rt_sem_release
    telnet.o(i.telnet_process_rx) refers to telnet.o(i.telnet_send_option) for telnet_send_option
    telnet.o(i.telnet_process_tx) refers to kservice.o(i.rt_memset) for rt_memset
    telnet.o(i.telnet_process_tx) refers to ipc.o(i.rt_sem_take) for rt_sem_take
    telnet.o(i.telnet_process_tx) refers to telnet.o(i.rb_get) for rb_get
    telnet.o(i.telnet_process_tx) refers to ipc.o(i.rt_sem_release) for rt_sem_release
    telnet.o(i.telnet_process_tx) refers to api_lib.o(i.netconn_write_partly) for netconn_write_partly
    telnet.o(i.telnet_read) refers to ipc.o(i.rt_sem_take) for rt_sem_take
[...]
    0x08006110   0x000000d4   Code   RO         6710    i.dfs_elm_getdents  dfs_elm.o
    0x080061e4   0x00000006   Code   RO         6711    i.dfs_elm_ioctl     dfs_elm.o
    0x080061ea   0x00000002   PAD
    0x080061ec   0x00000088   Code   RO         6712    i.dfs_elm_lseek     dfs_elm.o
    0x08006274   0x000000e4   Code   RO         6713    i.dfs_elm_mkfs      dfs_elm.o
    0x08006358   0x000000e0   Code   RO         6714    i.dfs_elm_mount     dfs_elm.o
    0x08006438   0x00000108   Code   RO         6715    i.dfs_elm_open      dfs_elm.o
    0x08006540   0x00000058   Code   RO         6716    i.dfs_elm_read      dfs_elm.o
    0x08006598   0x0000005c   Code   RO         6717    i.dfs_elm_rename    dfs_elm.o
    0x080065f4   0x000000d8   Code   RO         6718    i.dfs_elm_stat      dfs_elm.o
    0x080066cc   0x00000088   Code   RO         6719    i.dfs_elm_statfs    dfs_elm.o
    0x08006754   0x00000054   Code   RO         6720    i.dfs_elm_unlink    dfs_elm.o
    0x080067a8   0x00000064   Code   RO         6721    i.dfs_elm_unmount   dfs_elm.o
    0x0800680c   0x0000005c   Code   RO         6722    i.dfs_elm_write     dfs_elm.o
    0x08006868   0x00000028   Code   RO         6448    i.dfs_file_close    dfs_file.o
    0x08006890   0x0000001e   Code   RO         6450    i.dfs_file_getdents  dfs_file.o
    0x080068ae   0x00000002   PAD
    0x080068b0   0x000000b8   Code   RO         6453    i.dfs_file_open     dfs_file.o
    0x08006968   0x0000002c   Code   RO         6454    i.dfs_file_read     dfs_file.o
    0x08006994   0x00000096   Code   RO         6456    i.dfs_file_stat     dfs_file.o
    0x08006a2a   0x00000002   PAD
    0x08006a2c   0x0000007c   Code   RO         6457    i.dfs_file_unlink   dfs_file.o
    0x08006aa8   0x00000018   Code   RO         6458    i.dfs_file_write    dfs_file.o
    0x08006ac0   0x00000080   Code   RO         6371    i.dfs_filesystem_lookup  dfs_fs.o
    0x08006b40   0x00000040   Code   RO         6288    i.dfs_init          dfs.o
    0x08006b80   0x0000002c   Code   RO         6289    i.dfs_lock          dfs.o
    0x08006bac   0x000000a4   Code   RO         6372    i.dfs_mkfs          dfs_fs.o
    0x08006c50   0x0000014c   Code   RO         6373    i.dfs_mount         dfs_fs.o
    0x08006d9c   0x00000154   Code   RO         6290    i.dfs_normalize_path  dfs.o
    0x08006ef0   0x0000004c   Code   RO         6374    i.dfs_register      dfs_fs.o
    0x08006f3c   0x0000001e   Code   RO         6375    i.dfs_statfs        dfs_fs.o
    0x08006f5a   0x00000030   Code   RO         6291    i.dfs_subdir        dfs.o
    0x08006f8a   0x00000002   PAD
    0x08006f8c   0x0000000c   Code   RO         6292    i.dfs_unlock        dfs.o
    0x08006f98   0x00000102   Code   RO         6905    i.dir_next          ff.o
    0x0800709a   0x00000044   Code   RO         6906    i.dir_read          ff.o
    0x080070de   0x0000005c   Code   RO         6907    i.dir_register      ff.o
    0x0800713a   0x00000028   Code   RO         6908    i.dir_remove        ff.o
    0x08007162   0x0000009e   Code   RO         6909    i.dir_sdi           ff.o
    0x08007200   0x00000004   Code   RO         6723    i.disk_initialize   dfs_elm.o
    0x08007204   0x00000094   Code   RO         6724    i.disk_ioctl        dfs_elm.o
    0x08007298   0x00000024   Code   RO         6725    i.disk_read         dfs_elm.o
    0x080072bc   0x00000004   Code   RO         6726    i.disk_status       dfs_elm.o
    0x080072c0   0x00000024   Code   RO         6727    i.disk_write        dfs_elm.o
    0x080072e4   0x0000014c   Code   RO         9913    i.dns_check_entry   dns.o
    0x08007430   0x000000bc   Code   RO         9914    i.dns_enqueue       dns.o
    0x080074ec   0x00000094   Code   RO         9915    i.dns_gethostbyname  dns.o
    0x08007580   0x0000001c   Code   RO         9916    i.dns_getserver     dns.o
    0x0800759c   0x00000060   Code   RO         9917    i.dns_init          dns.o
    0x080075fc   0x00000024   Code   RO         9918    i.dns_parse_name    dns.o
    0x08007620   0x00000170   Code   RO         9919    i.dns_recv          dns.o
    0x08007790   0x00000188   Code   RO         9920    i.dns_send          dns.o
    0x08007918   0x00000024   Code   RO         9921    i.dns_setserver     dns.o
    0x0800793c   0x0000001c   Code   RO        10753    i.dns_timer         timers.o
    0x08007958   0x00000020   Code   RO         9922    i.dns_tmr           dns.o
    0x08007978   0x0000005c   Code   RO         8949    i.do_bind           api_msg.o
    0x080079d4   0x000000f8   Code   RO         8950    i.do_close          api_msg.o
    0x08007acc   0x00000248   Code   RO         8951    i.do_close_internal  api_msg.o
    0x08007d14   0x000000f4   Code   RO         8952    i.do_connect        api_msg.o
    0x08007e08   0x00000134   Code   RO         8953    i.do_connected      api_msg.o
    0x08007f3c   0x00000170   Code   RO         8954    i.do_delconn        api_msg.o
    0x080080ac   0x0000009c   Code   RO         8956    i.do_dns_found      api_msg.o
    0x08008148   0x000000d4   Code   RO         8957    i.do_getaddr        api_msg.o
    0x0800821c   0x0000002c   Code   RO         8958    i.do_gethostbyname  api_msg.o
    0x08008248   0x000000b0   Code   RO         8959    i.do_listen         api_msg.o
    0x080082f8   0x0000002a   Code   RO         9269    i.do_netifapi_netif_add  netifapi.o
    0x08008322   0x00000022   Code   RO         9270    i.do_netifapi_netif_common  netifapi.o
    0x08008344   0x0000001a   Code   RO         9271    i.do_netifapi_netif_set_addr  netifapi.o
    0x0800835e   0x00000020   Code   RO         8960    i.do_newconn        api_msg.o
    0x0800837e   0x00000042   Code   RO         8961    i.do_recv           api_msg.o
    0x080083c0   0x00000080   Code   RO         8962    i.do_send           api_msg.o
    0x08008440   0x000000e0   Code   RO         8963    i.do_write          api_msg.o
    0x08008520   0x000002ac   Code   RO         8964    i.do_writemore      api_msg.o
    0x080087cc   0x00000020   Code   RO         6910    i.elm_get_vol       ff.o
    0x080087ec   0x00000010   Code   RO         6728    i.elm_init          dfs_elm.o
    0x080087fc   0x00000042   Code   RO         6729    i.elm_result_to_dfs  dfs_elm.o
    0x0800883e   0x00000002   PAD
    0x08008840   0x0000004c   Code   RO          872    i.emac_dump         stm32_eth.o
    0x0800888c   0x00000158   Code   RO         8965    i.err_tcp           api_msg.o
    0x080089e4   0x00000006   Code   RO        11170    i.eth_device_init   ethernetif.o
    0x080089ea   0x00000002   PAD
    0x080089ec   0x000000e8   Code   RO        11171    i.eth_device_init_with_flag  ethernetif.o
    0x08008ad4   0x00000014   Code   RO        11173    i.eth_device_ready  ethernetif.o
    0x08008ae8   0x00000048   Code   RO        11174    i.eth_netif_device_init  ethernetif.o
    0x08008b30   0x000000cc   Code   RO        11175    i.eth_rx_thread_entry  ethernetif.o
    0x08008bfc   0x0000010c   Code   RO        11176    i.eth_system_device_init  ethernetif.o
    0x08008d08   0x00000088   Code   RO        11177    i.eth_tx_thread_entry  ethernetif.o
    0x08008d90   0x00000130   Code   RO        11073    i.etharp_arp_input  etharp.o
    0x08008ec0   0x00000234   Code   RO        11076    i.etharp_find_entry  etharp.o
    0x080090f4   0x00000024   Code   RO        11077    i.etharp_free_entry  etharp.o
    0x08009118   0x00000198   Code   RO        11078    i.etharp_output     etharp.o
    0x080092b0   0x000000bc   Code   RO        11079    i.etharp_output_to_arp_index  etharp.o
    0x0800936c   0x000001c0   Code   RO        11080    i.etharp_query      etharp.o
    0x0800952c   0x00000160   Code   RO        11081    i.etharp_raw        etharp.o
    0x0800968c   0x00000024   Code   RO        11082    i.etharp_request    etharp.o
    0x080096b0   0x00000080   Code   RO        11083    i.etharp_send_ip    etharp.o
    0x08009730   0x00000048   Code   RO        11084    i.etharp_tmr        etharp.o
    0x08009778   0x00000100   Code   RO        11085    i.etharp_update_arp_entry  etharp.o
    0x08009878   0x000000f8   Code   RO        11086    i.ethernet_input    etharp.o
    0x08009970   0x00000050   Code   RO        11178    i.ethernetif_linkoutput  ethernetif.o
    0x080099c0   0x00000174   Code   RO         9330    i.event_callback    sockets.o
    0x08009b34   0x0000001c   Code   RO        11362    i.expired           mqttcc3200.o
    0x08009b50   0x00000012   Code   RO         6912    i.f_close           ff.o
    0x08009b62   0x000000d0   Code   RO         6913    i.f_getfree         ff.o
    0x08009c32   0x0000024e   Code   RO         6914    i.f_lseek           ff.o
    0x08009e80   0x0000018e   Code   RO         6915    i.f_mkdir           ff.o
    0x0800a00e   0x00000002   PAD
    0x0800a010   0x0000054c   Code   RO         6916    i.f_mkfs            ff.o
    0x0800a55c   0x00000048   Code   RO         6917    i.f_mount           ff.o
    0x0800a5a4   0x00000142   Code   RO         6918    i.f_open            ff.o
    0x0800a6e6   0x0000005e   Code   RO         6919    i.f_opendir         ff.o
    0x0800a744   0x000001aa   Code   RO         6920    i.f_read            ff.o
    0x0800a8ee   0x0000005e   Code   RO         6921    i.f_readdir         ff.o
    0x0800a94c   0x0000010c   Code   RO         6922    i.f_rename          ff.o
    0x0800aa58   0x00000036   Code   RO         6923    i.f_seekdir         ff.o
    0x0800aa8e   0x00000042   Code   RO         6924    i.f_stat            ff.o
    0x0800aad0   0x000000b6   Code   RO         6925    i.f_sync            ff.o
    0x0800ab86   0x000000a6   Code   RO         6927    i.f_unlink          ff.o
    0x0800ac2c   0x000001e2   Code   RO         6929    i.f_write           ff.o
    0x0800ae0e   0x00000002   PAD
    0x0800ae10   0x00000040   Code   RO         6293    i.fd_get            dfs.o
    0x0800ae50   0x00000088   Code   RO         6294    i.fd_is_open        dfs.o
    0x0800aed8   0x00000044   Code   RO         6295    i.fd_new            dfs.o
    0x0800af1c   0x00000048   Code   RO         6296    i.fd_put            dfs.o
    0x0800af64   0x0000002c   Code   RO         6730    i.ff_cre_syncobj    dfs_elm.o
    0x0800af90   0x0000000c   Code   RO         6731    i.ff_del_syncobj    dfs_elm.o
    0x0800af9c   0x00000004   Code   RO         6732    i.ff_rel_grant      dfs_elm.o
    0x0800afa0   0x00000014   Code   RO         6733    i.ff_req_grant      dfs_elm.o
    0x0800afb4   0x00000020   Code   RO         8069    i.finsh_block_insert  finsh_heap.o
    0x0800afd4   0x0000006c   Code   RO         8070    i.finsh_block_merge  finsh_heap.o
    0x0800b040   0x00000024   Code   RO         8071    i.finsh_block_remove  finsh_heap.o
    0x0800b064   0x000006b8   Code   RO         7988    i.finsh_compile     finsh_compiler.o
    0x0800b71c   0x00000050   Code   RO         7989    i.finsh_compiler_run  finsh_compiler.o
    0x0800b76c   0x0000000c   Code   RO         8035    i.finsh_errno       finsh_error.o
    0x0800b778   0x0000000c   Code   RO         8036    i.finsh_error_init  finsh_error.o
    0x0800b784   0x0000000c   Code   RO         8037    i.finsh_error_set   finsh_error.o
    0x0800b790   0x0000000c   Code   RO         8038    i.finsh_error_string  finsh_error.o
    0x0800b79c   0x00000012   Code   RO         8112    i.finsh_flush       finsh_init.o
    0x0800b7ae   0x00000002   PAD
    0x0800b7b0   0x0000003c   Code   RO         7700    i.finsh_get_echo    shell.o
    0x0800b7ec   0x000000b8   Code   RO         8072    i.finsh_heap_allocate  finsh_heap.o
    0x0800b8a4   0x0000002c   Code   RO         8073    i.finsh_heap_free   finsh_heap.o
    0x0800b8d0   0x00000028   Code   RO         8074    i.finsh_heap_init   finsh_heap.o
    0x0800b8f8   0x0000001a   Code   RO         8113    i.finsh_init        finsh_init.o
    0x0800b912   0x00000002   PAD
    0x0800b914   0x00000030   Code   RO         8148    i.finsh_node_allocate  finsh_node.o
    0x0800b944   0x00000014   Code   RO         8149    i.finsh_node_init   finsh_node.o
    0x0800b958   0x0000001a   Code   RO         8150    i.finsh_node_new_char  finsh_node.o
    0x0800b972   0x0000005e   Code   RO         8151    i.finsh_node_new_id  finsh_node.o
    0x0800b9d0   0x0000001a   Code   RO         8152    i.finsh_node_new_int  finsh_node.o
    0x0800b9ea   0x0000001a   Code   RO         8153    i.finsh_node_new_long  finsh_node.o
    0x0800ba04   0x0000001a   Code   RO         8154    i.finsh_node_new_ptr  finsh_node.o
    0x0800ba1e   0x00000046   Code   RO         8155    i.finsh_node_new_string  finsh_node.o
    0x0800ba64   0x0000000c   Code   RO         8505    i.finsh_parser_init  finsh_parser.o
    0x0800ba70   0x000000a2   Code   RO         8506    i.finsh_parser_run  finsh_parser.o
    0x0800bb12   0x00000002   PAD
    0x0800bb14   0x000000c8   Code   RO         7701    i.finsh_run_line    shell.o
    0x0800bbdc   0x00000038   Code   RO         7702    i.finsh_rx_ind      shell.o
    0x0800bc14   0x000000c4   Code   RO         7703    i.finsh_set_device  shell.o
    0x0800bcd8   0x00000038   Code   RO         7704    i.finsh_set_echo    shell.o
    0x0800bd10   0x0000000c   Code   RO         8115    i.finsh_stack_bottom  finsh_init.o
    0x0800bd1c   0x00000054   Code   RO         8660    i.finsh_syscall_lookup  finsh_vm.o
    0x0800bd70   0x00000014   Code   RO         7705    i.finsh_system_function_init  shell.o
    0x0800bd84   0x000000b0   Code   RO         7706    i.finsh_system_init  shell.o
    0x0800be34   0x00000014   Code   RO         7707    i.finsh_system_var_init  shell.o
    0x0800be48   0x00000054   Code   RO         8607    i.finsh_sysvar_lookup  finsh_var.o
    0x0800be9c   0x000003d0   Code   RO         7708    i.finsh_thread_entry  shell.o
    0x0800c26c   0x00000012   Code   RO         8699    i.finsh_token_init  finsh_token.o
    0x0800c27e   0x00000018   Code   RO         8700    i.finsh_token_token  finsh_token.o
    0x0800c296   0x000000dc   Code   RO         7990    i.finsh_type_check  finsh_compiler.o
    0x0800c372   0x00000002   PAD
    0x0800c374   0x00000014   Code   RO         8609    i.finsh_var_init    finsh_var.o
    0x0800c388   0x00000060   Code   RO         8610    i.finsh_var_insert  finsh_var.o
    0x0800c3e8   0x00000038   Code   RO         8611    i.finsh_var_lookup  finsh_var.o
    0x0800c420   0x00000038   Code   RO         8661    i.finsh_vm_run      finsh_vm.o
    0x0800c458   0x0000000a   Code   RO         1716    i.flash_lock        spi_flash_w25qxx.o
    0x0800c462   0x000000ac   Code   RO         6930    i.follow_path       ff.o
    0x0800c50e   0x00000002   PAD
    0x0800c510   0x000000b4   Code   RO        11087    i.free_etharp_q     etharp.o
    0x0800c5c4   0x00000016   Code   RO        11435    i.getNextPacketId   mqttclient.o
    0x0800c5da   0x00000002   PAD
    0x0800c5dc   0x00000020   Code   RO         6734    i.get_disk          dfs_elm.o
    0x0800c5fc   0x000000e4   Code   RO         6931    i.get_fat           ff.o
    0x0800c6e0   0x00000004   Code   RO         6735    i.get_fattime       dfs_elm.o
    0x0800c6e4   0x00000060   Code   RO         6932    i.get_fileinfo      ff.o
    0x0800c744   0x00000028   Code   RO         9331    i.get_socket        sockets.o
    0x0800c76c   0x00000014   Code   RO          507    i.getdata           mqtt_client.o
    0x0800c780   0x00000078   Code   RO         6194    i.hard_fault_track  cpuport.o
    0x0800c7f8   0x00000020   Code   RO         7803    i.hello             cmd.o
    0x0800c818   0x00000008   Code   RO        10901    i.icmp_dest_unreach  icmp.o
    0x0800c820   0x00000284   Code   RO        10902    i.icmp_input        icmp.o
    0x0800caa4   0x000000e0   Code   RO        10903    i.icmp_send_response  icmp.o
    0x0800cb84   0x0000000c   Code   RO        10936    i.inet_chksum       inet_chksum.o
    0x0800cb90   0x00000048   Code   RO        10937    i.inet_chksum_pbuf  inet_chksum.o
    0x0800cbd8   0x0000002e   Code   RO        11013    i.ip4_addr_isbroadcast  ip_addr.o
    0x0800cc06   0x00000002   PAD
    0x0800cc08   0x0000014c   Code   RO        10971    i.ip_input          ip.o
    0x0800cd54   0x0000008c   Code   RO        10972    i.ip_output         ip.o
    0x0800cde0   0x0000012c   Code   RO        10973    i.ip_output_if      ip.o
    0x0800cf0c   0x00000040   Code   RO        10974    i.ip_route          ip.o
    0x0800cf4c   0x00000014   Code   RO        11015    i.ipaddr_addr       ip_addr.o
    0x0800cf60   0x00000150   Code   RO        11016    i.ipaddr_aton       ip_addr.o
    0x0800d0b0   0x0000000c   Code   RO        11017    i.ipaddr_ntoa       ip_addr.o
    0x0800d0bc   0x00000078   Code   RO        11018    i.ipaddr_ntoa_r     ip_addr.o
    0x0800d134   0x00000060   Code   RO        11436    i.isTopicMatched    mqttclient.o
    0x0800d194   0x00000064   Code   RO        11437    i.keepalive         mqttclient.o
    0x0800d1f8   0x0000001e   Code   RO        11363    i.left_ms           mqttcc3200.o
    0x0800d216   0x00000002   PAD
    0x0800d218   0x000000d8   Code   RO         7804    i.list              cmd.o
    0x0800d2f0   0x0000000c   Code   RO         7805    i.list_device       cmd.o
    0x0800d2fc   0x0000000c   Code   RO         7806    i.list_event        cmd.o
    0x0800d308   0x00000200   Code   RO        11179    i.list_if           ethernetif.o
    0x0800d508   0x0000000c   Code   RO         7807    i.list_mailbox      cmd.o
    0x0800d514   0x0000006c   Code   RO         5669    i.list_mem          mem.o
    0x0800d580   0x0000000c   Code   RO         7808    i.list_mempool      cmd.o
    0x0800d58c   0x0000000c   Code   RO         7809    i.list_msgqueue     cmd.o
    0x0800d598   0x0000000c   Code   RO         7810    i.list_mutex        cmd.o
    0x0800d5a4   0x000001d8   Code   RO         7811    i.list_prefix       cmd.o
    0x0800d77c   0x0000000c   Code   RO         7812    i.list_sem          cmd.o
    0x0800d788   0x00000194   Code   RO        11180    i.list_tcps         ethernetif.o
    0x0800d91c   0x0000000c   Code   RO         7813    i.list_thread       cmd.o
    0x0800d928   0x0000000c   Code   RO         7814    i.list_timer        cmd.o
    0x0800d934   0x00000006   Code   RO         6933    i.lock_fs           ff.o
    0x0800d93a   0x00000002   PAD
    0x0800d93c   0x00000120   Code   RO         6459    i.ls                dfs_file.o
    0x0800da5c   0x00000034   Code   RO          476    i.lw_thread         websrv.o
    0x0800da90   0x00000220   Code   RO         9332    i.lwip_accept       sockets.o
    0x0800dcb0   0x000000d0   Code   RO         9333    i.lwip_bind         sockets.o
    0x0800dd80   0x000000bc   Code   RO         9334    i.lwip_close        sockets.o
    0x0800de3c   0x000000d4   Code   RO         9335    i.lwip_connect      sockets.o
    0x0800df10   0x00000012   Code   RO         9214    i.lwip_freeaddrinfo  netdb.o
    0x0800df22   0x00000002   PAD
    0x0800df24   0x00000154   Code   RO         9215    i.lwip_getaddrinfo  netdb.o
    0x0800e078   0x00000044   Code   RO         9216    i.lwip_gethostbyname  netdb.o
    0x0800e0bc   0x00000004   Code   RO         9877    i.lwip_htonl        def.o
    0x0800e0c0   0x00000004   Code   RO         9878    i.lwip_htons        def.o
    0x0800e0c4   0x00000022   Code   RO         9981    i.lwip_init         init.o
    0x0800e0e6   0x00000002   PAD
    0x0800e0e8   0x00000078   Code   RO         9343    i.lwip_listen       sockets.o
    0x0800e160   0x00000004   Code   RO         9879    i.lwip_ntohl        def.o
    0x0800e164   0x00000004   Code   RO         9880    i.lwip_ntohs        def.o
    0x0800e168   0x0000000e   Code   RO         9345    i.lwip_recv         sockets.o
    0x0800e176   0x00000002   PAD
    0x0800e178   0x00000260   Code   RO         9346    i.lwip_recvfrom     sockets.o
    0x0800e3d8   0x00000084   Code   RO         9349    i.lwip_send         sockets.o
    0x0800e45c   0x0000015c   Code   RO         9350    i.lwip_sendto       sockets.o
    0x0800e5b8   0x000000f0   Code   RO         9351    i.lwip_setsockopt   sockets.o
    0x0800e6a8   0x00000180   Code   RO         9352    i.lwip_setsockopt_internal  sockets.o
    0x0800e828   0x00000090   Code   RO         9354    i.lwip_socket       sockets.o
    0x0800e8b8   0x00000002   Code   RO         9355    i.lwip_socket_init  sockets.o
    0x0800e8ba   0x00000002   PAD
    0x0800e8bc   0x00000058   Code   RO        10940    i.lwip_standard_chksum  inet_chksum.o
    0x0800e914   0x00000100   Code   RO         9658    i.lwip_system_init  sys_arch.o
    0x0800ea14   0x0000000e   Code   RO          234    i.main              startup.o
    0x0800ea22   0x00000020   Code   RO         8507    i.make_sys_node     finsh_parser.o
    0x0800ea42   0x00000002   PAD
    0x0800ea44   0x00000012   Code   RO         6934    i.mem_cpy           ff.o
    0x0800ea56   0x00000002   PAD
    0x0800ea58   0x000000d8   Code   RO         6195    i.mem_manage_fault_track  cpuport.o
    0x0800eb30   0x0000000e   Code   RO         6935    i.mem_set           ff.o
    0x0800eb3e   0x00000002   PAD
    0x0800eb40   0x00000054   Code   RO        11296    i.messageArrived    mqtt.o
    0x0800eb94   0x00000058   Code   RO         6575    i.mkdir             dfs_posix.o
    0x0800ebec   0x00000004   Code   RO         6377    i.mkfs              dfs_fs.o
    0x0800ebf0   0x0000006a   Code   RO         6936    i.move_window       ff.o
    0x0800ec5a   0x00000002   PAD
    0x0800ec5c   0x0000014c   Code   RO        11297    i.mqtt              mqtt.o
    0x0800eda8   0x0000005c   Code   RO          508    i.mqtt_client       mqtt_client.o
    0x0800ee04   0x0000026c   Code   RO          509    i.mqtt_client_connect  mqtt_client.o
    0x0800f070   0x00000214   Code   RO          510    i.mqtt_client_thread_entry  mqtt_client.o
    0x0800f284   0x0000010c   Code   RO          511    i.mqtt_connect      mqtt_client.o
    0x0800f390   0x00000048   Code   RO          512    i.mqtt_ping         mqtt_client.o
    0x0800f3d8   0x000000d8   Code   RO         9153    i.netbuf_data       netbuf.o
    0x0800f4b0   0x00000020   Code   RO         9154    i.netbuf_delete     netbuf.o
    0x0800f4d0   0x00000078   Code   RO         9156    i.netbuf_free       netbuf.o
    0x0800f548   0x0000009c   Code   RO         9159    i.netbuf_ref        netbuf.o
    0x0800f5e4   0x0000013c   Code   RO         8766    i.netconn_accept    api_lib.o
    0x0800f720   0x000000f4   Code   RO         8966    i.netconn_alloc     api_msg.o
    0x0800f814   0x000000a0   Code   RO         8767    i.netconn_bind      api_lib.o
    0x0800f8b4   0x00000006   Code   RO         8768    i.netconn_close     api_lib.o
    0x0800f8ba   0x00000002   PAD
    0x0800f8bc   0x000000a0   Code   RO         8769    i.netconn_close_shutdown  api_lib.o
    0x0800f95c   0x000000a4   Code   RO         8770    i.netconn_connect   api_lib.o
    0x0800fa00   0x00000024   Code   RO         8771    i.netconn_delete    api_lib.o
    0x0800fa24   0x00000114   Code   RO         8967    i.netconn_drain     api_msg.o
    0x0800fb38   0x00000144   Code   RO         8968    i.netconn_free      api_msg.o
    0x0800fc7c   0x00000100   Code   RO         8773    i.netconn_getaddr   api_lib.o
    0x0800fd7c   0x000000ec   Code   RO         8774    i.netconn_gethostbyname  api_lib.o
    0x0800fe68   0x0000009c   Code   RO         8775    i.netconn_listen_with_backlog  api_lib.o
    0x0800ff04   0x00000154   Code   RO         8776    i.netconn_new_with_proto_and_callback  api_lib.o
    0x08010058   0x00000170   Code   RO         8777    i.netconn_recv      api_lib.o
    0x080101c8   0x000001b0   Code   RO         8778    i.netconn_recv_data  api_lib.o
    0x08010378   0x00000078   Code   RO         8779    i.netconn_recv_tcp_pbuf  api_lib.o
    0x080103f0   0x0000002c   Code   RO         8780    i.netconn_recved    api_lib.o
    0x0801041c   0x0000009c   Code   RO         8781    i.netconn_send      api_lib.o
    0x080104b8   0x00000130   Code   RO         8784    i.netconn_write_partly  api_lib.o
    0x080105e8   0x000000b0   Code   RO        10066    i.netif_add         netif.o
    0x08010698   0x00000024   Code   RO         9659    i.netif_device_init  sys_arch.o
    0x080106bc   0x00000002   Code   RO        10068    i.netif_init        netif.o
    0x080106be   0x00000020   Code   RO        10070    i.netif_set_addr    netif.o
    0x080106de   0x00000002   PAD
    0x080106e0   0x0000000c   Code   RO        10071    i.netif_set_default  netif.o
    0x080106ec   0x00000008   Code   RO        10073    i.netif_set_gw      netif.o
    0x080106f4   0x00000068   Code   RO        10074    i.netif_set_ipaddr  netif.o
    0x0801075c   0x00000012   Code   RO        10075    i.netif_set_link_down  netif.o
    0x0801076e   0x00000020   Code   RO        10076    i.netif_set_link_up  netif.o
    0x0801078e   0x00000008   Code   RO        10077    i.netif_set_netmask  netif.o
    0x08010796   0x00000020   Code   RO        10078    i.netif_set_up      netif.o
    0x080107b6   0x00000002   PAD
    0x080107b8   0x00000028   Code   RO         9272    i.netifapi_netif_add  netifapi.o
    0x080107e0   0x00000024   Code   RO         9273    i.netifapi_netif_common  netifapi.o
    0x08010804   0x00000024   Code   RO         9274    i.netifapi_netif_set_addr  netifapi.o
    0x08010828   0x00000364   Code   RO        10170    i.pbuf_alloc        pbuf.o
    0x08010b8c   0x0000010c   Code   RO        10171    i.pbuf_cat          pbuf.o
    0x08010c98   0x00000012   Code   RO        10172    i.pbuf_chain        pbuf.o
    0x08010caa   0x00000012   Code   RO        10173    i.pbuf_clen         pbuf.o
    0x08010cbc   0x000001cc   Code   RO        10175    i.pbuf_copy         pbuf.o
    0x08010e88   0x000000f8   Code   RO        10176    i.pbuf_copy_partial  pbuf.o
    0x08010f80   0x000000ec   Code   RO        10178    i.pbuf_free         pbuf.o
    0x0801106c   0x00000034   Code   RO        10179    i.pbuf_free_ooseq_callback  pbuf.o
    0x080110a0   0x000000fc   Code   RO        10181    i.pbuf_header       pbuf.o
    0x0801119c   0x00000040   Code   RO        10184    i.pbuf_pool_is_empty  pbuf.o
    0x080111dc   0x00000160   Code   RO        10185    i.pbuf_realloc      pbuf.o
    0x0801133c   0x0000001a   Code   RO        10186    i.pbuf_ref          pbuf.o
    0x08011356   0x00000002   PAD
    0x08011358   0x000000ec   Code   RO         8969    i.pcb_new           api_msg.o
    0x08011444   0x0000004c   Code   RO          873    i.phy_dump          stm32_eth.o
    0x08011490   0x00000034   Code   RO          874    i.phy_search        stm32_eth.o
    0x080114c4   0x0000000a   Code   RO          875    i.phy_write         stm32_eth.o
    0x080114ce   0x00000002   PAD
    0x080114d0   0x000000e8   Code   RO         5670    i.plug_holes        mem.o
    0x080115b8   0x000000ac   Code   RO         8970    i.poll_tcp          api_msg.o
    0x08011664   0x0000012c   Code   RO         5481    i.print_number      kservice.o
    0x08011790   0x0000004c   Code   RO         8508    i.proc_additive_expr  finsh_parser.o
    0x080117dc   0x00000038   Code   RO         8509    i.proc_and_expr     finsh_parser.o
    0x08011814   0x00000058   Code   RO         8510    i.proc_assign_expr  finsh_parser.o
    0x0801186c   0x00000042   Code   RO         8511    i.proc_cast_expr    finsh_parser.o
    0x080118ae   0x00000038   Code   RO         8512    i.proc_exclusive_or_expr  finsh_parser.o
    0x080118e6   0x00000004   Code   RO         8513    i.proc_expr         finsh_parser.o
    0x080118ea   0x00000032   Code   RO         8514    i.proc_expr_statement  finsh_parser.o
    0x0801191c   0x0000002a   Code   RO         8515    i.proc_identifier   finsh_parser.o
    0x08011946   0x0000005a   Code   RO         8516    i.proc_multiplicative_expr  finsh_parser.o
    0x080119a0   0x0000009e   Code   RO         8517    i.proc_postfix_expr  finsh_parser.o
    0x08011a3e   0x000000a8   Code   RO         8518    i.proc_primary_expr  finsh_parser.o
    0x08011ae6   0x0000004c   Code   RO         8519    i.proc_shift_expr   finsh_parser.o
    0x08011b32   0x000000ba   Code   RO         8520    i.proc_type         finsh_parser.o
    0x08011bec   0x0000009a   Code   RO         8521    i.proc_unary_expr   finsh_parser.o
    0x08011c86   0x00000184   Code   RO         8522    i.proc_variable_decl  finsh_parser.o
    0x08011e0a   0x00000002   PAD
    0x08011e0c   0x00000060   Code   RO          477    i.process_connection  websrv.o
    0x08011e6c   0x00000126   Code   RO         6937    i.put_fat           ff.o
    0x08011f92   0x0000000a   Code   RO        10302    i.raw_bind          raw.o
    0x08011f9c   0x0000000a   Code   RO        10303    i.raw_connect       raw.o
    0x08011fa6   0x00000002   PAD
    0x08011fa8   0x00000074   Code   RO        10304    i.raw_input         raw.o
    0x0801201c   0x00000030   Code   RO        10305    i.raw_new           raw.o
    0x0801204c   0x00000006   Code   RO        10306    i.raw_recv          raw.o
    0x08012052   0x00000002   PAD
    0x08012054   0x00000028   Code   RO        10307    i.raw_remove        raw.o
    0x0801207c   0x00000006   Code   RO        10308    i.raw_send          raw.o
    0x08012082   0x00000002   PAD
    0x08012084   0x000000f8   Code   RO        10309    i.raw_sendto        raw.o
    0x0801217c   0x0000006e   Code   RO          264    i.rb_get            telnet.o
    0x080121ea   0x00000002   PAD
    0x080121ec   0x00000034   Code   RO          265    i.rb_init           telnet.o
    0x08012220   0x0000006c   Code   RO          266    i.rb_put            telnet.o
    0x0801228c   0x00000024   Code   RO          267    i.rb_putchar        telnet.o
    0x080122b0   0x0000000c   Code   RO        11631    i.readChar          mqttpacket.o
    0x080122bc   0x00000012   Code   RO        11632    i.readInt           mqttpacket.o
    0x080122ce   0x00000034   Code   RO        11633    i.readMQTTLenString  mqttpacket.o
    0x08012302   0x00000072   Code   RO        11438    i.readPacket        mqttclient.o
    0x08012374   0x00000080   Code   RO         8971    i.recv_raw          api_msg.o
    0x080123f4   0x0000013c   Code   RO         8972    i.recv_tcp          api_msg.o
    0x08012530   0x00000144   Code   RO         8973    i.recv_udp          api_msg.o
    0x08012674   0x00000062   Code   RO         6938    i.remove_chain      ff.o
    0x080126d6   0x00000002   PAD
    0x080126d8   0x00000030   Code   RO         6460    i.rm                dfs_file.o
    0x08012708   0x00000030   Code   RO            5    i.rt_application_init  application.o
    0x08012738   0x0000006c   Code   RO         5482    i.rt_assert_handler  kservice.o
    0x080127a4   0x00000064   Code   RO         7327    i.rt_completion_done  completion.o
    0x08012808   0x00000040   Code   RO         7328    i.rt_completion_init  completion.o
    0x08012848   0x00000134   Code   RO         7329    i.rt_completion_wait  completion.o
    0x0801297c   0x0000000c   Code   RO         5484    i.rt_console_get_device  kservice.o
    0x08012988   0x00000028   Code   RO         5485    i.rt_console_set_device  kservice.o
    0x080129b0   0x00000064   Code   RO         7352    i.rt_data_queue_init  dataqueue.o
    0x08012a14   0x00000070   Code   RO         7353    i.rt_data_queue_peak  dataqueue.o
    0x08012a84   0x000001b0   Code   RO         7354    i.rt_data_queue_pop  dataqueue.o
    0x08012c34   0x00000150   Code   RO         7355    i.rt_data_queue_push  dataqueue.o
    0x08012d84   0x00000058   Code   RO         5071    i.rt_device_close   device.o
    0x08012ddc   0x00000040   Code   RO         5072    i.rt_device_control  device.o
    0x08012e1c   0x00000050   Code   RO         5073    i.rt_device_find    device.o
    0x08012e6c   0x0000008c   Code   RO         5074    i.rt_device_init    device.o
    0x08012ef8   0x000000e0   Code   RO         5076    i.rt_device_open    device.o
    0x08012fd8   0x00000060   Code   RO         5077    i.rt_device_read    device.o
    0x08013038   0x00000030   Code   RO         5078    i.rt_device_register  device.o
    0x08013068   0x00000030   Code   RO         5079    i.rt_device_set_rx_indicate  device.o
    0x08013098   0x00000060   Code   RO         5082    i.rt_device_write   device.o
    0x080130f8   0x0000001c   Code   RO         5906    i.rt_enter_critical  scheduler.o
    0x08013114   0x00000074   Code   RO         5194    i.rt_event_create   ipc.o
    0x08013188   0x000001bc   Code   RO         5198    i.rt_event_recv     ipc.o
    0x08013344   0x000000c0   Code   RO         5199    i.rt_event_send     ipc.o
    0x08013404   0x00000030   Code   RO         5907    i.rt_exit_critical  scheduler.o
    0x08013434   0x0000015c   Code   RO         5672    i.rt_free           mem.o
    0x08013590   0x0000004c   Code   RO          591    i.rt_hw_board_init  board.o
    0x080135dc   0x00000002   Code   RO         5488    i.rt_hw_console_output  kservice.o
    0x080135de   0x00000002   PAD
    0x080135e0   0x000001fc   Code   RO         6198    i.rt_hw_hard_fault_exception  cpuport.o
    0x080137dc   0x00000120   Code   RO         7270    i.rt_hw_serial_isr  serial.o
    0x080138fc   0x0000007c   Code   RO         7271    i.rt_hw_serial_register  serial.o
    0x08013978   0x000000a8   Code   RO          735    i.rt_hw_spi_init    platform.o
    0x08013a20   0x00000038   Code   RO         6199    i.rt_hw_stack_init  cpuport.o
    0x08013a58   0x000000d0   Code   RO          876    i.rt_hw_stm32_eth_init  stm32_eth.o
    0x08013b28   0x000000ac   Code   RO         1531    i.rt_hw_usart_init  usart.o
    0x08013bd4   0x000000b4   Code   RO            6    i.rt_init_thread_entry  application.o
    0x08013c88   0x0000001c   Code   RO         5452    i.rt_interrupt_enter  irq.o
    0x08013ca4   0x0000000c   Code   RO         5453    i.rt_interrupt_get_nest  irq.o
    0x08013cb0   0x0000001c   Code   RO         5454    i.rt_interrupt_leave  irq.o
    0x08013ccc   0x0000000e   Code   RO         5200    i.rt_ipc_list_resume  ipc.o
    0x08013cda   0x00000002   PAD
    0x08013cdc   0x0000002c   Code   RO         5201    i.rt_ipc_list_resume_all  ipc.o
    0x08013d08   0x00000052   Code   RO         5202    i.rt_ipc_list_suspend  ipc.o
    0x08013d5a   0x00000002   PAD
    0x08013d5c   0x00000048   Code   RO         5489    i.rt_kprintf        kservice.o
    0x08013da4   0x0000000e   Code   RO         5803    i.rt_list_insert_after  object.o
    0x08013db2   0x0000000e   Code   RO         5979    i.rt_list_insert_after  thread.o
    0x08013dc0   0x0000000e   Code   RO         6095    i.rt_list_insert_after  timer.o
    0x08013dce   0x0000000e   Code   RO         5203    i.rt_list_insert_before  ipc.o
    0x08013ddc   0x0000000e   Code   RO         7357    i.rt_list_insert_before  dataqueue.o
    0x08013dea   0x00000012   Code   RO         7815    i.rt_list_len       cmd.o
    0x08013dfc   0x00000012   Code   RO         5804    i.rt_list_remove    object.o
    0x08013e0e   0x00000012   Code   RO         5980    i.rt_list_remove    thread.o
    0x08013e20   0x000001f4   Code   RO         5674    i.rt_malloc         mem.o
    0x08014014   0x000000a0   Code   RO         5205    i.rt_mb_create      ipc.o
    0x080140b4   0x00000094   Code   RO         5206    i.rt_mb_delete      ipc.o
    0x08014148   0x0000005c   Code   RO         5208    i.rt_mb_init        ipc.o
    0x080141a4   0x000001ec   Code   RO         5209    i.rt_mb_recv        ipc.o
    0x08014390   0x00000006   Code   RO         5210    i.rt_mb_send        ipc.o
    0x08014396   0x00000002   PAD
    0x08014398   0x000001c8   Code   RO         5211    i.rt_mb_send_wait   ipc.o
    0x08014560   0x0000004a   Code   RO         5492    i.rt_memcpy         kservice.o
    0x080145aa   0x00000002   PAD
    0x080145ac   0x00000032   Code   RO         5493    i.rt_memmove        kservice.o
    0x080145de   0x00000002   PAD
    0x080145e0   0x00000046   Code   RO         5494    i.rt_memset         kservice.o
    0x08014626   0x00000002   PAD
    0x08014628   0x000000c4   Code   RO         5213    i.rt_mq_create      ipc.o
    0x080146ec   0x0000008c   Code   RO         5214    i.rt_mq_delete      ipc.o
    0x08014778   0x000000ec   Code   RO         5218    i.rt_mq_send        ipc.o
    0x08014864   0x00000080   Code   RO         5221    i.rt_mutex_create   ipc.o
    0x080148e4   0x0000008c   Code   RO         5222    i.rt_mutex_delete   ipc.o
    0x08014970   0x00000054   Code   RO         5224    i.rt_mutex_init     ipc.o
    0x080149c4   0x0000014c   Code   RO         5225    i.rt_mutex_release  ipc.o
    0x08014b10   0x0000019c   Code   RO         5226    i.rt_mutex_take     ipc.o
    0x08014cac   0x000000ac   Code   RO         5805    i.rt_object_allocate  object.o
    0x08014d58   0x00000094   Code   RO         5807    i.rt_object_delete  object.o
    0x08014dec   0x00000050   Code   RO         5808    i.rt_object_detach  object.o
    0x08014e3c   0x00000048   Code   RO         5812    i.rt_object_init    object.o
    0x08014e84   0x00000038   Code   RO         5813    i.rt_object_is_systemobject  object.o
    0x08014ebc   0x00000014   Code   RO         7642    i.rt_pin_mode       pin.o
    0x08014ed0   0x00000010   Code   RO         7643    i.rt_pin_read       pin.o
    0x08014ee0   0x00000014   Code   RO         7644    i.rt_pin_write      pin.o
    0x08014ef4   0x00000028   Code   RO          736    i.rt_platform_init  platform.o
    0x08014f1c   0x0000006c   Code   RO         5908    i.rt_schedule       scheduler.o
    0x08014f88   0x0000006c   Code   RO         5909    i.rt_schedule_insert_thread  scheduler.o
    0x08014ff4   0x00000070   Code   RO         5910    i.rt_schedule_remove_thread  scheduler.o
    0x08015064   0x00000078   Code   RO         5228    i.rt_sem_create     ipc.o
    0x080150dc   0x00000088   Code   RO         5229    i.rt_sem_delete     ipc.o
    0x08015164   0x00000038   Code   RO         5230    i.rt_sem_detach     ipc.o
    0x0801519c   0x00000048   Code   RO         5231    i.rt_sem_init       ipc.o
    0x080151e4   0x00000044   Code   RO         5232    i.rt_sem_release    ipc.o
    0x08015228   0x00000160   Code   RO         5233    i.rt_sem_take       ipc.o
    0x08015388   0x0000013c   Code   RO         7272    i.rt_serial_close   serial.o
    0x080154c4   0x00000060   Code   RO         7273    i.rt_serial_control  serial.o
    0x08015524   0x00000044   Code   RO         7274    i.rt_serial_init    serial.o
    0x08015568   0x000001a0   Code   RO         7275    i.rt_serial_open    serial.o
    0x08015708   0x0000009c   Code   RO         7276    i.rt_serial_read    serial.o
    0x080157a4   0x0000011c   Code   RO         7277    i.rt_serial_write   serial.o
    0x080158c0   0x00000020   Code   RO         5495    i.rt_set_errno      kservice.o
    0x080158e0   0x000000b0   Code   RO         5496    i.rt_show_version   kservice.o
    0x08015990   0x00000012   Code   RO         5497    i.rt_snprintf       kservice.o
    0x080159a2   0x0000003c   Code   RO         7146    i.rt_spi_bus_attach_device  spi_core.o
    0x080159de   0x00000002   PAD
    0x080159e0   0x00000058   Code   RO         7225    i.rt_spi_bus_device_init  spi_dev.o
    0x08015a38   0x00000024   Code   RO         7147    i.rt_spi_bus_register  spi_core.o
    0x08015a5c   0x00000070   Code   RO         7148    i.rt_spi_configure  spi_core.o
    0x08015acc   0x00000008   Code   RO         1717    i.rt_spi_send       spi_flash_w25qxx.o
    0x08015ad4   0x000000e4   Code   RO         7151    i.rt_spi_send_then_recv  spi_core.o
    0x08015bb8   0x000000e8   Code   RO         7152    i.rt_spi_send_then_send  spi_core.o
    0x08015ca0   0x000000d4   Code   RO         7155    i.rt_spi_transfer   spi_core.o
    0x08015d74   0x00000058   Code   RO         7226    i.rt_spidev_device_init  spi_dev.o
    0x08015dcc   0x00000012   Code   RO         5498    i.rt_sprintf        kservice.o
    0x08015dde   0x00000004   Code   RO          877    i.rt_stm32_eth_close  stm32_eth.o
    0x08015de2   0x00000002   PAD
    0x08015de4   0x00000020   Code   RO          878    i.rt_stm32_eth_control  stm32_eth.o
    0x08015e04   0x000000bc   Code   RO          879    i.rt_stm32_eth_init  stm32_eth.o
    0x08015ec0   0x00000004   Code   RO          880    i.rt_stm32_eth_open  stm32_eth.o
    0x08015ec4   0x0000000e   Code   RO          881    i.rt_stm32_eth_read  stm32_eth.o
    0x08015ed2   0x00000002   PAD
    0x08015ed4   0x00000090   Code   RO          882    i.rt_stm32_eth_rx   stm32_eth.o
    0x08015f64   0x000000a0   Code   RO          883    i.rt_stm32_eth_tx   stm32_eth.o
    0x08016004   0x0000000e   Code   RO          884    i.rt_stm32_eth_write  stm32_eth.o
    0x08016012   0x00000024   Code   RO         5501    i.rt_strdup         kservice.o
    0x08016036   0x00000010   Code   RO         5502    i.rt_strlen         kservice.o
    0x08016046   0x00000020   Code   RO         5503    i.rt_strncmp        kservice.o
    0x08016066   0x00000026   Code   RO         5504    i.rt_strncpy        kservice.o
    0x0801608c   0x00000104   Code   RO         5678    i.rt_system_heap_init  mem.o
    0x08016190   0x00000002   Code   RO         5817    i.rt_system_object_init  object.o
    0x08016192   0x00000002   PAD
    0x08016194   0x00000034   Code   RO         5912    i.rt_system_scheduler_init  scheduler.o
    0x080161c8   0x00000028   Code   RO         5913    i.rt_system_scheduler_start  scheduler.o
    0x080161f0   0x00000002   Code   RO         5033    i.rt_system_tick_init  clock.o
    0x080161f2   0x00000002   PAD
    0x080161f4   0x0000000c   Code   RO         6096    i.rt_system_timer_init  timer.o
    0x08016200   0x00000002   Code   RO         6097    i.rt_system_timer_thread_init  timer.o
    0x08016202   0x00000002   PAD
    0x08016204   0x0000008c   Code   RO         5981    i.rt_thread_control  thread.o
    0x08016290   0x00000048   Code   RO         5982    i.rt_thread_create  thread.o
    0x080162d8   0x00000004   Code   RO         5983    i.rt_thread_delay   thread.o
    0x080162dc   0x0000005c   Code   RO         5984    i.rt_thread_delete  thread.o
    0x08016338   0x00000058   Code   RO         5986    i.rt_thread_exit    thread.o
    0x08016390   0x00000050   Code   RO         5987    i.rt_thread_find    thread.o
    0x080163e0   0x00000014   Code   RO         5152    i.rt_thread_idle_entry  idle.o
    0x080163f4   0x000000b4   Code   RO         5153    i.rt_thread_idle_excute  idle.o
    0x080164a8   0x00000038   Code   RO         5154    i.rt_thread_idle_init  idle.o
    0x080164e0   0x00000080   Code   RO         5988    i.rt_thread_init    thread.o
    0x08016560   0x00000060   Code   RO         5989    i.rt_thread_resume  thread.o
    0x080165c0   0x0000000c   Code   RO         5990    i.rt_thread_self    thread.o
    0x080165cc   0x00000068   Code   RO         5991    i.rt_thread_sleep   thread.o
    0x08016634   0x00000084   Code   RO         5992    i.rt_thread_startup  thread.o
    0x080166b8   0x0000005c   Code   RO         5993    i.rt_thread_suspend  thread.o
    0x08016714   0x00000080   Code   RO         5994    i.rt_thread_timeout  thread.o
    0x08016794   0x0000005c   Code   RO         5995    i.rt_thread_yield   thread.o
    0x080167f0   0x0000000c   Code   RO         5035    i.rt_tick_get       clock.o
    0x080167fc   0x0000002c   Code   RO         5036    i.rt_tick_increase  clock.o
    0x08016828   0x00000074   Code   RO         6098    i.rt_timer_check    timer.o
    0x0801689c   0x00000060   Code   RO         6099    i.rt_timer_control  timer.o
    0x080168fc   0x0000002e   Code   RO         6100    i.rt_timer_create   timer.o
    0x0801692a   0x00000002   PAD
    0x0801692c   0x00000044   Code   RO         6102    i.rt_timer_detach   timer.o
    0x08016970   0x00000050   Code   RO         6103    i.rt_timer_init     timer.o
    0x080169c0   0x000000f8   Code   RO         6105    i.rt_timer_start    timer.o
    0x08016ab8   0x00000064   Code   RO         6106    i.rt_timer_stop     timer.o
    0x08016b1c   0x00000274   Code   RO         5506    i.rt_vsnprintf      kservice.o
    0x08016d90   0x0000000c   Code   RO         5507    i.rt_vsprintf       kservice.o
    0x08016d9c   0x00000006   Code   RO        11364    i.rtt_lwip_disconnect  mqttcc3200.o
    0x08016da2   0x0000005e   Code   RO        11365    i.rtt_lwip_read     mqttcc3200.o
    0x08016e00   0x00000034   Code   RO        11366    i.rtt_lwip_write    mqttcc3200.o
    0x08016e34   0x00000040   Code   RO          235    i.rtthread_startup  startup.o
    0x08016e74   0x0000002c   Code   RO          268    i.rx_callback       telnet.o
    0x08016ea0   0x00000054   Code   RO        11439    i.sendPacket        mqttclient.o
    0x08016ef4   0x000000ac   Code   RO         8974    i.sent_tcp          api_msg.o
    0x08016fa0   0x0000001a   Code   RO        11181    i.set_dns           ethernetif.o
    0x08016fba   0x00000002   PAD
    0x08016fbc   0x000000d8   Code   RO        11182    i.set_if            ethernetif.o
    0x08017094   0x00000044   Code   RO         8975    i.setup_tcp         api_msg.o
    0x080170d8   0x00000028   Code   RO         7709    i.shell_handle_history  shell.o
    0x08017100   0x00000086   Code   RO         7710    i.shell_push_history  shell.o
    0x08017186   0x00000002   PAD
    0x08017188   0x00000030   Code   RO         7816    i.show_wait_queue   cmd.o
    0x080171b8   0x00000028   Code   RO         5508    i.skip_atoi         kservice.o
    0x080171e0   0x000000d8   Code   RO         1532    i.stm32_configure   usart.o
    0x080172b8   0x0000007c   Code   RO         1533    i.stm32_control     usart.o
    0x08017334   0x0000003c   Code   RO         1534    i.stm32_getc        usart.o
    0x08017370   0x0000003c   Code   RO         1535    i.stm32_putc        usart.o
    0x080173ac   0x00000064   Code   RO         1687    i.stm32_spi_register  rt_stm32f10x_spi.o
    0x08017410   0x0000001a   Code   RO         7817    i.str_common        cmd.o
    0x0801742a   0x0000001a   Code   RO         7818    i.str_is_prefix     cmd.o
    0x08017444   0x000000b8   Code   RO         6939    i.sync              ff.o
    0x080174fc   0x00000054   Code   RO         9660    i.sys_arch_assert   sys_arch.o
    0x08017550   0x00000104   Code   RO         9661    i.sys_arch_mbox_fetch  sys_arch.o
    0x08017654   0x0000001c   Code   RO         9662    i.sys_arch_mbox_tryfetch  sys_arch.o
    0x08017670   0x00000098   Code   RO         9664    i.sys_arch_sem_wait  sys_arch.o
    0x08017708   0x00000002   Code   RO         9666    i.sys_init          sys_arch.o
    0x0801770a   0x00000002   PAD
    0x0801770c   0x00000060   Code   RO         9668    i.sys_mbox_free     sys_arch.o
    0x0801776c   0x0000009c   Code   RO         9669    i.sys_mbox_new      sys_arch.o
    0x08017808   0x00000068   Code   RO         9670    i.sys_mbox_post     sys_arch.o
    0x08017870   0x00000006   Code   RO         9671    i.sys_mbox_set_invalid  sys_arch.o
    0x08017876   0x00000012   Code   RO         9672    i.sys_mbox_trypost  sys_arch.o
    0x08017888   0x00000004   Code   RO         9673    i.sys_mbox_valid    sys_arch.o
    0x0801788c   0x0000000e   Code   RO         9680    i.sys_now           sys_arch.o
    0x0801789a   0x00000002   PAD
    0x0801789c   0x00000060   Code   RO         9681    i.sys_sem_free      sys_arch.o
    0x080178fc   0x00000098   Code   RO         9682    i.sys_sem_new       sys_arch.o
    0x08017994   0x00000006   Code   RO         9683    i.sys_sem_set_invalid  sys_arch.o
    0x0801799a   0x00000006   Code   RO         9684    i.sys_sem_signal    sys_arch.o
    0x080179a0   0x00000004   Code   RO         9685    i.sys_sem_valid     sys_arch.o
    0x080179a4   0x000000a0   Code   RO         9686    i.sys_thread_new    sys_arch.o
    0x08017a44   0x000000e8   Code   RO        10754    i.sys_timeout       timers.o
    0x08017b2c   0x00000028   Code   RO        10755    i.sys_timeouts_init  timers.o
    0x08017b54   0x00000060   Code   RO        10756    i.sys_timeouts_mbox_fetch  timers.o
    0x08017bb4   0x00000048   Code   RO        10757    i.sys_untimeout     timers.o
    0x08017bfc   0x0000010c   Code   RO        10376    i.tcp_abandon       tcp.o
    0x08017d08   0x00000006   Code   RO        10377    i.tcp_abort         tcp.o
    0x08017d0e   0x00000004   Code   RO        10378    i.tcp_accept        tcp.o
    0x08017d12   0x00000006   Code   RO        10379    i.tcp_accept_null   tcp.o
    0x08017d18   0x000000fc   Code   RO        10380    i.tcp_alloc         tcp.o
    0x08017e14   0x00000004   Code   RO        10381    i.tcp_arg           tcp.o
    0x08017e18   0x000000ec   Code   RO        10382    i.tcp_bind          tcp.o
    0x08017f04   0x00000014   Code   RO        10383    i.tcp_close         tcp.o
    0x08017f18   0x0000017c   Code   RO        10384    i.tcp_close_shutdown  tcp.o
    0x08018094   0x00000164   Code   RO        10385    i.tcp_connect       tcp.o
    0x080181f8   0x000000a0   Code   RO        10654    i.tcp_create_segment  tcp_out.o
    0x08018298   0x00000020   Code   RO        10387    i.tcp_eff_send_mss  tcp.o
    0x080182b8   0x00000208   Code   RO        10655    i.tcp_enqueue_flags  tcp_out.o
    0x080184c0   0x0000007c   Code   RO        10388    i.tcp_err           tcp.o
    0x0801853c   0x00000060   Code   RO        10389    i.tcp_fasttmr       tcp.o
    0x0801859c   0x00000002   Code   RO        10390    i.tcp_init          tcp.o
    0x0801859e   0x00000002   PAD
    0x080185a0   0x00000508   Code   RO        10598    i.tcp_input         tcp_in.o
    0x08018aa8   0x0000003c   Code   RO        10656    i.tcp_keepalive     tcp_out.o
    0x08018ae4   0x000000e4   Code   RO        10599    i.tcp_listen_input  tcp_in.o
    0x08018bc8   0x000000f0   Code   RO        10391    i.tcp_listen_with_backlog  tcp.o
    0x08018cb8   0x00000006   Code   RO        10392    i.tcp_new           tcp.o
    0x08018cbe   0x00000002   PAD
    0x08018cc0   0x0000005c   Code   RO        10393    i.tcp_new_port      tcp.o
    0x08018d1c   0x00000010   Code   RO        10394    i.tcp_next_iss      tcp.o
    0x08018d2c   0x00000078   Code   RO        10600    i.tcp_oos_insert_segment  tcp_in.o
    0x08018da4   0x0000022c   Code   RO        10657    i.tcp_output        tcp_out.o
    0x08018fd0   0x000000e8   Code   RO        10658    i.tcp_output_alloc_header  tcp_out.o
    0x080190b8   0x000000b0   Code   RO        10659    i.tcp_output_segment  tcp_out.o
    0x08019168   0x00000080   Code   RO        10601    i.tcp_parseopt      tcp_in.o
    0x080191e8   0x000000b0   Code   RO        10660    i.tcp_pbuf_prealloc  tcp_out.o
    0x08019298   0x00000042   Code   RO        10395    i.tcp_pcb_purge     tcp.o
    0x080192da   0x00000002   PAD
    0x080192dc   0x00000114   Code   RO        10396    i.tcp_pcb_remove    tcp.o
    0x080193f0   0x00000078   Code   RO        10397    i.tcp_poll          tcp.o
    0x08019468   0x000003fc   Code   RO        10602    i.tcp_process       tcp_in.o
    0x08019864   0x00000068   Code   RO        10398    i.tcp_process_refused_data  tcp.o
    0x080198cc   0x00000a36   Code   RO        10603    i.tcp_receive       tcp_in.o
    0x0801a302   0x00000002   PAD
    0x0801a304   0x0000007c   Code   RO        10399    i.tcp_recv          tcp.o
    0x0801a380   0x00000024   Code   RO        10400    i.tcp_recv_null     tcp.o
    0x0801a3a4   0x000000e8   Code   RO        10401    i.tcp_recved        tcp.o
    0x0801a48c   0x00000052   Code   RO        10661    i.tcp_rexmit        tcp_out.o
    0x0801a4de   0x00000058   Code   RO        10662    i.tcp_rexmit_fast   tcp_out.o
    0x0801a536   0x0000002e   Code   RO        10663    i.tcp_rexmit_rto    tcp_out.o
    0x0801a564   0x000000f0   Code   RO        10664    i.tcp_rst           tcp_out.o
    0x0801a654   0x00000030   Code   RO        10402    i.tcp_seg_copy      tcp.o
    0x0801a684   0x0000001a   Code   RO        10403    i.tcp_seg_free      tcp.o
    0x0801a69e   0x00000012   Code   RO        10404    i.tcp_segs_free     tcp.o
    0x0801a6b0   0x00000048   Code   RO        10665    i.tcp_send_empty_ack  tcp_out.o
    0x0801a6f8   0x00000044   Code   RO        10666    i.tcp_send_fin      tcp_out.o
    0x0801a73c   0x00000078   Code   RO        10405    i.tcp_sent          tcp.o
    0x0801a7b4   0x0000004e   Code   RO        10407    i.tcp_shutdown      tcp.o
    0x0801a802   0x00000002   PAD
    0x0801a804   0x000004b8   Code   RO        10408    i.tcp_slowtmr       tcp.o
    0x0801acbc   0x00000034   Code   RO        10758    i.tcp_timer_needed  timers.o
    0x0801acf0   0x0000006c   Code   RO        10604    i.tcp_timewait_input  tcp_in.o
    0x0801ad5c   0x00000020   Code   RO        10409    i.tcp_tmr           tcp.o
    0x0801ad7c   0x0000009c   Code   RO        10410    i.tcp_update_rcv_ann_wnd  tcp.o
    0x0801ae18   0x00000558   Code   RO        10667    i.tcp_write         tcp_out.o
    0x0801b370   0x00000118   Code   RO        10668    i.tcp_write_checks  tcp_out.o
    0x0801b488   0x0000008a   Code   RO        10669    i.tcp_zero_window_probe  tcp_out.o
    0x0801b512   0x00000002   PAD
    0x0801b514   0x000000fc   Code   RO          417    i.tcpclient         tcpclient.o
    0x0801b610   0x0000003c   Code   RO         9534    i.tcpip_apimsg      tcpip.o
    0x0801b64c   0x00000060   Code   RO         9535    i.tcpip_callback_with_block  tcpip.o
    0x0801b6ac   0x000000a4   Code   RO         9538    i.tcpip_init        tcpip.o
    0x0801b750   0x000000dc   Code   RO         9687    i.tcpip_init_done_callback  sys_arch.o
    0x0801b82c   0x00000050   Code   RO         9539    i.tcpip_input       tcpip.o
    0x0801b87c   0x0000004c   Code   RO         9540    i.tcpip_netifapi    tcpip.o
    0x0801b8c8   0x00000038   Code   RO        10759    i.tcpip_tcp_timer   timers.o
    0x0801b900   0x000000dc   Code   RO         9541    i.tcpip_thread      tcpip.o
    0x0801b9dc   0x00000210   Code   RO          393    i.tcpserv           tcpserver.o
    0x0801bbec   0x00000004   Code   RO          269    i.telnet_close      telnet.o
    0x0801bbf0   0x00000004   Code   RO          270    i.telnet_control    telnet.o
    0x0801bbf4   0x00000004   Code   RO          271    i.telnet_init       telnet.o
    0x0801bbf8   0x00000004   Code   RO          272    i.telnet_open       telnet.o
    0x0801bbfc   0x00000050   Code   RO          273    i.telnet_process_close  telnet.o
    0x0801bc4c   0x000000e8   Code   RO          274    i.telnet_process_rx  telnet.o
    0x0801bd34   0x00000052   Code   RO          275    i.telnet_process_tx  telnet.o
    0x0801bd86   0x00000002   PAD
    0x0801bd88   0x00000030   Code   RO          276    i.telnet_read       telnet.o
    0x0801bdb8   0x0000003e   Code   RO          277    i.telnet_send_option  telnet.o
    0x0801bdf6   0x00000002   PAD
    0x0801bdf8   0x000000c8   Code   RO          278    i.telnet_srv        telnet.o
    0x0801bec0   0x0000018c   Code   RO          279    i.telnet_thread     telnet.o
    0x0801c04c   0x0000005c   Code   RO          280    i.telnet_write      telnet.o
    0x0801c0a8   0x00000066   Code   RO         8701    i.token_get_string  finsh_token.o
    0x0801c10e   0x00000038   Code   RO         8702    i.token_next_char   finsh_token.o
    0x0801c146   0x00000012   Code   RO         8703    i.token_prev_char   finsh_token.o
    0x0801c158   0x0000008e   Code   RO         8704    i.token_proc_char   finsh_token.o
    0x0801c1e6   0x00000002   PAD
    0x0801c1e8   0x000000aa   Code   RO         8705    i.token_proc_escape  finsh_token.o
    0x0801c292   0x00000002   PAD
    0x0801c294   0x000000f6   Code   RO         8706    i.token_proc_number  finsh_token.o
    0x0801c38a   0x00000002   PAD
    0x0801c38c   0x000001b8   Code   RO         8707    i.token_run         finsh_token.o
    0x0801c544   0x00000074   Code   RO         8708    i.token_spec_number  finsh_token.o
    0x0801c5b8   0x000000fc   Code   RO        10817    i.udp_bind          udp.o
    0x0801c6b4   0x0000004c   Code   RO        10818    i.udp_connect       udp.o
    0x0801c700   0x00000002   Code   RO        10820    i.udp_init          udp.o
    0x0801c702   0x00000002   PAD
    0x0801c704   0x000001cc   Code   RO        10821    i.udp_input         udp.o
    0x0801c8d0   0x00000020   Code   RO        10822    i.udp_new           udp.o
    0x0801c8f0   0x00000006   Code   RO        10823    i.udp_recv          udp.o
    0x0801c8f6   0x00000002   PAD
    0x0801c8f8   0x00000028   Code   RO        10824    i.udp_remove        udp.o
    0x0801c920   0x00000008   Code   RO        10825    i.udp_send          udp.o
    0x0801c928   0x00000028   Code   RO        10826    i.udp_sendto        udp.o
    0x0801c950   0x0000012c   Code   RO        10827    i.udp_sendto_if     udp.o
    0x0801ca7c   0x00000090   Code   RO          441    i.udpclient         udpclient.o
    0x0801cb0c   0x00000144   Code   RO          459    i.udpserv           udpserver.o
    0x0801cc50   0x00000018   Code   RO         6940    i.unlock_fs         ff.o
    0x0801cc68   0x000000d0   Code   RO         6200    i.usage_fault_track  cpuport.o
    0x0801cd38   0x0000002e   Code   RO         6941    i.validate          ff.o
    0x0801cd66   0x0000000a   Code   RO         7819    i.version           cmd.o
    0x0801cd70   0x00000004   Code   RO         1718    i.w25qxx_flash_close  spi_flash_w25qxx.o
    0x0801cd74   0x00000048   Code   RO         1719    i.w25qxx_flash_control  spi_flash_w25qxx.o
    0x0801cdbc   0x00000004   Code   RO         1720    i.w25qxx_flash_init  spi_flash_w25qxx.o
    0x0801cdc0   0x00000048   Code   RO         1721    i.w25qxx_flash_open  spi_flash_w25qxx.o
    0x0801ce08   0x00000064   Code   RO         1722    i.w25qxx_flash_read  spi_flash_w25qxx.o
    0x0801ce6c   0x00000044   Code   RO         1723    i.w25qxx_flash_write  spi_flash_w25qxx.o
    0x0801ceb0   0x000002e8   Code   RO         1724    i.w25qxx_init       spi_flash_w25qxx.o
    0x0801d198   0x000000d8   Code   RO         1725    i.w25qxx_page_write  spi_flash_w25qxx.o
    0x0801d270   0x00000028   Code   RO         1726    i.w25qxx_wait_busy  spi_flash_w25qxx.o
    0x0801d298   0x0000002a   Code   RO        11440    i.waitfor           mqttclient.o
    0x0801d2c2   0x00000002   PAD
    0x0801d2c4   0x00000034   Code   RO          478    i.websrv            websrv.o
    0x0801d2f8   0x00000028   Code   RO        11634    i.writeCString      mqttpacket.o
    0x0801d320   0x0000000c   Code   RO        11635    i.writeChar         mqttpacket.o
    0x0801d32c   0x0000001e   Code   RO        11636    i.writeInt          mqttpacket.o
    0x0801d34a   0x00000036   Code   RO        11637    i.writeMQTTString   mqttpacket.o
    0x0801d380   0x000000ce   Code   RO         1688    i.xfer              rt_stm32f10x_spi.o
    0x0801d44e   0x00000002   PAD
    0x0801d450   0x0000002c   Code   RO        11939    locale$$code        c_w.l(lc_ctype_c.o)
    0x0801d47c   0x00000008   Data   RO          281    .constdata          telnet.o
    0x0801d484   0x00000023   Data   RO          394    .constdata          tcpserver.o
    0x0801d4a7   0x00000024   Data   RO          442    .constdata          udpclient.o
    0x0801d4cb   0x00000093   Data   RO          479    .constdata          websrv.o
    0x0801d55e   0x00000002   PAD
    0x0801d560   0x00000058   Data   RO          514    .constdata          mqtt_client.o
    0x0801d5b8   0x00000050   Data   RO         1537    .constdata          usart.o
    0x0801d608   0x00000027   Data   RO         1728    .constdata          spi_flash_w25qxx.o
    0x0801d62f   0x000000a8   Data   RO         5083    .constdata          device.o
    0x0801d6d7   0x00000016   Data   RO         5157    .constdata          idle.o
    0x0801d6ed   0x000001d7   Data   RO         5235    .constdata          ipc.o
    0x0801d8c4   0x00000122   Data   RO         5510    .constdata          kservice.o
    0x0801d9e6   0x00000046   Data   RO         5680    .constdata          mem.o
    0x0801da2c   0x0000005e   Data   RO         5818    .constdata          object.o
    0x0801da8a   0x0000004e   Data   RO         5915    .constdata          scheduler.o
    0x0801dad8   0x000000aa   Data   RO         5996    .constdata          thread.o
    0x0801db82   0x0000005c   Data   RO         6108    .constdata          timer.o
    0x0801dbde   0x00000023   Data   RO         6298    .constdata          dfs.o
    0x0801dc01   0x00000033   Data   RO         6378    .constdata          dfs_fs.o
    0x0801dc34   0x000000b9   Data   RO         6736    .constdata          dfs_elm.o
    0x0801dced   0x00000001   PAD
    0x0801dcee   0x0000002c   Data   RO         6942    .constdata          ff.o
    0x0801dd1a   0x000000a3   Data   RO         7157    .constdata          spi_core.o
    0x0801ddbd   0x00000081   Data   RO         7227    .constdata          spi_dev.o
    0x0801de3e   0x000000d3   Data   RO         7278    .constdata          serial.o
    0x0801df11   0x00000039   Data   RO         7330    .constdata          completion.o
    0x0801df4a   0x0000004b   Data   RO         7358    .constdata          dataqueue.o
    0x0801df95   0x00000060   Data   RO         7712    .constdata          shell.o
    0x0801dff5   0x00000003   PAD
    0x0801dff8   0x00000050   Data   RO         7820    .constdata          cmd.o
    0x0801e048   0x000000c4   Data   RO         8253    .constdata          finsh_ops.o
    0x0801e10c   0x00000040   Data   RO         8709    .constdata          finsh_token.o
    0x0801e14c   0x00000040   Data   RO         9359    .constdata          sockets.o
    0x0801e18c   0x000000b3   Data   RO         9688    .constdata          sys_arch.o
    0x0801e23f   0x00000001   PAD
    0x0801e240   0x0000001c   Data   RO        10033    .constdata          memp.o
    0x0801e25c   0x00000054   Data   RO        10411    .constdata          tcp.o
    0x0801e2b0   0x00000004   Data   RO        11020    .constdata          ip_addr.o
    0x0801e2b4   0x0000000c   Data   RO        11089    .constdata          etharp.o
    0x0801e2c0   0x00000057   Data   RO        11184    .constdata          ethernetif.o
    0x0801e317   0x00000001   PAD
    0x0801e318   0x00000058   Data   RO        11299    .constdata          mqtt.o
    0x0801e370   0x00000020   Data   RO        11367    .constdata          mqttcc3200.o
    0x0801e390   0x00000058   Data   RO        11441    .constdata          mqttclient.o
    0x0801e3e8   0x0000000c   Data   RO        11904    .constdata          c_w.l(_monlen.o)
    0x0801e3f4   0x000000ed   Data   RO         5681    .conststring        mem.o
    0x0801e4e1   0x00000003   PAD
    0x0801e4e4   0x00000048   Data   RO         6737    .conststring        dfs_elm.o
    0x0801e52c   0x000001ad   Data   RO         7821    .conststring        cmd.o
    0x0801e6d9   0x00000003   PAD
    0x0801e6dc   0x000000f3   Data   RO         8039    .conststring        finsh_error.o
    0x0801e7cf   0x00000001   PAD
    0x0801e7d0   0x0000003e   Data   RO         8710    .conststring        finsh_token.o
    0x0801e80e   0x00000002   PAD
    0x0801e810   0x00000075   Data   RO        10412    .conststring        tcp.o
    0x0801e885   0x00000003   PAD
    0x0801e888   0x00000055   Data   RO        10670    .conststring        tcp_out.o
    0x0801e8dd   0x00000003   PAD
    0x0801e8e0   0x00000044   Data   RO        11090    .conststring        etharp.o
    0x0801e924   0x00000022   Data   RO        11300    .conststring        mqtt.o
    0x0801e946   0x0000000b   Data   RO          283    .rodata.name        telnet.o
    0x0801e951   0x00000016   Data   RO          284    .rodata.name        telnet.o
    0x0801e967   0x00000008   Data   RO          395    .rodata.name        tcpserver.o
    0x0801e96f   0x00000013   Data   RO          396    .rodata.name        tcpserver.o
    0x0801e982   0x0000000a   Data   RO          418    .rodata.name        tcpclient.o
    0x0801e98c   0x00000013   Data   RO          419    .rodata.name        tcpclient.o
    0x0801e99f   0x0000000a   Data   RO          443    .rodata.name        udpclient.o
    0x0801e9a9   0x00000013   Data   RO          444    .rodata.name        udpclient.o
    0x0801e9bc   0x00000008   Data   RO          460    .rodata.name        udpserver.o
    0x0801e9c4   0x00000013   Data   RO          461    .rodata.name        udpserver.o
    0x0801e9d7   0x00000007   Data   RO          480    .rodata.name        websrv.o
    0x0801e9de   0x0000001c   Data   RO          481    .rodata.name        websrv.o
    0x0801e9fa   0x0000000c   Data   RO          516    .rodata.name        mqtt_client.o
    0x0801ea06   0x0000003d   Data   RO          517    .rodata.name        mqtt_client.o
    0x0801ea43   0x0000000b   Data   RO          887    .rodata.name        stm32_eth.o
    0x0801ea4e   0x00000014   Data   RO          888    .rodata.name        stm32_eth.o
    0x0801ea62   0x00000009   Data   RO          889    .rodata.name        stm32_eth.o
    0x0801ea6b   0x00000012   Data   RO          890    .rodata.name        stm32_eth.o
    0x0801ea7d   0x0000000a   Data   RO          891    .rodata.name        stm32_eth.o
    0x0801ea87   0x00000013   Data   RO          892    .rodata.name        stm32_eth.o
    0x0801ea9a   0x0000000a   Data   RO          893    .rodata.name        stm32_eth.o
    0x0801eaa4   0x00000013   Data   RO          894    .rodata.name        stm32_eth.o
    0x0801eab7   0x00000009   Data   RO         5683    .rodata.name        mem.o
    0x0801eac0   0x0000001e   Data   RO         5684    .rodata.name        mem.o
    0x0801eade   0x00000005   Data   RO         6379    .rodata.name        dfs_fs.o
    0x0801eae3   0x00000013   Data   RO         6380    .rodata.name        dfs_fs.o
    0x0801eaf6   0x00000003   Data   RO         6381    .rodata.name        dfs_fs.o
    0x0801eaf9   0x0000000e   Data   RO         6382    .rodata.name        dfs_fs.o
    0x0801eb07   0x00000003   Data   RO         6462    .rodata.name        dfs_file.o
    0x0801eb0a   0x00000018   Data   RO         6463    .rodata.name        dfs_file.o
    0x0801eb22   0x00000003   Data   RO         6464    .rodata.name        dfs_file.o
    0x0801eb25   0x0000001c   Data   RO         6465    .rodata.name        dfs_file.o
    0x0801eb41   0x00000004   Data   RO         6466    .rodata.name        dfs_file.o
    0x0801eb45   0x0000000b   Data   RO         6467    .rodata.name        dfs_file.o
    0x0801eb50   0x00000005   Data   RO         6468    .rodata.name        dfs_file.o
    0x0801eb55   0x00000011   Data   RO         6469    .rodata.name        dfs_file.o
    0x0801eb66   0x00000006   Data   RO         6589    .rodata.name        dfs_posix.o
    0x0801eb6c   0x00000013   Data   RO         6590    .rodata.name        dfs_posix.o
    0x0801eb7f   0x00000008   Data   RO         7647    .rodata.name        pin.o
    0x0801eb87   0x00000016   Data   RO         7648    .rodata.name        pin.o
    0x0801eb9d   0x00000009   Data   RO         7649    .rodata.name        pin.o
    0x0801eba6   0x0000001c   Data   RO         7650    .rodata.name        pin.o
    0x0801ebc2   0x00000008   Data   RO         7651    .rodata.name        pin.o
    0x0801ebca   0x0000001e   Data   RO         7652    .rodata.name        pin.o
    0x0801ebe8   0x00000006   Data   RO         7823    .rodata.name        cmd.o
    0x0801ebee   0x00000010   Data   RO         7824    .rodata.name        cmd.o
    0x0801ebfe   0x00000008   Data   RO         7825    .rodata.name        cmd.o
    0x0801ec06   0x00000023   Data   RO         7826    .rodata.name        cmd.o
    0x0801ec29   0x0000000c   Data   RO         7827    .rodata.name        cmd.o
    0x0801ec35   0x0000000c   Data   RO         7828    .rodata.name        cmd.o
    0x0801ec41   0x00000009   Data   RO         7829    .rodata.name        cmd.o
    0x0801ec4a   0x00000019   Data   RO         7830    .rodata.name        cmd.o
    0x0801ec63   0x0000000b   Data   RO         7831    .rodata.name        cmd.o
    0x0801ec6e   0x00000015   Data   RO         7832    .rodata.name        cmd.o
    0x0801ec83   0x0000000b   Data   RO         7833    .rodata.name        cmd.o
    0x0801ec8e   0x00000015   Data   RO         7834    .rodata.name        cmd.o
    0x0801eca3   0x0000000d   Data   RO         7835    .rodata.name        cmd.o
    0x0801ecb0   0x00000018   Data   RO         7836    .rodata.name        cmd.o
    0x0801ecc8   0x0000000e   Data   RO         7837    .rodata.name        cmd.o
    0x0801ecd6   0x0000001d   Data   RO         7838    .rodata.name        cmd.o
    0x0801ecf3   0x0000000d   Data   RO         7839    .rodata.name        cmd.o
    0x0801ed00   0x0000001b   Data   RO         7840    .rodata.name        cmd.o
    0x0801ed1b   0x0000000b   Data   RO         7841    .rodata.name        cmd.o
    0x0801ed26   0x00000015   Data   RO         7842    .rodata.name        cmd.o
    0x0801ed3b   0x0000000c   Data   RO         7843    .rodata.name        cmd.o
    0x0801ed47   0x00000016   Data   RO         7844    .rodata.name        cmd.o
    0x0801ed5d   0x00000005   Data   RO         7845    .rodata.name        cmd.o
    0x0801ed62   0x0000001a   Data   RO         7846    .rodata.name        cmd.o
    0x0801ed7c   0x00000006   Data   RO         7847    .rodata.name        cmd.o
    0x0801ed82   0x00000019   Data   RO         7848    .rodata.name        cmd.o
    0x0801ed9b   0x00000007   Data   RO        11185    .rodata.name        ethernetif.o
    0x0801eda2   0x0000001e   Data   RO        11186    .rodata.name        ethernetif.o
    0x0801edc0   0x00000008   Data   RO        11187    .rodata.name        ethernetif.o
    0x0801edc8   0x00000017   Data   RO        11188    .rodata.name        ethernetif.o
    0x0801eddf   0x00000008   Data   RO        11189    .rodata.name        ethernetif.o
    0x0801ede7   0x00000023   Data   RO        11190    .rodata.name        ethernetif.o
    0x0801ee0a   0x0000000a   Data   RO        11191    .rodata.name        ethernetif.o
    0x0801ee14   0x0000001c   Data   RO        11192    .rodata.name        ethernetif.o
    0x0801ee30   0x00000005   Data   RO        11302    .rodata.name        mqtt.o
    0x0801ee35   0x0000003d   Data   RO        11303    .rodata.name        mqtt.o
    0x0801ee72   0x00000002   PAD
    0x0801ee74   0x0000000c   Data   RO          285    FSymTab             telnet.o
    0x0801ee80   0x0000000c   Data   RO          397    FSymTab             tcpserver.o
    0x0801ee8c   0x0000000c   Data   RO          420    FSymTab             tcpclient.o
    0x0801ee98   0x0000000c   Data   RO          445    FSymTab             udpclient.o
    0x0801eea4   0x0000000c   Data   RO          462    FSymTab             udpserver.o
    0x0801eeb0   0x0000000c   Data   RO          482    FSymTab             websrv.o
    0x0801eebc   0x0000000c   Data   RO          518    FSymTab             mqtt_client.o
    0x0801eec8   0x0000000c   Data   RO          895    FSymTab             stm32_eth.o
    0x0801eed4   0x0000000c   Data   RO          896    FSymTab             stm32_eth.o
    0x0801eee0   0x0000000c   Data   RO          897    FSymTab             stm32_eth.o
    0x0801eeec   0x0000000c   Data   RO          898    FSymTab             stm32_eth.o
    0x0801eef8   0x0000000c   Data   RO         5685    FSymTab             mem.o
    0x0801ef04   0x0000000c   Data   RO         6383    FSymTab             dfs_fs.o
    0x0801ef10   0x0000000c   Data   RO         6384    FSymTab             dfs_fs.o
    0x0801ef1c   0x0000000c   Data   RO         6470    FSymTab             dfs_file.o
    0x0801ef28   0x0000000c   Data   RO         6471    FSymTab             dfs_file.o
    0x0801ef34   0x0000000c   Data   RO         6472    FSymTab             dfs_file.o
    0x0801ef40   0x0000000c   Data   RO         6473    FSymTab             dfs_file.o
    0x0801ef4c   0x0000000c   Data   RO         6591    FSymTab             dfs_posix.o
    0x0801ef58   0x0000000c   Data   RO         7653    FSymTab             pin.o
    0x0801ef64   0x0000000c   Data   RO         7654    FSymTab             pin.o
    0x0801ef70   0x0000000c   Data   RO         7655    FSymTab             pin.o
    0x0801ef7c   0x0000000c   Data   RO         7849    FSymTab             cmd.o
    0x0801ef88   0x0000000c   Data   RO         7850    FSymTab             cmd.o
    0x0801ef94   0x0000000c   Data   RO         7851    FSymTab             cmd.o
    0x0801efa0   0x0000000c   Data   RO         7852    FSymTab             cmd.o
    0x0801efac   0x0000000c   Data   RO         7853    FSymTab             cmd.o
    0x0801efb8   0x0000000c   Data   RO         7854    FSymTab             cmd.o
    0x0801efc4   0x0000000c   Data   RO         7855    FSymTab             cmd.o
    0x0801efd0   0x0000000c   Data   RO         7856    FSymTab             cmd.o
    0x0801efdc   0x0000000c   Data   RO         7857    FSymTab             cmd.o
    0x0801efe8   0x0000000c   Data   RO         7858    FSymTab             cmd.o
    0x0801eff4   0x0000000c   Data   RO         7859    FSymTab             cmd.o
    0x0801f000   0x0000000c   Data   RO         7860    FSymTab             cmd.o
    0x0801f00c   0x0000000c   Data   RO        11193    FSymTab             ethernetif.o
    0x0801f018   0x0000000c   Data   RO        11194    FSymTab             ethernetif.o
    0x0801f024   0x0000000c   Data   RO        11195    FSymTab             ethernetif.o
    0x0801f030   0x0000000c   Data   RO        11196    FSymTab             ethernetif.o
    0x0801f03c   0x0000000c   Data   RO        11304    FSymTab             mqtt.o
    0x0801f048   0x00000020   Data   RO        12072    Region$$Table       anon$$obj.o
    0x0801f068   0x00000010   Data   RO         7861    VSymTab             cmd.o
    0x0801f078   0x00000110   Data   RO        11938    locale$$data        c_w.l(lc_ctype_c.o)


    Execution Region RW_IRAM1 (Base: 0x20000000, Size: 0x00004f50, Max: 0x00010000, ABSOLUTE, COMPRESSED[0x000000c8])

    Base Addr    Size         Type   Attr      Idx    E Section Name        Object

    0x20000000   0x00000004   Data   RW          282    .data               telnet.o
    0x20000004   0x00000018   Data   RW          515    .data               mqtt_client.o
    0x2000001c   0x00000008   Data   RW          738    .data               platform.o
    0x20000024   0x00000010   Data   RW          886    .data               stm32_eth.o
    0x20000034   0x00000008   Data   RW         1538    .data               usart.o
    0x2000003c   0x00000004   Data   RW         1645    .data               key.o
    0x20000040   0x00000008   Data   RW         1689    .data               rt_stm32f10x_spi.o
    0x20000048   0x00000014   Data   RW         1793    .data               system_stm32f10x.o
    0x2000005c   0x00000014   Data   RW         1918    .data               stm32f10x_rcc.o
    0x20000070   0x00000004   Data   RW         5038    .data               clock.o
    0x20000074   0x00000004   Data   RW         5158    .data               idle.o
    0x20000078   0x00000001   Data   RW         5455    .data               irq.o
    0x20000079   0x00000003   PAD
    0x2000007c   0x0000000c   Data   RW         5511    .data               kservice.o
    0x20000088   0x00000020   Data   RW         5682    .data               mem.o
    0x200000a8   0x000000a4   Data   RW         5819    .data               object.o
    0x2000014c   0x00000018   Data   RW         5916    .data               scheduler.o
    0x20000164   0x00000010   Data   RW         6109    .data               timer.o
    0x20000174   0x00000004   Data   RW         6202    .data               cpuport.o
    0x20000178   0x00000004   Data   RW         6203    .data               cpuport.o
    0x2000017c   0x00000004   Data   RW         6204    .data               cpuport.o
    0x20000180   0x00000004   Data   RW         6205    .data               cpuport.o
    0x20000184   0x00000008   Data   RW         6738    .data               dfs_elm.o
    0x2000018c   0x0000000c   Data   RW         6943    .data               ff.o
    0x20000198   0x00000004   Data   RW         7713    .data               shell.o
    0x2000019c   0x00000004   Data   RW         7778    .data               symbol.o
    0x200001a0   0x00000004   Data   RW         7779    .data               symbol.o
    0x200001a4   0x00000004   Data   RW         7780    .data               symbol.o
    0x200001a8   0x00000004   Data   RW         7781    .data               symbol.o
    0x200001ac   0x00000004   Data   RW         7822    .data               cmd.o
    0x200001b0   0x00000008   Data   RW         7991    .data               finsh_compiler.o
    0x200001b8   0x00000040   Data   RW         8040    .data               finsh_error.o
    0x200001f8   0x00000008   Data   RW         8076    .data               finsh_heap.o
    0x20000200   0x00000004   Data   RW         8613    .data               finsh_var.o
    0x20000204   0x0000000c   Data   RW         8663    .data               finsh_vm.o
    0x20000210   0x00000014   Data   RW         9219    .data               netdb.o
    0x20000224   0x00000008   Data   RW         9360    .data               sockets.o
    0x2000022c   0x0000000c   Data   RW         9545    .data               tcpip.o
    0x20000238   0x00000006   Data   RW         9689    .data               sys_arch.o
    0x2000023e   0x00000002   PAD
    0x20000240   0x00000014   Data   RW         9924    .data               dns.o
    0x20000254   0x0000000c   Data   RW        10079    .data               netif.o
    0x20000260   0x00000001   Data   RW        10189    .data               pbuf.o
    0x20000261   0x00000003   PAD
    0x20000264   0x00000004   Data   RW        10310    .data               raw.o
    0x20000268   0x00000024   Data   RW        10413    .data               tcp.o
    0x2000028c   0x0000001c   Data   RW        10606    .data               tcp_in.o
    0x200002a8   0x00000008   Data   RW        10760    .data               timers.o
    0x200002b0   0x00000008   Data   RW        10828    .data               udp.o
    0x200002b8   0x00000014   Data   RW        10975    .data               ip.o
    0x200002cc   0x00000001   Data   RW        11091    .data               etharp.o
    0x200002cd   0x00000003   PAD
    0x200002d0   0x00000024   Data   RW        11301    .data               mqtt.o
    0x200002f4   0x00000004   Data   RW        11638    .data               mqttpacket.o
    0x200002f8   0x000000bc   Zero   RW          737    .bss                platform.o
    0x200003b4   0x00002554   Zero   RW          885    .bss                stm32_eth.o
    0x20002908   0x00000054   Zero   RW         1536    .bss                usart.o
    0x2000295c   0x00000074   Zero   RW         1727    .bss                spi_flash_w25qxx.o
    0x200029d0   0x00000180   Zero   RW         5156    .bss                idle.o
    0x20002b50   0x00000080   Zero   RW         5509    .bss                kservice.o
    0x20002bd0   0x00000020   Zero   RW         5679    .bss                mem.o
    0x20002bf0   0x00000100   Zero   RW         5914    .bss                scheduler.o
    0x20002cf0   0x000000d4   Zero   RW         6297    .bss                dfs.o
    0x20002dc4   0x00000124   Zero   RW         6461    .bss                dfs_file.o
    0x20002ee8   0x00000044   Zero   RW         7645    .bss                pin.o
    0x20002f2c   0x00000004   PAD
    0x20002f30   0x00000880   Zero   RW         7711    .bss                shell.o
    0x200037b0   0x00000080   Zero   RW         8075    .bss                finsh_heap.o
    0x20003830   0x00000140   Zero   RW         8156    .bss                finsh_node.o
    0x20003970   0x000000c0   Zero   RW         8612    .bss                finsh_var.o
    0x20003a30   0x00000180   Zero   RW         8662    .bss                finsh_vm.o
    0x20003bb0   0x00000014   Zero   RW         9218    .bss                netdb.o
    0x20003bc4   0x00000060   Zero   RW         9358    .bss                sockets.o
    0x20003c24   0x00000663   Zero   RW         9923    .bss                dns.o
    0x20004287   0x00000001   PAD
    0x20004288   0x00000010   Zero   RW        10605    .bss                tcp_in.o
    0x20004298   0x00000010   Zero   RW        11019    .bss                ip_addr.o
    0x200042a8   0x000000c8   Zero   RW        11088    .bss                etharp.o
    0x20004370   0x00000580   Zero   RW        11183    .bss                ethernetif.o
    0x200048f0   0x00000060   Zero   RW        11906    .bss                c_w.l(libspace.o)
    0x20004950   0x00000200   Zero   RW         5027    HEAP                startup_stm32f10x_cl.o
    0x20004b50   0x00000400   Zero   RW         5026    STACK               startup_stm32f10x_cl.o


==============================================================================

Image component sizes


      Code (inc. data)   RO Data    RW Data    ZI Data      Debug   Object Name

      3254       1588          0          0          0      30381   api_lib.o
      6328       2352          0          0          0      31385   api_msg.o
       228        122          0          0          0     326119   application.o
       104         16          0          0          0      23925   board.o
        58         12          0          4          0       1599   clock.o
      2880       1368       1104          4          0      17843   cmd.o
       472        176         57          0          0       2767   completion.o
       236         24          0          0          0        776   context_rvds.o
      1340        718          0         16          0       5238   cpuport.o
       994        216         75          0          0       6631   dataqueue.o
        16          0          0          0          0       2540   def.o
       884        286        168          0          0       7254   device.o
       848        142         35          0        212      11182   dfs.o
      2468        386        257          8          0      26203   dfs_elm.o
      1896        398        143          0        292      11156   dfs_file.o
       850        168        116          0          0       6878   dfs_fs.o
        88          6         37          0          0       3163   dfs_posix.o
      1656        338          0         20       1635      10476   dns.o
      3220       1108         80          1        200      13097   etharp.o
      2176        774        284          0       1408      25573   ethernetif.o
      7902        114         44         12          0      33904   ff.o
      2020        104          0          8          0       9958   finsh_compiler.o
        48         18        243         64          0       2687   finsh_error.o
       444         26          0          8        128       4895   finsh_heap.o
        56          6          0          0          0       2048   finsh_init.o
       336         10          0          0        320       5646   finsh_node.o
      1742        300        196          0          0      25606   finsh_ops.o
      1864         26          0          0          0      14887   finsh_parser.o
      1332         16        126          0          0       8314   finsh_token.o
       256         28          0          4        192       7834   finsh_var.o
       140         26          0         12        384       7167   finsh_vm.o
       876        404          0          0          0       2925   icmp.o
       276         74         22          4        384       3562   idle.o
       172          0          0          0          0       2641   inet_chksum.o
        34          0          0          0          0      15340   init.o
       836        202          0         20          0       6925   ip.o
       534         80          4          0         16      10380   ip_addr.o
      4732       1386        471          0          0      28217   ipc.o
        68         18          0          1          0       2010   irq.o
       122          4          0          4          0       2171   key.o
      1870        250        290         12        128      15584   kservice.o
      1448        590        358         32         32       6000   mem.o
         0          0         28          0          0       1277   memp.o
       308        114          0          0          0       1682   misc.o
       416        156        200         36          0       6405   mqtt.o
      1604        562        173         24          0      10550   mqtt_client.o
       466         18         32          0          0       5828   mqttcc3200.o
      1310         28         88          0          0       9307   mqttclient.o
       544         18          0          0          0       3857   mqttconnectclient.o
       210          0          0          0          0       2056   mqttdeserializepublish.o
       540         22          0          4          0       9090   mqttpacket.o
        66          0          0          0          0        748   mqttserializepublish.o
       310          0          0          0          0       2795   mqttsubscribeclient.o
         0          0          0          0          0       1792   msd.o
       524        298          0          0          0       4105   netbuf.o
       426        118          0         20         20       9942   netdb.o
       424         94          0         12          0      17594   netif.o
       214         16          0          0          0       6831   netifapi.o
       562        182         94        164          0       6745   object.o
      2862       1274          0          1          0      10023   pbuf.o
        56         16        141          0         68       3485   pin.o
       208         60          0          8        188       6563   platform.o
       484        112          0          4          0       5691   raw.o
       558         28          0          8          0       3153   rt_stm32f10x_spi.o
       676        214         78         24        256       6558   scheduler.o
      2056        496        211          0          0       9159   serial.o
      1934        380         96          4       2176       8543   shell.o
      3656        864         64          8         96      27116   sockets.o
       880        170        163          0          0       8118   spi_core.o
       576        256        129          0          0       5361   spi_dev.o
      1338        462         39          0        116      11070   spi_flash_w25qxx.o
       186         90          0          0          0       1947   startup.o
        64         26        336          0       1536        916   startup_stm32f10x_cl.o
      3856        548        164         16       9556      27055   stm32_eth.o
       540        194          0          0          0       2444   stm32f10x_exti.o
      1316        462          0          0          0       4698   stm32f10x_gpio.o
        12          0          0          0          0       2623   stm32f10x_it.o
      1476        690          0         20          0      10587   stm32f10x_rcc.o
      1196        512          0          0          0       6127   stm32f10x_spi.o
      1624        488          0          0          0       6190   stm32f10x_usart.o
         0          0          0         16          0       4381   symbol.o
      1860        754        179          6          0      18746   sys_arch.o
       300         34          0         20          0       2209   system_stm32f10x.o
      4784       1634        201         36          0      32406   tcp.o
      5506       1014          0         28         16      17775   tcp_in.o
      4262       1198         85          0          0      13419   tcp_out.o
       252         64         41          0          0       7001   tcpclient.o
       696        224          0         12          0      17630   tcpip.o
       528        198         74          0          0       7739   tcpserver.o
      1558        264         53          4          0      21859   telnet.o
      1464        386        170          0          0      11976   thread.o
       828        182         92         16          0       9089   timer.o
       604        190          0          8          0       6883   timers.o
      1216        274          0          8          0       9397   udp.o
       144         22         77          0          0       1597   udpclient.o
       324        120         39          0          0       1627   udpserver.o
       728        152         80          8         84      26850   usart.o
       200         18        194          0          0       2455   websrv.o

    ----------------------------------------------------------------------
    116002      29576       7488        760      19448    1263957   Object Totals
         0          0         32          0          0          0   (incl. Generated)
       166          0         25         11          5          0   (incl. Padding)

    ----------------------------------------------------------------------

      Code (inc. data)   RO Data    RW Data    ZI Data      Debug   Library Member Name

        60          8          0          0          0         84   __0sscanf.o
        90          0          0          0          0          0   __dczerorl2.o
         8          0          0          0          0         68   __main.o
         0          0          0          0          0          0   __rtentry.o
        12          0          0          0          0          0   __rtentry2.o
         6          0          0          0          0          0   __rtentry4.o
        52          8          0          0          0          0   __scatter.o
        28          0          0          0          0          0   __scatter_zi.o
        28          0          0          0          0         68   _chval.o
         0          0         12          0          0          0   _monlen.o
       884          6          0          0          0        100   _scanf.o
       332          0          0          0          0         96   _scanf_int.o
        64          0          0          0          0         84   _sgetc.o
       158          0          0          0          0         92   _strtoul.o
        26          0          0          0          0         80   atoi.o
        12          0          0          0          0         72   exit.o
         6          0          0          0          0        152   heapauxi.o
         0          0          0          0          0          0   indicate_semi.o
        18          0          0          0          0         76   isspace.o
        44         10        272          0          0         76   lc_ctype_c.o
         2          0          0          0          0          0   libinit.o
        20          0          0          0          0          0   libinit2.o
         2          0          0          0          0          0   libshutdown.o
         2          0          0          0          0          0   libshutdown2.o
         8          4          0          0         96         68   libspace.o
        88          0          0          0          0         76   memcmp.o
       424         10          0          0          0        124   mktime.o
        16          4          0          0          0         76   rt_ctype_table.o
         8          4          0          0          0         68   rt_errno_addr_intlibspace.o
         8          4          0          0          0         68   rt_locale_intlibspace.o
        68          0          0          0          0         68   rt_memclr.o
        78          0          0          0          0         80   rt_memclr_w.o
       138          0          0          0          0         68   rt_memcpy_v6.o
       100          0          0          0          0         80   rt_memcpy_w.o
         2          0          0          0          0          0   rtexit.o
        10          0          0          0          0          0   rtexit2.o
        44          8          0          0          0         84   scanf_char.o
        20          0          0          0          0         68   strchr.o
       128          0          0          0          0         68   strcmpv7m.o
        72          0          0          0          0         80   strcpy.o
        62          0          0          0          0         76   strlen.o
       150          0          0          0          0         80   strncmp.o
        86          0          0          0          0         76   strncpy.o
        22          0          0          0          0         68   strrchr.o
       112          0          0          0          0         88   strtol.o
        12          4          0          0          0         68   sys_exit.o
        74          0          0          0          0         80   sys_stackheap_outer.o
         2          0          0          0          0         68   use_no_semi.o

    ----------------------------------------------------------------------
      3594         70        284          0         96       2728   Library Totals
         8          0          0          0          0          0   (incl. Padding)

    ----------------------------------------------------------------------

      Code (inc. data)   RO Data    RW Data    ZI Data      Debug   Library Name

      3586         70        284          0         96       2728   c_w.l

    ----------------------------------------------------------------------
      3594         70        284          0         96       2728   Library Totals

    ----------------------------------------------------------------------

==============================================================================


      Code (inc. data)   RO Data    RW Data    ZI Data      Debug   

    119596      29646       7772        760      19544    1221233   Grand Totals
    119596      29646       7772        200      19544    1221233   ELF Image Totals (compressed)
    119596      29646       7772        200          0          0   ROM Totals

==============================================================================

    Total RO  Size (Code + RO Data)               127368 ( 124.38kB)
    Total RW  Size (RW Data + ZI Data)             20304 (  19.83kB)
    Total ROM Size (Code + RO Data + RW Data)     127568 ( 124.58kB)

==============================================================================

