<html>
<body>
<pre>
<h1>µVision Build Log</h1>
<h2>Tool Versions:</h2>
IDE-Version: ¦ÌVision V5.14.0.0
Copyright (C) 2015 ARM Ltd and ARM Germany GmbH. All rights reserved.
License Information: z z, z, LIC=BL2VE-5DZ2D-AUR4J-U4S36-USX4S-IVYY4
 
Tool Versions:
Toolchain:       MDK-ARM Professional  Version: 5.14.0.0
Toolchain Path:  E:\MDK\ARM\ARMCC\Bin
C Compiler:      Armcc.exe V5.05 update 1 (build 106)
Assembler:       Armasm.exe V5.05 update 1 (build 106)
Linker/Locator:  ArmLink.exe V5.05 update 1 (build 106)
Library Manager: ArmAr.exe V5.05 update 1 (build 106)
Hex Converter:   FromElf.exe V5.05 update 1 (build 106)
CPU DLL:         SARMCM3.DLL V5.14.0.0
Dialog DLL:      DCM.DLL V1.13.1.0
Target DLL:      UL2CM3.DLL V1.155.0.0
Dialog DLL:      TCM.DLL V1.14.4.0
 
<h2>Project:</h2>
D:\study\rt_thread\rt-thread-master-2016-3-8\rt-thread-master\bsp\stm32f10x\project.uvprojx
Project File Date:  03/13/2016

<h2>Output:</h2>
Build target 'rtthread-stm32'
compiling application.c...
applications\application.c(103): warning:  #223-D: function "rt_hw_lcd_init" declared implicitly
                rt_hw_lcd_init();
applications\application.c(119): warning:  #223-D: function "rtgui_font_system_init" declared implicitly
                        rtgui_font_system_init();
applications\application.c(120): warning:  #223-D: function "application_init" declared implicitly
                        application_init();
applications\application.c(133): warning:  #177-D: variable "result" was declared but never referenced
      rt_err_t result;
applications\application.c(48): warning:  #177-D: variable "led_stack" was declared but never referenced
  static rt_uint8_t led_stack[ 512 ];
applications\application.c(49): warning:  #177-D: variable "led_thread" was declared but never referenced
  static struct rt_thread led_thread;
applications\application.c(50): warning:  #177-D: function "led_thread_entry" was declared but never referenced
  static void led_thread_entry(void* parameter)
applications\application.c: 7 warnings, 0 errors
linking...
.\build\rtthread-stm32.axf: Warning: L6320W: Ignoring --keep command. Cannot find argument '__rt_init*'.
Program Size: Code=70548 RO-data=15740 RW-data=592 ZI-data=2232  
Finished: 0 information, 1 warning and 0 error messages.
FromELF: creating hex file...
".\build\rtthread-stm32.axf" - 0 Error(s), 8 Warning(s).

<h2>Collection of Component include folders:</h2>
  D:\study\rt_thread\rt-thread-master-2016-3-8\rt-thread-master\bsp\stm32f10x\RTE
  E:\MDK\ARM\PACK\Keil\STM32F1xx_DFP\2.0.0

<h2>Collection of Component Files used:</h2>
</pre>
</body>
</html>
