Component: ARM Compiler 5.05 update 1 (build 106) Tool: armlink [4d0efa]

==============================================================================

Section Cross References

    application.o(i.led_thread_entry) refers to led.o(i.rt_hw_led_init) for rt_hw_led_init
    application.o(i.led_thread_entry) refers to kservice.o(i.rt_kprintf) for rt_kprintf
    application.o(i.led_thread_entry) refers to led.o(i.rt_hw_led_on) for rt_hw_led_on
    application.o(i.led_thread_entry) refers to thread.o(i.rt_thread_delay) for rt_thread_delay
    application.o(i.led_thread_entry) refers to led.o(i.rt_hw_led_off) for rt_hw_led_off
    application.o(i.rt_application_init) refers to thread.o(i.rt_thread_create) for rt_thread_create
    application.o(i.rt_application_init) refers to thread.o(i.rt_thread_startup) for rt_thread_startup
    application.o(i.rt_application_init) refers to application.o(i.rt_init_thread_entry) for rt_init_thread_entry
    application.o(i.rt_init_thread_entry) refers to ili_lcd_general.o(i.rt_hw_lcd_init) for rt_hw_lcd_init
    application.o(i.rt_init_thread_entry) refers to device.o(i.rt_device_find) for rt_device_find
    application.o(i.rt_init_thread_entry) refers to rtgui_driver.o(i.rtgui_graphic_set_device) for rtgui_graphic_set_device
    application.o(i.rt_init_thread_entry) refers to rtgui_system.o(i.rtgui_system_server_init) for rtgui_system_server_init
    application.o(i.rt_init_thread_entry) refers to font.o(i.rtgui_font_system_init) for rtgui_font_system_init
    application.o(i.rt_init_thread_entry) refers to demo_application.o(i.application_init) for application_init
    application.o(i.rt_init_thread_entry) refers to kservice.o(i.rt_kprintf) for rt_kprintf
    startup.o(i.assert_failed) refers to kservice.o(i.rt_kprintf) for rt_kprintf
    startup.o(i.main) refers to context_rvds.o(.text) for rt_hw_interrupt_disable
    startup.o(i.main) refers to startup.o(i.rtthread_startup) for rtthread_startup
    startup.o(i.rtthread_startup) refers to board.o(i.rt_hw_board_init) for rt_hw_board_init
    startup.o(i.rtthread_startup) refers to kservice.o(i.rt_show_version) for rt_show_version
    startup.o(i.rtthread_startup) refers to mem.o(i.rt_system_heap_init) for rt_system_heap_init
    startup.o(i.rtthread_startup) refers to scheduler.o(i.rt_system_scheduler_init) for rt_system_scheduler_init
    startup.o(i.rtthread_startup) refers to timer.o(i.rt_system_timer_init) for rt_system_timer_init
    startup.o(i.rtthread_startup) refers to timer.o(i.rt_system_timer_thread_init) for rt_system_timer_thread_init
    startup.o(i.rtthread_startup) refers to application.o(i.rt_application_init) for rt_application_init
    startup.o(i.rtthread_startup) refers to idle.o(i.rt_thread_idle_init) for rt_thread_idle_init
    startup.o(i.rtthread_startup) refers to scheduler.o(i.rt_system_scheduler_start) for rt_system_scheduler_start
    demo_application.o(i.application_entry) refers to rtgui_app.o(i.rtgui_app_create) for rtgui_app_create
    demo_application.o(i.application_entry) refers to kservice.o(i.rt_kprintf) for rt_kprintf
    demo_application.o(i.application_entry) refers to window.o(i.rtgui_win_create) for rtgui_win_create
    demo_application.o(i.application_entry) refers to rtgui_app.o(i.rtgui_app_destroy) for rtgui_app_destroy
    demo_application.o(i.application_entry) refers to window.o(i.rtgui_win_show) for rtgui_win_show
    demo_application.o(i.application_entry) refers to rtgui_app.o(i.rtgui_app_run) for rtgui_app_run
    demo_application.o(i.application_entry) refers to window.o(i.rtgui_win_destroy) for rtgui_win_destroy
    demo_application.o(i.application_entry) refers to demo_application.o(.constdata) for .constdata
    demo_application.o(i.application_init) refers to thread.o(i.rt_thread_create) for rt_thread_create
    demo_application.o(i.application_init) refers to kservice.o(i.rt_kprintf) for rt_kprintf
    demo_application.o(i.application_init) refers to thread.o(i.rt_thread_startup) for rt_thread_startup
    demo_application.o(i.application_init) refers to demo_application.o(.data) for inited
    demo_application.o(i.application_init) refers to demo_application.o(i.application_entry) for application_entry
    board.o(i.NVIC_Configuration) refers to misc.o(i.NVIC_SetVectorTable) for NVIC_SetVectorTable
    board.o(i.SysTick_Handler) refers to irq.o(i.rt_interrupt_enter) for rt_interrupt_enter
    board.o(i.SysTick_Handler) refers to clock.o(i.rt_tick_increase) for rt_tick_increase
    board.o(i.SysTick_Handler) refers to irq.o(i.rt_interrupt_leave) for rt_interrupt_leave
    board.o(i.rt_hw_board_init) refers to board.o(i.NVIC_Configuration) for NVIC_Configuration
    board.o(i.rt_hw_board_init) refers to stm32f10x_rcc.o(i.RCC_AHBPeriphClockCmd) for RCC_AHBPeriphClockCmd
    board.o(i.rt_hw_board_init) refers to usart.o(i.rt_hw_usart_init) for rt_hw_usart_init
    board.o(i.rt_hw_board_init) refers to kservice.o(i.rt_console_set_device) for rt_console_set_device
[...]
    rtgui_free                               0x0800cc9d   Thumb Code    12  rtgui_system.o(i.rtgui_free)
    rtgui_get_mainwin_rect                   0x0800cca9   Thumb Code    12  rtgui_system.o(i.rtgui_get_mainwin_rect)
    rtgui_get_server                         0x0800ccb9   Thumb Code     6  server.o(i.rtgui_get_server)
    rtgui_graphic_driver_get_default         0x0800ccc5   Thumb Code     6  rtgui_driver.o(i.rtgui_graphic_driver_get_default)
    rtgui_graphic_driver_get_rect            0x0800ccd1   Thumb Code    44  rtgui_driver.o(i.rtgui_graphic_driver_get_rect)
    rtgui_graphic_driver_is_vmode            0x0800cd15   Thumb Code     4  rtgui_driver.o(i.rtgui_graphic_driver_is_vmode)
    rtgui_graphic_driver_screen_update       0x0800cd19   Thumb Code    64  rtgui_driver.o(i.rtgui_graphic_driver_screen_update)
    rtgui_graphic_set_device                 0x0800cd61   Thumb Code   208  rtgui_driver.o(i.rtgui_graphic_set_device)
    rtgui_image_hdc_init                     0x0800d2b9   Thumb Code    10  image_hdc.o(i.rtgui_image_hdc_init)
    rtgui_image_register_engine              0x0800d509   Thumb Code    42  image.o(i.rtgui_image_register_engine)
    rtgui_malloc                             0x0800d56f   Thumb Code    16  rtgui_system.o(i.rtgui_malloc)
    rtgui_mouse_fini                         0x0800d581   Thumb Code    24  mouse.o(i.rtgui_mouse_fini)
    rtgui_mouse_init                         0x0800d59d   Thumb Code    76  mouse.o(i.rtgui_mouse_init)
    rtgui_mouse_monitor_append               0x0800d5ed   Thumb Code    68  mouse.o(i.rtgui_mouse_monitor_append)
    rtgui_mouse_monitor_contains_point       0x0800d631   Thumb Code    52  mouse.o(i.rtgui_mouse_monitor_contains_point)
    rtgui_mouse_moveto                       0x0800d665   Thumb Code    34  mouse.o(i.rtgui_mouse_moveto)
    rtgui_mouse_set_position                 0x0800d68d   Thumb Code    14  mouse.o(i.rtgui_mouse_set_position)
    rtgui_object_create                      0x0800d6a1   Thumb Code    38  rtgui_object.o(i.rtgui_object_create)
    rtgui_object_destroy                     0x0800d6c9   Thumb Code    48  rtgui_object.o(i.rtgui_object_destroy)
    rtgui_object_event_handler               0x0800d715   Thumb Code     6  rtgui_object.o(i.rtgui_object_event_handler)
    rtgui_object_set_event_handler           0x0800d735   Thumb Code    22  rtgui_object.o(i.rtgui_object_set_event_handler)
    rtgui_pixel_device_get_ops               0x0800dc89   Thumb Code    38  rtgui_driver.o(i.rtgui_pixel_device_get_ops)
    rtgui_rect_contains_point                0x0800dd55   Thumb Code    44  region.o(i.rtgui_rect_contains_point)
    rtgui_rect_inflate                       0x0800dd81   Thumb Code    34  region.o(i.rtgui_rect_inflate)
    rtgui_rect_is_equal                      0x0800dda3   Thumb Code    28  region.o(i.rtgui_rect_is_equal)
    rtgui_rect_is_intersect                  0x0800ddbf   Thumb Code   504  region.o(i.rtgui_rect_is_intersect)
    rtgui_rect_moveto                        0x0800dfb7   Thumb Code    34  region.o(i.rtgui_rect_moveto)
    rtgui_rect_moveto_align                  0x0800dfd9   Thumb Code   190  region.o(i.rtgui_rect_moveto_align)
    rtgui_recv                               0x0800e099   Thumb Code    72  rtgui_system.o(i.rtgui_recv)
    rtgui_region_contains_point              0x0800e1dd   Thumb Code   152  region.o(i.rtgui_region_contains_point)
    rtgui_region_copy                        0x0800e275   Thumb Code   158  region.o(i.rtgui_region_copy)
    rtgui_region_extents                     0x0800e313   Thumb Code     2  region.o(i.rtgui_region_extents)
    rtgui_region_fini                        0x0800e315   Thumb Code    22  region.o(i.rtgui_region_fini)
    rtgui_region_init                        0x0800e32d   Thumb Code    16  region.o(i.rtgui_region_init)
    rtgui_region_init_rect                   0x0800e345   Thumb Code    30  region.o(i.rtgui_region_init_rect)
    rtgui_region_init_with_extents           0x0800e363   Thumb Code    14  region.o(i.rtgui_region_init_with_extents)
    rtgui_region_intersect                   0x0800e371   Thumb Code   436  region.o(i.rtgui_region_intersect)
    rtgui_region_intersect_rect              0x0800e685   Thumb Code    48  region.o(i.rtgui_region_intersect_rect)
    rtgui_region_is_flat                     0x0800e6b5   Thumb Code    30  region.o(i.rtgui_region_is_flat)
    rtgui_region_not_empty                   0x0800e6d3   Thumb Code    20  region.o(i.rtgui_region_not_empty)
    rtgui_region_num_rects                   0x0800e6e7   Thumb Code    16  region.o(i.rtgui_region_num_rects)
    rtgui_region_reset                       0x0800e6f7   Thumb Code    32  region.o(i.rtgui_region_reset)
    rtgui_region_subtract                    0x0800e719   Thumb Code   180  region.o(i.rtgui_region_subtract)
    rtgui_region_subtract_rect               0x0800ea61   Thumb Code    48  region.o(i.rtgui_region_subtract_rect)
    rtgui_region_union                       0x0800ea91   Thumb Code   380  region.o(i.rtgui_region_union)
    rtgui_region_union_rect                  0x0800efb5   Thumb Code    48  region.o(i.rtgui_region_union_rect)
    rtgui_screen_lock                        0x0800efe5   Thumb Code    14  rtgui_system.o(i.rtgui_screen_lock)
    rtgui_screen_unlock                      0x0800eff9   Thumb Code    10  rtgui_system.o(i.rtgui_screen_unlock)
    rtgui_send                               0x0800f009   Thumb Code    86  rtgui_system.o(i.rtgui_send)
    rtgui_send_sync                          0x0800f0b5   Thumb Code   144  rtgui_system.o(i.rtgui_send_sync)
    rtgui_server_handle_kbd                  0x0800f449   Thumb Code    72  server.o(i.rtgui_server_handle_kbd)
    rtgui_server_handle_monitor_add          0x0800f4b5   Thumb Code    16  server.o(i.rtgui_server_handle_monitor_add)
    rtgui_server_handle_mouse_btn            0x0800f4c5   Thumb Code    88  server.o(i.rtgui_server_handle_mouse_btn)
    rtgui_server_handle_mouse_motion         0x0800f51d   Thumb Code    92  server.o(i.rtgui_server_handle_mouse_motion)
    rtgui_server_handle_touch                0x0800f579   Thumb Code     2  server.o(i.rtgui_server_handle_touch)
    rtgui_server_handle_update               0x0800f57b   Thumb Code    24  server.o(i.rtgui_server_handle_update)
    rtgui_server_init                        0x0800f595   Thumb Code    36  server.o(i.rtgui_server_init)
    rtgui_server_post_event                  0x0800f5c5   Thumb Code    34  server.o(i.rtgui_server_post_event)
    rtgui_server_post_event_sync             0x0800f611   Thumb Code    38  server.o(i.rtgui_server_post_event_sync)
    rtgui_set_mainwin_rect                   0x0800f751   Thumb Code    12  rtgui_system.o(i.rtgui_set_mainwin_rect)
    rtgui_system_image_init                  0x0800f761   Thumb Code     8  image.o(i.rtgui_system_image_init)
    rtgui_system_server_init                 0x0800f769   Thumb Code    50  rtgui_system.o(i.rtgui_system_server_init)
    rtgui_theme_draw_win                     0x0800f7b1   Thumb Code   742  window.o(i.rtgui_theme_draw_win)
    rtgui_timer_destory                      0x0800fac1   Thumb Code    54  rtgui_system.o(i.rtgui_timer_destory)
    rtgui_timer_stop                         0x0800fb11   Thumb Code    30  rtgui_system.o(i.rtgui_timer_stop)
    rtgui_topwin_activate                    0x0800fb49   Thumb Code    44  topwin.o(i.rtgui_topwin_activate)
    rtgui_topwin_activate_topwin             0x0800fb85   Thumb Code   202  topwin.o(i.rtgui_topwin_activate_topwin)
    rtgui_topwin_add                         0x0800fc85   Thumb Code   198  topwin.o(i.rtgui_topwin_add)
    rtgui_topwin_append_monitor_rect         0x0800fd51   Thumb Code    40  topwin.o(i.rtgui_topwin_append_monitor_rect)
    rtgui_topwin_get_focus                   0x0800fd7d   Thumb Code    10  topwin.o(i.rtgui_topwin_get_focus)
    rtgui_topwin_get_topmost_window_shown    0x0800fd8d   Thumb Code    56  topwin.o(i.rtgui_topwin_get_topmost_window_shown)
    rtgui_topwin_get_wnd_no_modaled          0x0800fdc9   Thumb Code    20  topwin.o(i.rtgui_topwin_get_wnd_no_modaled)
    rtgui_topwin_hide                        0x0800fde1   Thumb Code   152  topwin.o(i.rtgui_topwin_hide)
    rtgui_topwin_init                        0x0800fe81   Thumb Code    16  topwin.o(i.rtgui_topwin_init)
    rtgui_topwin_modal_enter                 0x0800fe9d   Thumb Code   174  topwin.o(i.rtgui_topwin_modal_enter)
    rtgui_topwin_move                        0x0800ff91   Thumb Code   172  topwin.o(i.rtgui_topwin_move)
    rtgui_topwin_remove                      0x08010075   Thumb Code   100  topwin.o(i.rtgui_topwin_remove)
    rtgui_topwin_resize                      0x080100dd   Thumb Code    82  topwin.o(i.rtgui_topwin_resize)
    rtgui_topwin_show                        0x08010169   Thumb Code    56  topwin.o(i.rtgui_topwin_show)
    rtgui_type_destructors_call              0x08010259   Thumb Code    30  rtgui_object.o(i.rtgui_type_destructors_call)
    rtgui_type_inherits_from                 0x08010277   Thumb Code    26  rtgui_object.o(i.rtgui_type_inherits_from)
    rtgui_type_object_construct              0x08010291   Thumb Code    30  rtgui_object.o(i.rtgui_type_object_construct)
    rtgui_widget_clip_parent                 0x080102af   Thumb Code    40  widget.o(i.rtgui_widget_clip_parent)
    rtgui_widget_clip_return                 0x080102d7   Thumb Code    40  widget.o(i.rtgui_widget_clip_return)
    rtgui_widget_create                      0x080102ff   Thumb Code    16  widget.o(i.rtgui_widget_create)
    rtgui_widget_destroy                     0x0801030f   Thumb Code    12  widget.o(i.rtgui_widget_destroy)
    rtgui_widget_event_handler               0x0801031d   Thumb Code   112  widget.o(i.rtgui_widget_event_handler)
    rtgui_widget_focus                       0x080103b9   Thumb Code   102  widget.o(i.rtgui_widget_focus)
    rtgui_widget_get_extent                  0x08010455   Thumb Code    40  widget.o(i.rtgui_widget_get_extent)
    rtgui_widget_get_rect                    0x080104a5   Thumb Code    50  widget.o(i.rtgui_widget_get_rect)
    rtgui_widget_hide                        0x080104f1   Thumb Code    82  widget.o(i.rtgui_widget_hide)
    rtgui_widget_move_to_logic               0x0801055d   Thumb Code   118  widget.o(i.rtgui_widget_move_to_logic)
    rtgui_widget_onhide                      0x080105d3   Thumb Code    34  widget.o(i.rtgui_widget_onhide)
    rtgui_widget_onpaint                     0x080105f5   Thumb Code    24  widget.o(i.rtgui_widget_onpaint)
    rtgui_widget_onshow                      0x0801060d   Thumb Code    34  widget.o(i.rtgui_widget_onshow)
    rtgui_widget_onupdate_toplvl             0x08010631   Thumb Code    50  widget.o(i.rtgui_widget_onupdate_toplvl)
    rtgui_widget_set_rect                    0x08010679   Thumb Code   178  widget.o(i.rtgui_widget_set_rect)
    rtgui_widget_show                        0x0801072d   Thumb Code    82  widget.o(i.rtgui_widget_show)
    rtgui_widget_unfocus                     0x08010799   Thumb Code   114  widget.o(i.rtgui_widget_unfocus)
    rtgui_widget_update                      0x08010825   Thumb Code    72  widget.o(i.rtgui_widget_update)
    rtgui_widget_update_clip                 0x08010885   Thumb Code   170  widget.o(i.rtgui_widget_update_clip)
    rtgui_win_close                          0x0801092f   Thumb Code    46  window.o(i.rtgui_win_close)
    rtgui_win_create                         0x0801095d   Thumb Code    66  window.o(i.rtgui_win_create)
    rtgui_win_destroy                        0x0801099f   Thumb Code   118  window.o(i.rtgui_win_destroy)
    rtgui_win_do_show                        0x08010a15   Thumb Code   174  window.o(i.rtgui_win_do_show)
    rtgui_win_end_modal                      0x08010ad9   Thumb Code    44  window.o(i.rtgui_win_end_modal)
    rtgui_win_enter_modal                    0x08010b05   Thumb Code    90  window.o(i.rtgui_win_enter_modal)
    rtgui_win_event_handler                  0x08010b61   Thumb Code   470  window.o(i.rtgui_win_event_handler)
    rtgui_win_hide                           0x08010d65   Thumb Code   110  window.o(i.rtgui_win_hide)
    rtgui_win_init                           0x08010e01   Thumb Code   248  window.o(i.rtgui_win_init)
    rtgui_win_move                           0x08010ef9   Thumb Code   190  window.o(i.rtgui_win_move)
    rtgui_win_show                           0x08011013   Thumb Code    52  window.o(i.rtgui_win_show)
    rtgui_win_update_clip                    0x08011047   Thumb Code   148  window.o(i.rtgui_win_update_clip)
    rtgui_wintile_event_handler              0x080110dd   Thumb Code   260  title.o(i.rtgui_wintile_event_handler)
    rtgui_wintitle_create                    0x080111f1   Thumb Code    24  title.o(i.rtgui_wintitle_create)
    rtthread_startup                         0x08011209   Thumb Code    44  startup.o(i.rtthread_startup)
    version                                  0x08011495   Thumb Code    10  cmd.o(i.version)
    __lowest_bit_bitmap                      0x080117bd   Data         256  kservice.o(.constdata)
    asc12                                    0x08012a50   Data          48  asc12font.o(.constdata)
    _rtgui_box                               0x08013d74   Data          20  box.o(.constdata)
    red                                      0x08013db0   Data           4  color.o(.constdata)
    green                                    0x08013db4   Data           4  color.o(.constdata)
    blue                                     0x08013db8   Data           4  color.o(.constdata)
    black                                    0x08013dbc   Data           4  color.o(.constdata)
    white                                    0x08013dc0   Data           4  color.o(.constdata)
    high_light                               0x08013dc4   Data           4  color.o(.constdata)
    dark_grey                                0x08013dc8   Data           4  color.o(.constdata)
    light_grey                               0x08013dcc   Data           4  color.o(.constdata)
    _rtgui_container                         0x08013ddc   Data          20  container.o(.constdata)
    dc_client_engine                         0x08014064   Data          32  dc_client.o(.constdata)
    dc_hw_engine                             0x080140b4   Data          32  dc_hw.o(.constdata)
    fnt_font_engine                          0x08014240   Data          16  font_fnt.o(.constdata)
    rtgui_image_hdcmm_engine                 0x080142dc   Data          24  image_hdc.o(.constdata)
    _rtgui_application                       0x080143b4   Data          20  rtgui_app.o(.constdata)
    _framebuffer_rgb565_ops                  0x080144ac   Data          20  rtgui_driver.o(.constdata)
    _framebuffer_rgb565p_ops                 0x080144c0   Data          20  rtgui_driver.o(.constdata)
    _framebuffer_mono_ops                    0x080144d4   Data          20  rtgui_driver.o(.constdata)
    _pixel_mono_ops                          0x080144e8   Data          20  rtgui_driver.o(.constdata)
    _pixel_rgb565p_ops                       0x080144fc   Data          20  rtgui_driver.o(.constdata)
    _pixel_rgb565_ops                        0x08014510   Data          20  rtgui_driver.o(.constdata)
    _pixel_rgb888_ops                        0x08014524   Data          20  rtgui_driver.o(.constdata)
    _rtgui_object                            0x08014570   Data          20  rtgui_object.o(.constdata)
    default_foreground                       0x080145b8   Data           4  rtgui_system.o(.constdata)
    default_background                       0x080145bc   Data           4  rtgui_system.o(.constdata)
    _rtgui_wintitle                          0x08014698   Data          20  title.o(.constdata)
    _rtgui_widget                            0x080148f4   Data          20  widget.o(.constdata)
    _rtgui_win                               0x08014b0c   Data          20  window.o(.constdata)
    __fsym_hello_name                        0x08014e9c   Data           6  cmd.o(.rodata.name)
    __fsym_hello_desc                        0x08014ea2   Data          16  cmd.o(.rodata.name)
    __fsym_version_name                      0x08014eb2   Data           8  cmd.o(.rodata.name)
    __fsym_version_desc                      0x08014eba   Data          35  cmd.o(.rodata.name)
    __fsym_list_thread_name                  0x08014edd   Data          12  cmd.o(.rodata.name)
    __fsym_list_thread_desc                  0x08014ee9   Data          12  cmd.o(.rodata.name)
    __fsym_list_sem_name                     0x08014ef5   Data           9  cmd.o(.rodata.name)
    __fsym_list_sem_desc                     0x08014efe   Data          25  cmd.o(.rodata.name)
    __fsym_list_event_name                   0x08014f17   Data          11  cmd.o(.rodata.name)
    __fsym_list_event_desc                   0x08014f22   Data          21  cmd.o(.rodata.name)
    __fsym_list_mutex_name                   0x08014f37   Data          11  cmd.o(.rodata.name)
    __fsym_list_mutex_desc                   0x08014f42   Data          21  cmd.o(.rodata.name)
    __fsym_list_mailbox_name                 0x08014f57   Data          13  cmd.o(.rodata.name)
    __fsym_list_mailbox_desc                 0x08014f64   Data          24  cmd.o(.rodata.name)
    __fsym_list_msgqueue_name                0x08014f7c   Data          14  cmd.o(.rodata.name)
    __fsym_list_msgqueue_desc                0x08014f8a   Data          29  cmd.o(.rodata.name)
    __fsym_list_mempool_name                 0x08014fa7   Data          13  cmd.o(.rodata.name)
    __fsym_list_mempool_desc                 0x08014fb4   Data          27  cmd.o(.rodata.name)
    __fsym_list_timer_name                   0x08014fcf   Data          11  cmd.o(.rodata.name)
    __fsym_list_timer_desc                   0x08014fda   Data          21  cmd.o(.rodata.name)
    __fsym_list_device_name                  0x08014fef   Data          12  cmd.o(.rodata.name)
    __fsym_list_device_desc                  0x08014ffb   Data          22  cmd.o(.rodata.name)
    __fsym_list_name                         0x08015011   Data           5  cmd.o(.rodata.name)
    __fsym_list_desc                         0x08015016   Data          26  cmd.o(.rodata.name)
    __vsym_dummy_name                        0x08015030   Data           6  cmd.o(.rodata.name)
    __vsym_dummy_desc                        0x08015036   Data          25  cmd.o(.rodata.name)
    FSymTab$$Base                            0x08015050   Number         0  cmd.o(FSymTab)
    __fsym_hello                             0x08015050   Data          12  cmd.o(FSymTab)
    __fsym_version                           0x0801505c   Data          12  cmd.o(FSymTab)
    __fsym_list_thread                       0x08015068   Data          12  cmd.o(FSymTab)
    __fsym_list_sem                          0x08015074   Data          12  cmd.o(FSymTab)
    __fsym_list_event                        0x08015080   Data          12  cmd.o(FSymTab)
    __fsym_list_mutex                        0x0801508c   Data          12  cmd.o(FSymTab)
    __fsym_list_mailbox                      0x08015098   Data          12  cmd.o(FSymTab)
    __fsym_list_msgqueue                     0x080150a4   Data          12  cmd.o(FSymTab)
    __fsym_list_mempool                      0x080150b0   Data          12  cmd.o(FSymTab)
    __fsym_list_timer                        0x080150bc   Data          12  cmd.o(FSymTab)
    __fsym_list_device                       0x080150c8   Data          12  cmd.o(FSymTab)
    __fsym_list                              0x080150d4   Data          12  cmd.o(FSymTab)
    FSymTab$$Limit                           0x080150e0   Number         0  cmd.o(FSymTab)
    Region$$Table$$Base                      0x080150e0   Number         0  anon$$obj.o(Region$$Table)
    Region$$Table$$Limit                     0x08015100   Number         0  anon$$obj.o(Region$$Table)
    VSymTab$$Base                            0x08015100   Number         0  cmd.o(VSymTab)
    __vsym_dummy                             0x08015100   Data          16  cmd.o(VSymTab)
    VSymTab$$Limit                           0x08015110   Number         0  cmd.o(VSymTab)
    main_win                                 0x20000000   Data           4  demo_application.o(.data)
    uart1                                    0x20000008   Data           8  usart.o(.data)
    uart2                                    0x20000010   Data           8  usart.o(.data)
    uart3                                    0x20000018   Data           8  usart.o(.data)
    lcd_ili_ops                              0x20000024   Data          20  ili_lcd_general.o(.data)
    SystemCoreClock                          0x20000048   Data           4  system_stm32f10x.o(.data)
    AHBPrescTable                            0x2000004c   Data          16  system_stm32f10x.o(.data)
    rt_interrupt_nest                        0x20000078   Data           1  irq.o(.data)
    rt_assert_hook                           0x20000084   Data           4  kservice.o(.data)
    rt_object_container                      0x200000a8   Data         144  object.o(.data)
    rt_object_trytake_hook                   0x20000140   Data           4  object.o(.data)
    rt_object_take_hook                      0x20000144   Data           4  object.o(.data)
    rt_object_put_hook                       0x20000148   Data           4  object.o(.data)
    rt_current_thread                        0x20000150   Data           4  scheduler.o(.data)
    rt_current_priority                      0x20000154   Data           1  scheduler.o(.data)
    rt_thread_ready_priority_group           0x20000158   Data           4  scheduler.o(.data)
    rt_thread_defunct                        0x2000015c   Data           8  scheduler.o(.data)
    rt_interrupt_from_thread                 0x20000178   Data           4  cpuport.o(.data)
    rt_interrupt_to_thread                   0x2000017c   Data           4  cpuport.o(.data)
    rt_thread_switch_interrupt_flag          0x20000180   Data           4  cpuport.o(.data)
    _syscall_table_begin                     0x20000188   Data           4  symbol.o(.data)
    _syscall_table_end                       0x2000018c   Data           4  symbol.o(.data)
    _sysvar_table_begin                      0x20000190   Data           4  symbol.o(.data)
    _sysvar_table_end                        0x20000194   Data           4  symbol.o(.data)
    global_sysvar_list                       0x2000019c   Data           4  finsh_var.o(.data)
    finsh_sp                                 0x200001a0   Data           4  finsh_vm.o(.data)
    finsh_pc                                 0x200001a4   Data           4  finsh_vm.o(.data)
    global_syscall_list                      0x200001a8   Data           4  finsh_vm.o(.data)
    rtgui_font_asc12                         0x200001ac   Data          24  asc12font.o(.data)
    rtgui_blit_expand_byte                   0x200001c4   Data          36  blit.o(.data)
    rtgui_image_hdc_engine                   0x200001f4   Data          24  image_hdc.o(.data)
    _rtgui_cursor                            0x2000020c   Data           4  mouse.o(.data)
    rtgui_empty_rect                         0x20000210   Data           8  region.o(.data)
    rtgui_empty_point                        0x20000218   Data           4  region.o(.data)
    serial1                                  0x20000250   Data          84  usart.o(.bss)
    serial2                                  0x200002a4   Data          84  usart.o(.bss)
    serial3                                  0x200002f8   Data          84  usart.o(.bss)
    _lcd_device                              0x2000034c   Data          64  ili_lcd_general.o(.bss)
    rt_thread_priority_table                 0x200005ac   Data         256  scheduler.o(.bss)
    Image$$RW_IRAM1$$ZI$$Limit               0x20000b08   Number         0  anon$$obj.o ABSOLUTE
    __initial_sp                             0x20000b08   Data           0  startup_stm32f10x_hd.o(STACK)



==============================================================================

Memory Map of the image

  Image Entry point : 0x08000131

  Load Region LR_IROM1 (Base: 0x08000000, Size: 0x00015360, Max: 0x00080000, ABSOLUTE, COMPRESSED[0x000151ec])

    Execution Region ER_IROM1 (Base: 0x08000000, Size: 0x00015110, Max: 0x00080000, ABSOLUTE)

    Base Addr    Size         Type   Attr      Idx    E Section Name        Object

    0x08000000   0x00000130   Data   RO         3976    RESET               startup_stm32f10x_hd.o
    0x08000130   0x00000000   Code   RO        11622  * .ARM.Collect$$$$00000000  mc_w.l(entry.o)
    0x08000130   0x00000004   Code   RO        11701    .ARM.Collect$$$$00000001  mc_w.l(entry2.o)
    0x08000134   0x00000004   Code   RO        11704    .ARM.Collect$$$$00000004  mc_w.l(entry5.o)
    0x08000138   0x00000000   Code   RO        11706    .ARM.Collect$$$$00000008  mc_w.l(entry7b.o)
    0x08000138   0x00000000   Code   RO        11708    .ARM.Collect$$$$0000000A  mc_w.l(entry8b.o)
    0x08000138   0x00000008   Code   RO        11709    .ARM.Collect$$$$0000000B  mc_w.l(entry9a.o)
    0x08000140   0x00000000   Code   RO        11711    .ARM.Collect$$$$0000000D  mc_w.l(entry10a.o)
    0x08000140   0x00000000   Code   RO        11713    .ARM.Collect$$$$0000000F  mc_w.l(entry11a.o)
    0x08000140   0x00000004   Code   RO        11702    .ARM.Collect$$$$00002712  mc_w.l(entry2.o)
    0x08000144   0x00000024   Code   RO         3977    .text               startup_stm32f10x_hd.o
    0x08000168   0x000000ec   Code   RO         5212    .text               context_rvds.o
    0x08000254   0x00000024   Code   RO        11629    .text               mc_w.l(memcpya.o)
    0x08000278   0x0000000e   Code   RO        11635    .text               mc_w.l(strlen.o)
    0x08000286   0x0000001e   Code   RO        11639    .text               mc_w.l(strncmp.o)
    0x080002a4   0x00000024   Code   RO        11747    .text               mc_w.l(init.o)
    0x080002c8   0x00000056   Code   RO        11789    .text               mc_w.l(__dczerorl2.o)
    0x0800031e   0x0000001a   Code   RO          543    i.BGR2RGB           ili_lcd_general.o
    0x08000338   0x0000019c   Code   RO         6999    i.Blit16to16SurfaceAlpha128  blit.o
    0x080004d4   0x00000280   Code   RO         7000    i.Blit565to565PixelAlpha  blit.o
    0x08000754   0x000000ea   Code   RO         7001    i.BlitARGB8888toARGB8888PixelAlpha  blit.o
    0x0800083e   0x00000002   PAD
    0x08000840   0x00000244   Code   RO         7002    i.BlitARGBto565PixelAlpha  blit.o
    0x08000a84   0x0000015a   Code   RO         7003    i.BlitRGB565to32    blit.o
    0x08000bde   0x00000002   PAD
    0x08000be0   0x00000014   Code   RO         7004    i.BlitRGB565toARGB8888  blit.o
    0x08000bf4   0x000001ea   Code   RO         7005    i.BlitRGBtoRGBPixelAlpha  blit.o
    0x08000dde   0x00000190   Code   RO         7006    i.BlitRGBtoRGBSurfaceAlpha  blit.o
    0x08000f6e   0x00000002   PAD
    0x08000f70   0x00000124   Code   RO         7007    i.BlitRGBtoRGBSurfaceAlpha128  blit.o
    0x08001094   0x00000004   Code   RO          358    i.BusFault_Handler  stm32f10x_it.o
    0x08001098   0x00000002   Code   RO          359    i.DebugMon_Handler  stm32f10x_it.o
    0x0800109a   0x00000002   PAD
    0x0800109c   0x00000020   Code   RO          680    i.EXTI1_IRQHandler  touch.o
    0x080010bc   0x0000005c   Code   RO         1214    i.EXTI_ClearITPendingBit  stm32f10x_exti.o
    0x08001118   0x00000032   Code   RO          682    i.EXTI_Enable       touch.o
    0x0800114a   0x00000002   PAD
    0x0800114c   0x0000012c   Code   RO         1219    i.EXTI_Init         stm32f10x_exti.o
    0x08001278   0x000000a0   Code   RO         1998    i.FSMC_NORSRAMCmd   stm32f10x_fsmc.o
    0x08001318   0x0000037c   Code   RO         2000    i.FSMC_NORSRAMInit  stm32f10x_fsmc.o
    0x08001694   0x00000072   Code   RO         2001    i.FSMC_NORSRAMStructInit  stm32f10x_fsmc.o
    0x08001706   0x00000002   PAD
    0x08001708   0x00000090   Code   RO          443    i.GPIO_Configuration  usart.o
    0x08001798   0x000001d4   Code   RO         3255    i.GPIO_Init         stm32f10x_gpio.o
    0x0800196c   0x000000d8   Code   RO          544    i.LCD_FSMCConfig    ili_lcd_general.o
    0x08001a44   0x00000004   Code   RO          360    i.MemManage_Handler  stm32f10x_it.o
    0x08001a48   0x00000002   Code   RO          361    i.NMI_Handler       stm32f10x_it.o
    0x08001a4a   0x0000000e   Code   RO          319    i.NVIC_Configuration  board.o
    0x08001a58   0x00000022   Code   RO          444    i.NVIC_Configuration  usart.o
    0x08001a7a   0x00000002   PAD
    0x08001a7c   0x000000dc   Code   RO         3932    i.NVIC_Init         misc.o
    0x08001b58   0x00000078   Code   RO         3934    i.NVIC_SetVectorTable  misc.o
    0x08001bd0   0x0000008c   Code   RO          876    i.RCC_AHBPeriphClockCmd  stm32f10x_rcc.o
    0x08001c5c   0x0000008c   Code   RO          877    i.RCC_APB1PeriphClockCmd  stm32f10x_rcc.o
    0x08001ce8   0x0000008c   Code   RO          879    i.RCC_APB2PeriphClockCmd  stm32f10x_rcc.o
    0x08001d74   0x00000034   Code   RO          445    i.RCC_Configuration  usart.o
    0x08001da8   0x000000d4   Code   RO          887    i.RCC_GetClocksFreq  stm32f10x_rcc.o
    0x08001e7c   0x00000002   Code   RO          362    i.SVC_Handler       stm32f10x_it.o
    0x08001e7e   0x00000008   Code   RO          783    i.SetSysClock       system_stm32f10x.o
    0x08001e86   0x00000002   PAD
    0x08001e88   0x000000e0   Code   RO          784    i.SetSysClockTo72   system_stm32f10x.o
    0x08001f68   0x00000010   Code   RO          320    i.SysTick_Handler   board.o
    0x08001f78   0x00000060   Code   RO          786    i.SystemInit        system_stm32f10x.o
    0x08001fd8   0x0000005c   Code   RO          446    i.USART1_IRQHandler  usart.o
    0x08002034   0x0000005c   Code   RO          447    i.USART2_IRQHandler  usart.o
    0x08002090   0x0000005c   Code   RO          448    i.USART3_IRQHandler  usart.o
    0x080020ec   0x000000e8   Code   RO         3372    i.USART_ClearITPendingBit  stm32f10x_usart.o
    0x080021d4   0x000000ac   Code   RO         3375    i.USART_Cmd         stm32f10x_usart.o
    0x08002280   0x000000f0   Code   RO         3378    i.USART_GetFlagStatus  stm32f10x_usart.o
    0x08002370   0x0000014c   Code   RO         3379    i.USART_GetITStatus  stm32f10x_usart.o
    0x080024bc   0x00000148   Code   RO         3381    i.USART_ITConfig    stm32f10x_usart.o
    0x08002604   0x00000218   Code   RO         3382    i.USART_Init        stm32f10x_usart.o
    0x0800281c   0x00000004   Code   RO          363    i.UsageFault_Handler  stm32f10x_it.o
    0x08002820   0x0000004c   Code   RO         4442    i.__rt_ffs          kservice.o
    0x0800286c   0x0000000e   Code   RO        11783    i.__scatterload_copy  mc_w.l(handlers.o)
    0x0800287a   0x00000002   Code   RO        11784    i.__scatterload_null  mc_w.l(handlers.o)
    0x0800287c   0x0000000e   Code   RO        11785    i.__scatterload_zeroinit  mc_w.l(handlers.o)
    0x0800288a   0x0000017a   Code   RO         7774    i._dc_blend_point_argb8888  dc_blend.o
    0x08002a04   0x000001b0   Code   RO         7775    i._dc_blend_point_bgr565  dc_blend.o
    0x08002bb4   0x000001b0   Code   RO         7776    i._dc_blend_point_rgb565  dc_blend.o
    0x08002d64   0x0000012a   Code   RO         7777    i._dc_blend_point_rgb888  dc_blend.o
    0x08002e8e   0x0000006e   Code   RO         7785    i._dc_get_pixel     dc_blend.o
    0x08002efc   0x00000014   Code   RO         4099    i._has_defunct_thread  idle.o
    0x08002f10   0x000000c4   Code   RO         5948    i._list_device      cmd.o
    0x08002fd4   0x000000d8   Code   RO         5949    i._list_event       cmd.o
    0x080030ac   0x000000f4   Code   RO         5950    i._list_mailbox     cmd.o
    0x080031a0   0x000000f8   Code   RO         5951    i._list_mempool     cmd.o
    0x08003298   0x000000d8   Code   RO         5952    i._list_msgqueue    cmd.o
    0x08003370   0x000000ac   Code   RO         5953    i._list_mutex       cmd.o
    0x0800341c   0x000000d4   Code   RO         5954    i._list_sem         cmd.o
    0x080034f0   0x00000118   Code   RO         5955    i._list_thread      cmd.o
    0x08003608   0x000000f8   Code   RO         5956    i._list_timer       cmd.o
    0x08003700   0x000000b0   Code   RO         9774    i._mono_draw_hline  rtgui_driver.o
    0x080037b0   0x000000a8   Code   RO         9775    i._mono_draw_raw_hline  rtgui_driver.o
    0x08003858   0x00000078   Code   RO         9776    i._mono_draw_vline  rtgui_driver.o
    0x080038d0   0x00000050   Code   RO         9777    i._mono_get_pixel   rtgui_driver.o
    0x08003920   0x00000098   Code   RO         9778    i._mono_set_pixel   rtgui_driver.o
    0x080039b8   0x0000004a   Code   RO         9779    i._pixel_draw_raw_hline  rtgui_driver.o
    0x08003a02   0x0000002e   Code   RO         9780    i._pixel_mono_draw_hline  rtgui_driver.o
    0x08003a30   0x0000002e   Code   RO         9781    i._pixel_mono_draw_vline  rtgui_driver.o
    0x08003a5e   0x00000002   PAD
    0x08003a60   0x00000038   Code   RO         9782    i._pixel_mono_get_pixel  rtgui_driver.o
    0x08003a98   0x00000024   Code   RO         9783    i._pixel_mono_set_pixel  rtgui_driver.o
    0x08003abc   0x0000002e   Code   RO         9784    i._pixel_rgb565_draw_hline  rtgui_driver.o
    0x08003aea   0x0000002e   Code   RO         9785    i._pixel_rgb565_draw_vline  rtgui_driver.o
    0x08003b18   0x00000026   Code   RO         9786    i._pixel_rgb565_get_pixel  rtgui_driver.o
    0x08003b3e   0x00000024   Code   RO         9787    i._pixel_rgb565_set_pixel  rtgui_driver.o
    0x08003b62   0x0000002e   Code   RO         9788    i._pixel_rgb565p_draw_hline  rtgui_driver.o
    0x08003b90   0x0000002e   Code   RO         9789    i._pixel_rgb565p_draw_vline  rtgui_driver.o
    0x08003bbe   0x00000026   Code   RO         9790    i._pixel_rgb565p_get_pixel  rtgui_driver.o
    0x08003be4   0x00000024   Code   RO         9791    i._pixel_rgb565p_set_pixel  rtgui_driver.o
    0x08003c08   0x0000002e   Code   RO         9792    i._pixel_rgb888_draw_hline  rtgui_driver.o
    0x08003c36   0x0000002e   Code   RO         9793    i._pixel_rgb888_draw_vline  rtgui_driver.o
    0x08003c64   0x00000038   Code   RO         9794    i._pixel_rgb888_get_pixel  rtgui_driver.o
    0x08003c9c   0x00000024   Code   RO         9795    i._pixel_rgb888_set_pixel  rtgui_driver.o
    0x08003cc0   0x00000058   Code   RO         9796    i._rgb565_draw_hline  rtgui_driver.o
    0x08003d18   0x0000004a   Code   RO         9797    i._rgb565_draw_vline  rtgui_driver.o
    0x08003d62   0x0000003e   Code   RO         9798    i._rgb565_get_pixel  rtgui_driver.o
    0x08003da0   0x0000003e   Code   RO         9799    i._rgb565_set_pixel  rtgui_driver.o
    0x08003dde   0x00000058   Code   RO         9800    i._rgb565p_draw_hline  rtgui_driver.o
    0x08003e36   0x0000004a   Code   RO         9801    i._rgb565p_draw_vline  rtgui_driver.o
    0x08003e80   0x0000003e   Code   RO         9802    i._rgb565p_get_pixel  rtgui_driver.o
    0x08003ebe   0x0000003e   Code   RO         9803    i._rgb565p_set_pixel  rtgui_driver.o
    0x08003efc   0x000000bc   Code   RO         4869    i._rt_scheduler_stack_check  scheduler.o
    0x08003fb8   0x000000bc   Code   RO         4948    i._rt_thread_init   thread.o
    0x08004074   0x00000042   Code   RO         5063    i._rt_timer_init    timer.o
    0x080040b6   0x0000002e   Code   RO         5064    i._rt_timer_remove  timer.o
    0x080040e4   0x0000002c   Code   RO         9598    i._rtgui_app_constructor  rtgui_app.o
    0x08004110   0x00000030   Code   RO         9599    i._rtgui_app_destructor  rtgui_app.o
    0x08004140   0x00000090   Code   RO         9600    i._rtgui_application_dest_handle  rtgui_app.o
    0x080041d0   0x00000130   Code   RO         9601    i._rtgui_application_event_loop  rtgui_app.o
    0x08004300   0x00000008   Code   RO         9602    i._rtgui_application_get_type  rtgui_app.o
    0x08004308   0x0000001a   Code   RO         7152    i._rtgui_box_constructor  box.o
    0x08004322   0x00000002   PAD
    0x08004324   0x00000024   Code   RO         7272    i._rtgui_container_constructor  container.o
    0x08004348   0x00000016   Code   RO         7273    i._rtgui_container_destructor  container.o
    0x0800435e   0x00000002   PAD
    0x08004360   0x00000008   Code   RO         7274    i._rtgui_container_get_type  container.o
    0x08004368   0x00000010   Code   RO        10043    i._rtgui_object_constructor  rtgui_object.o
    0x08004378   0x00000008   Code   RO        10044    i._rtgui_object_destructor  rtgui_object.o
    0x08004380   0x0000001a   Code   RO        10625    i._rtgui_topwin_activate_next  topwin.o
    0x0800439a   0x00000002   PAD
    0x0800439c   0x000000bc   Code   RO        10626    i._rtgui_topwin_clear_modal_tree  topwin.o
    0x08004458   0x0000006c   Code   RO        10627    i._rtgui_topwin_clip_to_region  topwin.o
    0x080044c4   0x00000044   Code   RO        10628    i._rtgui_topwin_could_show  topwin.o
    0x08004508   0x00000084   Code   RO        10629    i._rtgui_topwin_deactivate  topwin.o
    0x0800458c   0x0000003c   Code   RO        10630    i._rtgui_topwin_draw_tree  topwin.o
    0x080045c8   0x00000074   Code   RO        10633    i._rtgui_topwin_free_tree  topwin.o
    0x0800463c   0x00000054   Code   RO        10634    i._rtgui_topwin_get_focus_from_list  topwin.o
    0x08004690   0x0000005c   Code   RO        10635    i._rtgui_topwin_get_next_shown  topwin.o
    0x080046ec   0x0000003c   Code   RO        10636    i._rtgui_topwin_get_root_win  topwin.o
    0x08004728   0x0000004c   Code   RO        10637    i._rtgui_topwin_get_topmost_child_shown  topwin.o
    0x08004774   0x00000088   Code   RO        10638    i._rtgui_topwin_get_wnd_from_tree  topwin.o
    0x080047fc   0x00000018   Code   RO        10639    i._rtgui_topwin_in_layer  topwin.o
    0x08004814   0x00000016   Code   RO        10640    i._rtgui_topwin_mark_hidden  topwin.o
    0x0800482a   0x0000002a   Code   RO        10641    i._rtgui_topwin_mark_shown  topwin.o
    0x08004854   0x00000128   Code   RO        10642    i._rtgui_topwin_move_whole_tree2top  topwin.o
    0x0800497c   0x00000068   Code   RO        10643    i._rtgui_topwin_only_activate  topwin.o
    0x080049e4   0x00000068   Code   RO        10644    i._rtgui_topwin_preorder_map  topwin.o
    0x08004a4c   0x00000050   Code   RO        10645    i._rtgui_topwin_raise_in_sibling  topwin.o
    0x08004a9c   0x00000040   Code   RO        10646    i._rtgui_topwin_raise_tree_from_root  topwin.o
    0x08004adc   0x000000c0   Code   RO        10647    i._rtgui_topwin_redraw_tree  topwin.o
    0x08004b9c   0x00000054   Code   RO        10648    i._rtgui_topwin_union_region_tree  topwin.o
    0x08004bf0   0x00000084   Code   RO        10997    i._rtgui_widget_constructor  widget.o
    0x08004c74   0x00000054   Code   RO        10998    i._rtgui_widget_destructor  widget.o
    0x08004cc8   0x00000070   Code   RO        11310    i._rtgui_win_constructor  window.o
    0x08004d38   0x0000007c   Code   RO        11311    i._rtgui_win_create_in_server  window.o
    0x08004db4   0x00000086   Code   RO        11312    i._rtgui_win_deal_close  window.o
    0x08004e3a   0x0000006e   Code   RO        11313    i._rtgui_win_destructor  window.o
    0x08004ea8   0x00000008   Code   RO        11314    i._rtgui_win_get_type  window.o
    0x08004eb0   0x0000001c   Code   RO        10529    i._rtgui_wintitle_constructor  title.o
    0x08004ecc   0x00000002   Code   RO        10530    i._rtgui_wintitle_deconstructor  title.o
    0x08004ece   0x00000002   PAD
    0x08004ed0   0x00000008   Code   RO        10531    i._rtgui_wintitle_get_type  title.o
    0x08004ed8   0x000000b0   Code   RO         5250    i._serial_dma_rx    serial.o
    0x08004f88   0x0000005c   Code   RO         5251    i._serial_dma_tx    serial.o
    0x08004fe4   0x00000098   Code   RO         5252    i._serial_int_rx    serial.o
    0x0800507c   0x0000006c   Code   RO         5253    i._serial_int_tx    serial.o
    0x080050e8   0x0000005c   Code   RO         5254    i._serial_poll_rx   serial.o
    0x08005144   0x00000054   Code   RO         5255    i._serial_poll_tx   serial.o
    0x08005198   0x0000004e   Code   RO        11000    i._widget_moveto    widget.o
    0x080051e6   0x00000036   Code   RO        11315    i._win_handle_mouse_btn  window.o
    0x0800521c   0x000000dc   Code   RO          226    i.application_entry  demo_application.o
    0x080052f8   0x00000060   Code   RO          227    i.application_init  demo_application.o
    0x08005358   0x00000070   Code   RO          192    i.assert_failed     startup.o
    0x080053c8   0x00000022   Code   RO          545    i.delay             ili_lcd_general.o
    0x080053ea   0x0000004c   Code   RO         9804    i.framebuffer_draw_raw_hline  rtgui_driver.o
    0x08005436   0x00000002   PAD
    0x08005438   0x00000020   Code   RO         5957    i.hello             cmd.o
    0x08005458   0x00000988   Code   RO          546    i.lcd_Initializtion  ili_lcd_general.o
    0x08005de0   0x00000018   Code   RO          547    i.lcd_SetCursor     ili_lcd_general.o
    0x08005df8   0x00000028   Code   RO          548    i.lcd_clear         ili_lcd_general.o
    0x08005e20   0x00000006   Code   RO          549    i.lcd_close         ili_lcd_general.o
    0x08005e26   0x00000002   PAD
    0x08005e28   0x00000058   Code   RO          550    i.lcd_control       ili_lcd_general.o
    0x08005e80   0x00000006   Code   RO          552    i.lcd_init          ili_lcd_general.o
    0x08005e86   0x00000006   Code   RO          553    i.lcd_open          ili_lcd_general.o
    0x08005e8c   0x00000008   Code   RO          554    i.lcd_port_init     ili_lcd_general.o
    0x08005e94   0x0000002c   Code   RO          555    i.lcd_read_gram     ili_lcd_general.o
    0x08005ec0   0x000000dc   Code   RO         5958    i.list              cmd.o
    0x08005f9c   0x00000010   Code   RO         5959    i.list_device       cmd.o
    0x08005fac   0x00000010   Code   RO         5960    i.list_event        cmd.o
    0x08005fbc   0x00000010   Code   RO         5961    i.list_mailbox      cmd.o
    0x08005fcc   0x00000010   Code   RO         5962    i.list_mempool      cmd.o
    0x08005fdc   0x00000010   Code   RO         5963    i.list_msgqueue     cmd.o
    0x08005fec   0x00000010   Code   RO         5964    i.list_mutex        cmd.o
    0x08005ffc   0x00000010   Code   RO         5966    i.list_sem          cmd.o
    0x0800600c   0x00000010   Code   RO         5967    i.list_thread       cmd.o
    0x0800601c   0x00000010   Code   RO         5968    i.list_timer        cmd.o
    0x0800602c   0x0000000e   Code   RO          193    i.main              startup.o
    0x0800603a   0x00000002   PAD
    0x0800603c   0x0000010c   Code   RO         4634    i.plug_holes        mem.o
    0x08006148   0x0000018c   Code   RO         4444    i.print_number      kservice.o
    0x080062d4   0x00000034   Code   RO            4    i.rt_application_init  application.o
    0x08006308   0x00000074   Code   RO         4445    i.rt_assert_handler  kservice.o
    0x0800637c   0x00000068   Code   RO         5329    i.rt_completion_done  completion.o
    0x080063e4   0x00000048   Code   RO         5330    i.rt_completion_init  completion.o
    0x0800642c   0x0000013c   Code   RO         5331    i.rt_completion_wait  completion.o
    0x08006568   0x00000034   Code   RO         4448    i.rt_console_set_device  kservice.o
    0x0800659c   0x00000068   Code   RO         5362    i.rt_data_queue_init  dataqueue.o
    0x08006604   0x00000078   Code   RO         5363    i.rt_data_queue_peak  dataqueue.o
    0x0800667c   0x000001b8   Code   RO         5364    i.rt_data_queue_pop  dataqueue.o
    0x08006834   0x00000154   Code   RO         5365    i.rt_data_queue_push  dataqueue.o
    0x08006988   0x00000058   Code   RO         4019    i.rt_device_close   device.o
    0x080069e0   0x00000040   Code   RO         4020    i.rt_device_control  device.o
    0x08006a20   0x00000050   Code   RO         4021    i.rt_device_find    device.o
    0x08006a70   0x000000e8   Code   RO         4024    i.rt_device_open    device.o
    0x08006b58   0x00000032   Code   RO         4026    i.rt_device_register  device.o
    0x08006b8a   0x00000002   PAD
    0x08006b8c   0x00000060   Code   RO         4030    i.rt_device_write   device.o
    0x08006bec   0x00000020   Code   RO         4871    i.rt_enter_critical  scheduler.o
    0x08006c0c   0x0000003c   Code   RO         4872    i.rt_exit_critical  scheduler.o
    0x08006c48   0x00000198   Code   RO         4636    i.rt_free           mem.o
    0x08006de0   0x0000007c   Code   RO          321    i.rt_hw_board_init  board.o
    0x08006e5c   0x00000002   Code   RO         4451    i.rt_hw_console_output  kservice.o
    0x08006e5e   0x00000002   PAD
    0x08006e60   0x00000200   Code   RO         5180    i.rt_hw_hard_fault_exception  cpuport.o
    0x08007060   0x0000003a   Code   RO          556    i.rt_hw_lcd_draw_blit_line  ili_lcd_general.o
    0x0800709a   0x00000036   Code   RO          557    i.rt_hw_lcd_draw_hline  ili_lcd_general.o
    0x080070d0   0x00000036   Code   RO          558    i.rt_hw_lcd_draw_vline  ili_lcd_general.o
    0x08007106   0x0000001e   Code   RO          559    i.rt_hw_lcd_get_pixel  ili_lcd_general.o
    0x08007124   0x00000050   Code   RO          560    i.rt_hw_lcd_init    ili_lcd_general.o
    0x08007174   0x0000001e   Code   RO          561    i.rt_hw_lcd_set_pixel  ili_lcd_general.o
    0x08007192   0x00000002   PAD
    0x08007194   0x00000144   Code   RO         5256    i.rt_hw_serial_isr  serial.o
    0x080072d8   0x0000007c   Code   RO         5257    i.rt_hw_serial_register  serial.o
    0x08007354   0x0000004c   Code   RO         5181    i.rt_hw_stack_init  cpuport.o
    0x080073a0   0x000000d0   Code   RO          449    i.rt_hw_usart_init  usart.o
    0x08007470   0x00000044   Code   RO            5    i.rt_init_thread_entry  application.o
    0x080074b4   0x00000024   Code   RO         4415    i.rt_interrupt_enter  irq.o
    0x080074d8   0x0000000c   Code   RO         4416    i.rt_interrupt_get_nest  irq.o
    0x080074e4   0x00000024   Code   RO         4417    i.rt_interrupt_leave  irq.o
    0x08007508   0x00000018   Code   RO         4148    i.rt_ipc_list_resume  ipc.o
    0x08007520   0x00000032   Code   RO         4149    i.rt_ipc_list_resume_all  ipc.o
    0x08007552   0x0000006c   Code   RO         4150    i.rt_ipc_list_suspend  ipc.o
    0x080075be   0x00000010   Code   RO         4151    i.rt_ipc_object_init  ipc.o
    0x080075ce   0x00000002   PAD
    0x080075d0   0x00000068   Code   RO         4452    i.rt_kprintf        kservice.o
    0x08007638   0x00000006   Code   RO         4152    i.rt_list_init      ipc.o
    0x0800763e   0x00000006   Code   RO         4873    i.rt_list_init      scheduler.o
    0x08007644   0x00000006   Code   RO         5065    i.rt_list_init      timer.o
    0x0800764a   0x00000006   Code   RO         5367    i.rt_list_init      dataqueue.o
    0x08007650   0x0000000e   Code   RO         4768    i.rt_list_insert_after  object.o
    0x0800765e   0x0000000e   Code   RO         4949    i.rt_list_insert_after  thread.o
    0x0800766c   0x0000000e   Code   RO         5066    i.rt_list_insert_after  timer.o
    0x0800767a   0x0000000e   Code   RO        10649    i.rt_list_insert_after  topwin.o
    0x08007688   0x0000000e   Code   RO         4153    i.rt_list_insert_before  ipc.o
    0x08007696   0x0000000e   Code   RO         5368    i.rt_list_insert_before  dataqueue.o
    0x080076a4   0x0000000e   Code   RO        10650    i.rt_list_insert_before  topwin.o
    0x080076b2   0x00000010   Code   RO         4154    i.rt_list_isempty   ipc.o
    0x080076c2   0x00000010   Code   RO         5067    i.rt_list_isempty   timer.o
    0x080076d2   0x00000010   Code   RO         5332    i.rt_list_isempty   completion.o
    0x080076e2   0x00000010   Code   RO         5369    i.rt_list_isempty   dataqueue.o
    0x080076f2   0x00000010   Code   RO         5969    i.rt_list_isempty   cmd.o
    0x08007702   0x00000010   Code   RO        10651    i.rt_list_isempty   topwin.o
    0x08007712   0x00000014   Code   RO         5970    i.rt_list_len       cmd.o
    0x08007726   0x00000012   Code   RO         4769    i.rt_list_remove    object.o
    0x08007738   0x00000012   Code   RO         4950    i.rt_list_remove    thread.o
    0x0800774a   0x00000012   Code   RO        10652    i.rt_list_remove    topwin.o
    0x0800775c   0x000002b4   Code   RO         4638    i.rt_malloc         mem.o
    0x08007a10   0x00000040   Code   RO         4158    i.rt_mb_detach      ipc.o
    0x08007a50   0x00000060   Code   RO         4159    i.rt_mb_init        ipc.o
    0x08007ab0   0x00000210   Code   RO         4160    i.rt_mb_recv        ipc.o
    0x08007cc0   0x00000012   Code   RO         4161    i.rt_mb_send        ipc.o
    0x08007cd2   0x00000002   PAD
    0x08007cd4   0x000001e8   Code   RO         4162    i.rt_mb_send_wait   ipc.o
    0x08007ebc   0x0000007c   Code   RO         4455    i.rt_memcpy         kservice.o
    0x08007f38   0x00000042   Code   RO         4456    i.rt_memmove        kservice.o
    0x08007f7a   0x00000048   Code   RO         4457    i.rt_memset         kservice.o
    0x08007fc2   0x00000002   PAD
    0x08007fc4   0x000000d8   Code   RO         4164    i.rt_mq_create      ipc.o
    0x0800809c   0x00000090   Code   RO         4165    i.rt_mq_delete      ipc.o
    0x0800812c   0x00000240   Code   RO         4168    i.rt_mq_recv        ipc.o
    0x0800836c   0x00000100   Code   RO         4169    i.rt_mq_send        ipc.o
    0x0800846c   0x00000054   Code   RO         4175    i.rt_mutex_init     ipc.o
    0x080084c0   0x00000170   Code   RO         4176    i.rt_mutex_release  ipc.o
    0x08008630   0x000001cc   Code   RO         4177    i.rt_mutex_take     ipc.o
    0x080087fc   0x000000b8   Code   RO         4770    i.rt_object_allocate  object.o
    0x080088b4   0x0000009c   Code   RO         4772    i.rt_object_delete  object.o
    0x08008950   0x00000054   Code   RO         4773    i.rt_object_detach  object.o
    0x080089a4   0x00000054   Code   RO         4777    i.rt_object_init    object.o
    0x080089f8   0x0000003c   Code   RO         4778    i.rt_object_is_systemobject  object.o
    0x08008a34   0x00000174   Code   RO         4641    i.rt_realloc        mem.o
    0x08008ba8   0x000000a4   Code   RO         4874    i.rt_schedule       scheduler.o
    0x08008c4c   0x00000074   Code   RO         4875    i.rt_schedule_insert_thread  scheduler.o
    0x08008cc0   0x00000080   Code   RO         4876    i.rt_schedule_remove_thread  scheduler.o
    0x08008d40   0x00000048   Code   RO         4182    i.rt_sem_init       ipc.o
    0x08008d88   0x00000054   Code   RO         4183    i.rt_sem_release    ipc.o
    0x08008ddc   0x00000188   Code   RO         4184    i.rt_sem_take       ipc.o
    0x08008f64   0x00000154   Code   RO         5258    i.rt_serial_close   serial.o
    0x080090b8   0x00000074   Code   RO         5259    i.rt_serial_control  serial.o
    0x0800912c   0x00000048   Code   RO         5260    i.rt_serial_init    serial.o
    0x08009174   0x000001e0   Code   RO         5261    i.rt_serial_open    serial.o
    0x08009354   0x0000006c   Code   RO         5262    i.rt_serial_read    serial.o
    0x080093c0   0x0000006c   Code   RO         5263    i.rt_serial_write   serial.o
    0x0800942c   0x00000028   Code   RO         4458    i.rt_set_errno      kservice.o
    0x08009454   0x000000b0   Code   RO         4459    i.rt_show_version   kservice.o
    0x08009504   0x00000026   Code   RO         4460    i.rt_snprintf       kservice.o
    0x0800952a   0x00000028   Code   RO         4464    i.rt_strdup         kservice.o
    0x08009552   0x00000012   Code   RO         4465    i.rt_strlen         kservice.o
    0x08009564   0x00000028   Code   RO         4466    i.rt_strncmp        kservice.o
    0x0800958c   0x00000034   Code   RO         4467    i.rt_strncpy        kservice.o
    0x080095c0   0x00000150   Code   RO         4642    i.rt_system_heap_init  mem.o
    0x08009710   0x00000050   Code   RO         4878    i.rt_system_scheduler_init  scheduler.o
    0x08009760   0x00000030   Code   RO         4879    i.rt_system_scheduler_start  scheduler.o
    0x08009790   0x0000001c   Code   RO         5068    i.rt_system_timer_init  timer.o
    0x080097ac   0x00000002   Code   RO         5069    i.rt_system_timer_thread_init  timer.o
    0x080097ae   0x00000002   PAD
    0x080097b0   0x00000098   Code   RO         4951    i.rt_thread_control  thread.o
    0x08009848   0x00000050   Code   RO         4952    i.rt_thread_create  thread.o
    0x08009898   0x0000005c   Code   RO         4954    i.rt_thread_delete  thread.o
    0x080098f4   0x00000054   Code   RO         4956    i.rt_thread_exit    thread.o
    0x08009948   0x00000018   Code   RO         4100    i.rt_thread_idle_entry  idle.o
    0x08009960   0x000000cc   Code   RO         4101    i.rt_thread_idle_excute  idle.o
    0x08009a2c   0x0000003c   Code   RO         4102    i.rt_thread_idle_init  idle.o
    0x08009a68   0x0000007c   Code   RO         4958    i.rt_thread_init    thread.o
    0x08009ae4   0x00000068   Code   RO         4959    i.rt_thread_resume  thread.o
    0x08009b4c   0x0000000c   Code   RO         4960    i.rt_thread_self    thread.o
    0x08009b58   0x00000088   Code   RO         4962    i.rt_thread_startup  thread.o
    0x08009be0   0x00000064   Code   RO         4963    i.rt_thread_suspend  thread.o
    0x08009c44   0x00000080   Code   RO         4964    i.rt_thread_timeout  thread.o
    0x08009cc4   0x00000060   Code   RO         4965    i.rt_thread_yield   thread.o
    0x08009d24   0x0000000c   Code   RO         3983    i.rt_tick_get       clock.o
    0x08009d30   0x00000030   Code   RO         3984    i.rt_tick_increase  clock.o
    0x08009d60   0x0000009c   Code   RO         5070    i.rt_timer_check    timer.o
    0x08009dfc   0x00000064   Code   RO         5071    i.rt_timer_control  timer.o
    0x08009e60   0x00000044   Code   RO         5074    i.rt_timer_detach   timer.o
    0x08009ea4   0x00000054   Code   RO         5075    i.rt_timer_init     timer.o
    0x08009ef8   0x0000016c   Code   RO         5078    i.rt_timer_start    timer.o
    0x0800a064   0x0000006c   Code   RO         5079    i.rt_timer_stop     timer.o
    0x0800a0d0   0x00000328   Code   RO         4469    i.rt_vsnprintf      kservice.o
    0x0800a3f8   0x00000060   Code   RO        10157    i.rtgui_ack         rtgui_system.o
    0x0800a458   0x00000120   Code   RO         9605    i.rtgui_app_create  rtgui_app.o
    0x0800a578   0x00000158   Code   RO         9606    i.rtgui_app_destroy  rtgui_app.o
    0x0800a6d0   0x000001b8   Code   RO         9607    i.rtgui_app_event_handler  rtgui_app.o
    0x0800a888   0x00000012   Code   RO         9608    i.rtgui_app_exit    rtgui_app.o
    0x0800a89a   0x00000002   PAD
    0x0800a89c   0x000000c0   Code   RO         9611    i.rtgui_app_run     rtgui_app.o
    0x0800a95c   0x0000000e   Code   RO         9612    i.rtgui_app_self    rtgui_app.o
    0x0800a96a   0x00000002   PAD
    0x0800a96c   0x000000a8   Code   RO         9614    i.rtgui_app_set_main_win  rtgui_app.o
    0x0800aa14   0x000000d6   Code   RO         7008    i.rtgui_blit        blit.o
    0x0800aaea   0x00000002   Code   RO         7009    i.rtgui_blit_line_1_2  blit.o
    0x0800aaec   0x00000002   Code   RO         7010    i.rtgui_blit_line_1_3  blit.o
    0x0800aaee   0x00000002   Code   RO         7011    i.rtgui_blit_line_1_4  blit.o
    0x0800aaf0   0x00000002   Code   RO         7012    i.rtgui_blit_line_2_1  blit.o
    0x0800aaf2   0x00000038   Code   RO         7013    i.rtgui_blit_line_2_2_inv  blit.o
    0x0800ab2a   0x00000002   PAD
    0x0800ab2c   0x0000003c   Code   RO         7014    i.rtgui_blit_line_2_3  blit.o
    0x0800ab68   0x00000002   Code   RO         7015    i.rtgui_blit_line_2_4  blit.o
    0x0800ab6a   0x0000002c   Code   RO         7016    i.rtgui_blit_line_3_1  blit.o
    0x0800ab96   0x00000036   Code   RO         7017    i.rtgui_blit_line_3_2  blit.o
    0x0800abcc   0x00000036   Code   RO         7018    i.rtgui_blit_line_3_2_inv  blit.o
    0x0800ac02   0x00000034   Code   RO         7019    i.rtgui_blit_line_3_4  blit.o
    0x0800ac36   0x0000002e   Code   RO         7020    i.rtgui_blit_line_4_1  blit.o
    0x0800ac64   0x00000230   Code   RO         7021    i.rtgui_blit_line_4_2  blit.o
    0x0800ae94   0x00000030   Code   RO         7022    i.rtgui_blit_line_4_3  blit.o
    0x0800aec4   0x00000014   Code   RO         7023    i.rtgui_blit_line_direct  blit.o
    0x0800aed8   0x00000064   Code   RO         7156    i.rtgui_box_layout  box.o
    0x0800af3c   0x00000192   Code   RO         7157    i.rtgui_box_layout_horizontal  box.o
    0x0800b0ce   0x000001aa   Code   RO         7159    i.rtgui_box_layout_vertical  box.o
    0x0800b278   0x00000030   Code   RO         9291    i.rtgui_break       region.o
    0x0800b2a8   0x000000d0   Code   RO         9292    i.rtgui_coalesce    region.o
    0x0800b378   0x00000036   Code   RO         9805    i.rtgui_color_from_565  rtgui_driver.o
    0x0800b3ae   0x00000036   Code   RO         9806    i.rtgui_color_from_565p  rtgui_driver.o
    0x0800b3e4   0x00000020   Code   RO         7248    i.rtgui_color_get_bpp  color.o
    0x0800b404   0x0000001e   Code   RO         9807    i.rtgui_color_to_565  rtgui_driver.o
    0x0800b422   0x0000001c   Code   RO         9808    i.rtgui_color_to_565p  rtgui_driver.o
    0x0800b43e   0x00000018   Code   RO         9809    i.rtgui_color_to_888  rtgui_driver.o
    0x0800b456   0x0000001c   Code   RO         9810    i.rtgui_color_to_mono  rtgui_driver.o
    0x0800b472   0x00000028   Code   RO         7276    i.rtgui_container_broadcast_event  container.o
    0x0800b49a   0x0000005a   Code   RO         7279    i.rtgui_container_destroy_children  container.o
    0x0800b4f4   0x0000002e   Code   RO         7280    i.rtgui_container_dispatch_event  container.o
    0x0800b522   0x00000054   Code   RO         7281    i.rtgui_container_dispatch_mouse_event  container.o
    0x0800b576   0x00000002   PAD
    0x0800b578   0x0000011c   Code   RO         7282    i.rtgui_container_event_handler  container.o
    0x0800b694   0x00000016   Code   RO         7285    i.rtgui_container_layout  container.o
    0x0800b6aa   0x00000002   PAD
    0x0800b6ac   0x00000124   Code   RO         7439    i.rtgui_dc_begin_drawing  dc.o
    0x0800b7d0   0x00000164   Code   RO         7797    i.rtgui_dc_blend_point  dc_blend.o
    0x0800b934   0x00000008   Code   RO         8052    i.rtgui_dc_buffer_get_pixel  dc_buffer.o
    0x0800b93c   0x00000002   Code   RO         8150    i.rtgui_dc_client_blit  dc_client.o
    0x0800b93e   0x00000174   Code   RO         8151    i.rtgui_dc_client_blit_line  dc_client.o
    0x0800bab2   0x00000012   Code   RO         8152    i.rtgui_dc_client_create  dc_client.o
    0x0800bac4   0x00000054   Code   RO         8153    i.rtgui_dc_client_draw_color_point  dc_client.o
    0x0800bb18   0x00000120   Code   RO         8154    i.rtgui_dc_client_draw_hline  dc_client.o
    0x0800bc38   0x00000052   Code   RO         8155    i.rtgui_dc_client_draw_point  dc_client.o
    0x0800bc8a   0x00000120   Code   RO         8156    i.rtgui_dc_client_draw_vline  dc_client.o
    0x0800bdaa   0x00000002   PAD
    0x0800bdac   0x00000074   Code   RO         8157    i.rtgui_dc_client_fill_rect  dc_client.o
    0x0800be20   0x00000012   Code   RO         8158    i.rtgui_dc_client_fini  dc_client.o
    0x0800be32   0x00000002   PAD
    0x0800be34   0x0000003c   Code   RO         8159    i.rtgui_dc_client_init  dc_client.o
    0x0800be70   0x00000114   Code   RO         7443    i.rtgui_dc_draw_border  dc.o
    0x0800bf84   0x00000020   Code   RO         7448    i.rtgui_dc_draw_hline  dc.o
    0x0800bfa4   0x00000020   Code   RO        11316    i.rtgui_dc_draw_hline  window.o
    0x0800bfc4   0x00000060   Code   RO         7451    i.rtgui_dc_draw_mono_bmp  dc.o
    0x0800c024   0x00000016   Code   RO         7453    i.rtgui_dc_draw_point  dc.o
    0x0800c03a   0x00000054   Code   RO         7455    i.rtgui_dc_draw_rect  dc.o
    0x0800c08e   0x00000002   PAD
    0x0800c090   0x00000090   Code   RO         7457    i.rtgui_dc_draw_shaded_rect  dc.o
    0x0800c120   0x00000078   Code   RO         7458    i.rtgui_dc_draw_text  dc.o
    0x0800c198   0x00000020   Code   RO         7461    i.rtgui_dc_draw_vline  dc.o
    0x0800c1b8   0x00000020   Code   RO        11317    i.rtgui_dc_draw_vline  window.o
    0x0800c1d8   0x00000024   Code   RO         7462    i.rtgui_dc_draw_word  dc.o
    0x0800c1fc   0x000000b0   Code   RO         7463    i.rtgui_dc_end_drawing  dc.o
    0x0800c2ac   0x00000012   Code   RO        11318    i.rtgui_dc_fill_rect  window.o
    0x0800c2be   0x00000002   PAD
    0x0800c2c0   0x00000080   Code   RO         7471    i.rtgui_dc_get_gc   dc.o
    0x0800c340   0x00000060   Code   RO         7472    i.rtgui_dc_get_pixel_format  dc.o
    0x0800c3a0   0x00000064   Code   RO         7474    i.rtgui_dc_get_visible  dc.o
    0x0800c404   0x00000002   Code   RO         8266    i.rtgui_dc_hw_blit  dc_hw.o
    0x0800c406   0x00000002   PAD
    0x0800c408   0x000000bc   Code   RO         8267    i.rtgui_dc_hw_blit_line  dc_hw.o
    0x0800c4c4   0x00000034   Code   RO         8268    i.rtgui_dc_hw_create  dc_hw.o
    0x0800c4f8   0x00000074   Code   RO         8269    i.rtgui_dc_hw_draw_color_point  dc_hw.o
    0x0800c56c   0x000000bc   Code   RO         8270    i.rtgui_dc_hw_draw_hline  dc_hw.o
    0x0800c628   0x00000078   Code   RO         8271    i.rtgui_dc_hw_draw_point  dc_hw.o
    0x0800c6a0   0x000000bc   Code   RO         8272    i.rtgui_dc_hw_draw_vline  dc_hw.o
    0x0800c75c   0x0000010c   Code   RO         8273    i.rtgui_dc_hw_fill_rect  dc_hw.o
    0x0800c868   0x00000018   Code   RO         8274    i.rtgui_dc_hw_fini  dc_hw.o
    0x0800c880   0x00000040   Code   RO         8543    i.rtgui_filerw_close  filerw.o
    0x0800c8c0   0x00000044   Code   RO         8547    i.rtgui_filerw_read  filerw.o
    0x0800c904   0x0000003c   Code   RO         8548    i.rtgui_filerw_seek  filerw.o
    0x0800c940   0x00000034   Code   RO         8549    i.rtgui_filerw_tell  filerw.o
    0x0800c974   0x00000140   Code   RO         8795    i.rtgui_fnt_font_draw_text  font_fnt.o
    0x0800cab4   0x00000078   Code   RO         8796    i.rtgui_fnt_font_get_metrics  font_fnt.o
    0x0800cb2c   0x0000000c   Code   RO         8626    i.rtgui_font_default  font.o
    0x0800cb38   0x00000054   Code   RO         8628    i.rtgui_font_draw   font.o
    0x0800cb8c   0x0000004c   Code   RO         8629    i.rtgui_font_get_metrics  font.o
    0x0800cbd8   0x0000000c   Code   RO         8632    i.rtgui_font_set_defaut  font.o
    0x0800cbe4   0x00000048   Code   RO         8633    i.rtgui_font_system_add_font  font.o
    0x0800cc2c   0x00000024   Code   RO         8634    i.rtgui_font_system_init  font.o
    0x0800cc50   0x0000004c   Code   RO         9811    i.rtgui_framebuffer_get_ops  rtgui_driver.o
    0x0800cc9c   0x0000000c   Code   RO        10158    i.rtgui_free        rtgui_system.o
    0x0800cca8   0x00000010   Code   RO        10159    i.rtgui_get_mainwin_rect  rtgui_system.o
    0x0800ccb8   0x0000000c   Code   RO        10364    i.rtgui_get_server  server.o
    0x0800ccc4   0x0000000c   Code   RO         9812    i.rtgui_graphic_driver_get_default  rtgui_driver.o
    0x0800ccd0   0x00000044   Code   RO         9814    i.rtgui_graphic_driver_get_rect  rtgui_driver.o
    0x0800cd14   0x00000004   Code   RO         9815    i.rtgui_graphic_driver_is_vmode  rtgui_driver.o
    0x0800cd18   0x00000040   Code   RO         9816    i.rtgui_graphic_driver_screen_update  rtgui_driver.o
    0x0800cd58   0x00000008   Code   RO         9818    i.rtgui_graphic_get_device  rtgui_driver.o
    0x0800cd60   0x000000d4   Code   RO         9819    i.rtgui_graphic_set_device  rtgui_driver.o
    0x0800ce34   0x00000428   Code   RO         8997    i.rtgui_image_hdc_blit  image_hdc.o
    0x0800d25c   0x0000005c   Code   RO         8998    i.rtgui_image_hdc_check  image_hdc.o
    0x0800d2b8   0x00000010   Code   RO         8999    i.rtgui_image_hdc_init  image_hdc.o
    0x0800d2c8   0x000000cc   Code   RO         9000    i.rtgui_image_hdc_load  image_hdc.o
    0x0800d394   0x00000024   Code   RO         9001    i.rtgui_image_hdc_unload  image_hdc.o
    0x0800d3b8   0x00000150   Code   RO         9002    i.rtgui_image_hdcmm_blit  image_hdc.o
    0x0800d508   0x00000048   Code   RO         8889    i.rtgui_image_register_engine  image.o
    0x0800d550   0x0000001e   Code   RO         7288    i.rtgui_list_remove  container.o
    0x0800d56e   0x00000010   Code   RO        10161    i.rtgui_malloc      rtgui_system.o
    0x0800d57e   0x00000002   PAD
    0x0800d580   0x0000001c   Code   RO         9184    i.rtgui_mouse_fini  mouse.o
    0x0800d59c   0x00000050   Code   RO         9185    i.rtgui_mouse_init  mouse.o
    0x0800d5ec   0x00000044   Code   RO         9186    i.rtgui_mouse_monitor_append  mouse.o
    0x0800d630   0x00000034   Code   RO         9187    i.rtgui_mouse_monitor_contains_point  mouse.o
    0x0800d664   0x00000028   Code   RO         9189    i.rtgui_mouse_moveto  mouse.o
    0x0800d68c   0x00000014   Code   RO         9190    i.rtgui_mouse_set_position  mouse.o
    0x0800d6a0   0x00000026   Code   RO        10047    i.rtgui_object_create  rtgui_object.o
    0x0800d6c6   0x00000002   PAD
    0x0800d6c8   0x0000004c   Code   RO        10048    i.rtgui_object_destroy  rtgui_object.o
    0x0800d714   0x00000006   Code   RO        10049    i.rtgui_object_event_handler  rtgui_object.o
    0x0800d71a   0x00000018   Code   RO         9617    i.rtgui_object_handle  rtgui_app.o
    0x0800d732   0x00000002   PAD
    0x0800d734   0x00000030   Code   RO        10052    i.rtgui_object_set_event_handler  rtgui_object.o
    0x0800d764   0x00000524   Code   RO         9293    i.rtgui_op          region.o
    0x0800dc88   0x00000038   Code   RO         9820    i.rtgui_pixel_device_get_ops  rtgui_driver.o
    0x0800dcc0   0x00000094   Code   RO         9294    i.rtgui_rect_alloc  region.o
    0x0800dd54   0x0000002c   Code   RO         9295    i.rtgui_rect_contains_point  region.o
    0x0800dd80   0x00000022   Code   RO         9296    i.rtgui_rect_inflate  region.o
    0x0800dda2   0x0000001c   Code   RO         9299    i.rtgui_rect_is_equal  region.o
    0x0800ddbe   0x000001f8   Code   RO         9300    i.rtgui_rect_is_intersect  region.o
    0x0800dfb6   0x00000022   Code   RO         9301    i.rtgui_rect_moveto  region.o
    0x0800dfd8   0x000000be   Code   RO         9302    i.rtgui_rect_moveto_align  region.o
    0x0800e096   0x00000002   PAD
    0x0800e098   0x00000070   Code   RO        10163    i.rtgui_recv        rtgui_system.o
    0x0800e108   0x000000d4   Code   RO         9305    i.rtgui_region_appendNonO  region.o
    0x0800e1dc   0x00000098   Code   RO         9306    i.rtgui_region_contains_point  region.o
    0x0800e274   0x0000009e   Code   RO         9308    i.rtgui_region_copy  region.o
    0x0800e312   0x00000002   Code   RO         9312    i.rtgui_region_extents  region.o
    0x0800e314   0x00000016   Code   RO         9313    i.rtgui_region_fini  region.o
    0x0800e32a   0x00000002   PAD
    0x0800e32c   0x00000018   Code   RO         9314    i.rtgui_region_init  region.o
    0x0800e344   0x0000001e   Code   RO         9315    i.rtgui_region_init_rect  region.o
    0x0800e362   0x0000000e   Code   RO         9316    i.rtgui_region_init_with_extents  region.o
    0x0800e370   0x000001c0   Code   RO         9317    i.rtgui_region_intersect  region.o
    0x0800e530   0x00000154   Code   RO         9318    i.rtgui_region_intersectO  region.o
    0x0800e684   0x00000030   Code   RO         9319    i.rtgui_region_intersect_rect  region.o
    0x0800e6b4   0x0000001e   Code   RO         9321    i.rtgui_region_is_flat  region.o
    0x0800e6d2   0x00000014   Code   RO         9322    i.rtgui_region_not_empty  region.o
    0x0800e6e6   0x00000010   Code   RO         9323    i.rtgui_region_num_rects  region.o
    0x0800e6f6   0x00000020   Code   RO         9325    i.rtgui_region_reset  region.o
    0x0800e716   0x00000002   PAD
    0x0800e718   0x000000c0   Code   RO         9326    i.rtgui_region_subtract  region.o
    0x0800e7d8   0x00000288   Code   RO         9327    i.rtgui_region_subtractO  region.o
    0x0800ea60   0x00000030   Code   RO         9328    i.rtgui_region_subtract_rect  region.o
    0x0800ea90   0x00000184   Code   RO         9330    i.rtgui_region_union  region.o
    0x0800ec14   0x000003a0   Code   RO         9331    i.rtgui_region_unionO  region.o
    0x0800efb4   0x00000030   Code   RO         9332    i.rtgui_region_union_rect  region.o
    0x0800efe4   0x00000014   Code   RO        10165    i.rtgui_screen_lock  rtgui_system.o
    0x0800eff8   0x00000010   Code   RO        10168    i.rtgui_screen_unlock  rtgui_system.o
    0x0800f008   0x000000ac   Code   RO        10169    i.rtgui_send        rtgui_system.o
    0x0800f0b4   0x000000e4   Code   RO        10170    i.rtgui_send_sync   rtgui_system.o
    0x0800f198   0x00000070   Code   RO        10365    i.rtgui_server_entry  server.o
    0x0800f208   0x00000240   Code   RO        10366    i.rtgui_server_event_handler  server.o
    0x0800f448   0x0000006c   Code   RO        10367    i.rtgui_server_handle_kbd  server.o
    0x0800f4b4   0x00000010   Code   RO        10368    i.rtgui_server_handle_monitor_add  server.o
    0x0800f4c4   0x00000058   Code   RO        10370    i.rtgui_server_handle_mouse_btn  server.o
    0x0800f51c   0x0000005c   Code   RO        10371    i.rtgui_server_handle_mouse_motion  server.o
    0x0800f578   0x00000002   Code   RO        10372    i.rtgui_server_handle_touch  server.o
    0x0800f57a   0x00000018   Code   RO        10373    i.rtgui_server_handle_update  server.o
    0x0800f592   0x00000002   PAD
    0x0800f594   0x00000030   Code   RO        10374    i.rtgui_server_init  server.o
    0x0800f5c4   0x0000004c   Code   RO        10377    i.rtgui_server_post_event  server.o
    0x0800f610   0x00000050   Code   RO        10378    i.rtgui_server_post_event_sync  server.o
    0x0800f660   0x000000f0   Code   RO         9334    i.rtgui_set_extents  region.o
    0x0800f750   0x00000010   Code   RO        10172    i.rtgui_set_mainwin_rect  rtgui_system.o
    0x0800f760   0x00000008   Code   RO         8890    i.rtgui_system_image_init  image.o
    0x0800f768   0x00000048   Code   RO        10173    i.rtgui_system_server_init  rtgui_system.o
    0x0800f7b0   0x00000310   Code   RO        11320    i.rtgui_theme_draw_win  window.o
    0x0800fac0   0x00000050   Code   RO        10176    i.rtgui_timer_destory  rtgui_system.o
    0x0800fb10   0x00000038   Code   RO        10179    i.rtgui_timer_stop  rtgui_system.o
    0x0800fb48   0x0000003c   Code   RO        10655    i.rtgui_topwin_activate  topwin.o
    0x0800fb84   0x00000100   Code   RO        10656    i.rtgui_topwin_activate_topwin  topwin.o
    0x0800fc84   0x000000cc   Code   RO        10657    i.rtgui_topwin_add  topwin.o
    0x0800fd50   0x0000002c   Code   RO        10658    i.rtgui_topwin_append_monitor_rect  topwin.o
    0x0800fd7c   0x00000010   Code   RO        10660    i.rtgui_topwin_get_focus  topwin.o
    0x0800fd8c   0x0000003c   Code   RO        10661    i.rtgui_topwin_get_topmost_window_shown  topwin.o
    0x0800fdc8   0x00000018   Code   RO        10664    i.rtgui_topwin_get_wnd_no_modaled  topwin.o
    0x0800fde0   0x000000a0   Code   RO        10665    i.rtgui_topwin_hide  topwin.o
    0x0800fe80   0x0000001c   Code   RO        10666    i.rtgui_topwin_init  topwin.o
    0x0800fe9c   0x000000f4   Code   RO        10667    i.rtgui_topwin_modal_enter  topwin.o
    0x0800ff90   0x000000b0   Code   RO        10668    i.rtgui_topwin_move  topwin.o
    0x08010040   0x00000034   Code   RO        10669    i.rtgui_topwin_redraw  topwin.o
    0x08010074   0x00000068   Code   RO        10670    i.rtgui_topwin_remove  topwin.o
    0x080100dc   0x00000058   Code   RO        10672    i.rtgui_topwin_resize  topwin.o
    0x08010134   0x00000034   Code   RO        10673    i.rtgui_topwin_search_in_list  topwin.o
    0x08010168   0x00000040   Code   RO        10674    i.rtgui_topwin_show  topwin.o
    0x080101a8   0x000000b0   Code   RO        10675    i.rtgui_topwin_update_clip  topwin.o
    0x08010258   0x0000001e   Code   RO        10054    i.rtgui_type_destructors_call  rtgui_object.o
    0x08010276   0x0000001a   Code   RO        10055    i.rtgui_type_inherits_from  rtgui_object.o
    0x08010290   0x0000001e   Code   RO        10057    i.rtgui_type_object_construct  rtgui_object.o
    0x080102ae   0x00000028   Code   RO        11001    i.rtgui_widget_clip_parent  widget.o
    0x080102d6   0x00000028   Code   RO        11002    i.rtgui_widget_clip_return  widget.o
    0x080102fe   0x00000010   Code   RO        11003    i.rtgui_widget_create  widget.o
    0x0801030e   0x0000000c   Code   RO        11004    i.rtgui_widget_destroy  widget.o
    0x0801031a   0x00000002   PAD
    0x0801031c   0x0000009c   Code   RO        11005    i.rtgui_widget_event_handler  widget.o
    0x080103b8   0x0000009c   Code   RO        11006    i.rtgui_widget_focus  widget.o
    0x08010454   0x00000050   Code   RO        11007    i.rtgui_widget_get_extent  widget.o
    0x080104a4   0x0000004c   Code   RO        11012    i.rtgui_widget_get_rect  widget.o
    0x080104f0   0x0000006c   Code   RO        11014    i.rtgui_widget_hide  widget.o
    0x0801055c   0x00000076   Code   RO        11016    i.rtgui_widget_move_to_logic  widget.o
    0x080105d2   0x00000022   Code   RO        11017    i.rtgui_widget_onhide  widget.o
    0x080105f4   0x00000018   Code   RO        11018    i.rtgui_widget_onpaint  widget.o
    0x0801060c   0x00000022   Code   RO        11019    i.rtgui_widget_onshow  widget.o
    0x0801062e   0x00000002   PAD
    0x08010630   0x00000048   Code   RO        11020    i.rtgui_widget_onupdate_toplvl  widget.o
    0x08010678   0x000000b2   Code   RO        11033    i.rtgui_widget_set_rect  widget.o
    0x0801072a   0x00000002   PAD
    0x0801072c   0x0000006c   Code   RO        11035    i.rtgui_widget_show  widget.o
    0x08010798   0x0000008c   Code   RO        11036    i.rtgui_widget_unfocus  widget.o
    0x08010824   0x00000060   Code   RO        11037    i.rtgui_widget_update  widget.o
    0x08010884   0x000000aa   Code   RO        11038    i.rtgui_widget_update_clip  widget.o
    0x0801092e   0x0000002e   Code   RO        11322    i.rtgui_win_close   window.o
    0x0801095c   0x00000042   Code   RO        11323    i.rtgui_win_create  window.o
    0x0801099e   0x00000076   Code   RO        11324    i.rtgui_win_destroy  window.o
    0x08010a14   0x000000c4   Code   RO        11325    i.rtgui_win_do_show  window.o
    0x08010ad8   0x0000002c   Code   RO        11326    i.rtgui_win_end_modal  window.o
    0x08010b04   0x0000005a   Code   RO        11327    i.rtgui_win_enter_modal  window.o
    0x08010b5e   0x00000002   PAD
    0x08010b60   0x00000204   Code   RO        11328    i.rtgui_win_event_handler  window.o
    0x08010d64   0x0000009c   Code   RO        11331    i.rtgui_win_hide    window.o
    0x08010e00   0x000000f8   Code   RO        11332    i.rtgui_win_init    window.o
    0x08010ef8   0x000000be   Code   RO        11334    i.rtgui_win_move    window.o
    0x08010fb6   0x0000005c   Code   RO        11335    i.rtgui_win_ondraw  window.o
    0x08011012   0x00000034   Code   RO        11342    i.rtgui_win_show    window.o
    0x08011046   0x00000094   Code   RO        11343    i.rtgui_win_update_clip  window.o
    0x080110da   0x00000002   PAD
    0x080110dc   0x00000114   Code   RO        10532    i.rtgui_wintile_event_handler  title.o
    0x080111f0   0x00000018   Code   RO        10533    i.rtgui_wintitle_create  title.o
    0x08011208   0x00000034   Code   RO          194    i.rtthread_startup  startup.o
    0x0801123c   0x00000030   Code   RO         5971    i.show_wait_queue   cmd.o
    0x0801126c   0x00000026   Code   RO         4471    i.skip_atoi         kservice.o
    0x08011292   0x00000002   PAD
    0x08011294   0x000000e8   Code   RO          450    i.stm32_configure   usart.o
    0x0801137c   0x00000090   Code   RO          451    i.stm32_control     usart.o
    0x0801140c   0x00000044   Code   RO          452    i.stm32_getc        usart.o
    0x08011450   0x00000044   Code   RO          453    i.stm32_putc        usart.o
    0x08011494   0x0000000a   Code   RO         5974    i.version           cmd.o
    0x0801149e   0x00000008   Code   RO          562    i.write_cmd         ili_lcd_general.o
    0x080114a6   0x00000008   Code   RO          563    i.write_data        ili_lcd_general.o
    0x080114ae   0x00000014   Code   RO          564    i.write_reg         ili_lcd_general.o
    0x080114c2   0x00000002   PAD
    0x080114c4   0x00000008   Data   RO          228    .constdata          demo_application.o
    0x080114cc   0x00000050   Data   RO          455    .constdata          usart.o
    0x0801151c   0x0000000c   Data   RO          566    .constdata          ili_lcd_general.o
    0x08011528   0x000000a8   Data   RO         4031    .constdata          device.o
    0x080115d0   0x00000016   Data   RO         4105    .constdata          idle.o
    0x080115e6   0x000001d7   Data   RO         4186    .constdata          ipc.o
    0x080117bd   0x00000122   Data   RO         4473    .constdata          kservice.o
    0x080118df   0x00000046   Data   RO         4644    .constdata          mem.o
    0x08011925   0x0000005e   Data   RO         4783    .constdata          object.o
    0x08011983   0x0000004e   Data   RO         4881    .constdata          scheduler.o
    0x080119d1   0x000000aa   Data   RO         4966    .constdata          thread.o
    0x08011a7b   0x0000005c   Data   RO         5081    .constdata          timer.o
    0x08011ad7   0x000000d3   Data   RO         5264    .constdata          serial.o
    0x08011baa   0x00000039   Data   RO         5333    .constdata          completion.o
    0x08011be3   0x0000004b   Data   RO         5370    .constdata          dataqueue.o
    0x08011c2e   0x00000002   PAD
    0x08011c30   0x00000050   Data   RO         5975    .constdata          cmd.o
    0x08011c80   0x00000e00   Data   RO         6933    .constdata          asc12font.o
    0x08012a80   0x000012f4   Data   RO         7026    .constdata          blit.o
    0x08013d74   0x0000003b   Data   RO         7160    .constdata          box.o
    0x08013daf   0x00000001   PAD
    0x08013db0   0x0000002a   Data   RO         7249    .constdata          color.o
    0x08013dda   0x00000002   PAD
    0x08013ddc   0x00000089   Data   RO         7289    .constdata          container.o
    0x08013e65   0x00000148   Data   RO         7478    .constdata          dc.o
    0x08013fad   0x000000b4   Data   RO         7806    .constdata          dc_blend.o
    0x08014061   0x00000003   PAD
    0x08014064   0x0000004f   Data   RO         8160    .constdata          dc_client.o
    0x080140b3   0x00000001   PAD
    0x080140b4   0x000000ae   Data   RO         8275    .constdata          dc_hw.o
    0x08014162   0x0000008e   Data   RO         8551    .constdata          filerw.o
    0x080141f0   0x0000004d   Data   RO         8636    .constdata          font.o
    0x0801423d   0x00000003   PAD
    0x08014240   0x00000044   Data   RO         8797    .constdata          font_fnt.o
    0x08014284   0x00000056   Data   RO         8891    .constdata          image.o
    0x080142da   0x00000002   PAD
    0x080142dc   0x00000044   Data   RO         9003    .constdata          image_hdc.o
    0x08014320   0x00000094   Data   RO         9335    .constdata          region.o
    0x080143b4   0x000000f6   Data   RO         9618    .constdata          rtgui_app.o
    0x080144aa   0x00000002   PAD
    0x080144ac   0x000000c4   Data   RO         9822    .constdata          rtgui_driver.o
    0x08014570   0x00000048   Data   RO        10059    .constdata          rtgui_object.o
    0x080145b8   0x000000ab   Data   RO        10181    .constdata          rtgui_system.o
    0x08014663   0x00000033   Data   RO        10379    .constdata          server.o
    0x08014696   0x00000002   PAD
    0x08014698   0x00000030   Data   RO        10535    .constdata          title.o
    0x080146c8   0x0000022a   Data   RO        10679    .constdata          topwin.o
    0x080148f2   0x00000002   PAD
    0x080148f4   0x00000217   Data   RO        11039    .constdata          widget.o
    0x08014b0b   0x00000001   PAD
    0x08014b0c   0x000000a4   Data   RO        11344    .constdata          window.o
    0x08014bb0   0x000000ed   Data   RO         4645    .conststring        mem.o
    0x08014c9d   0x00000003   PAD
    0x08014ca0   0x000001ad   Data   RO         5976    .conststring        cmd.o
    0x08014e4d   0x00000003   PAD
    0x08014e50   0x00000004   Data   RO         6934    .conststring        asc12font.o
    0x08014e54   0x00000004   Data   RO         7161    .conststring        box.o
    0x08014e58   0x0000000a   Data   RO         7290    .conststring        container.o
    0x08014e62   0x00000002   PAD
    0x08014e64   0x0000000a   Data   RO         9004    .conststring        image_hdc.o
    0x08014e6e   0x00000002   PAD
    0x08014e70   0x0000000c   Data   RO         9619    .conststring        rtgui_app.o
    0x08014e7c   0x00000007   Data   RO        10060    .conststring        rtgui_object.o
    0x08014e83   0x00000001   PAD
    0x08014e84   0x00000009   Data   RO        10536    .conststring        title.o
    0x08014e8d   0x00000003   PAD
    0x08014e90   0x00000007   Data   RO        11040    .conststring        widget.o
    0x08014e97   0x00000001   PAD
    0x08014e98   0x00000004   Data   RO        11345    .conststring        window.o
    0x08014e9c   0x000001b3   Data   RO         5978    .rodata.name        cmd.o
    0x0801504f   0x00000001   PAD
    0x08015050   0x00000090   Data   RO         5979    FSymTab             cmd.o
    0x080150e0   0x00000020   Data   RO        11781    Region$$Table       anon$$obj.o
    0x08015100   0x00000010   Data   RO         5980    VSymTab             cmd.o


    Execution Region RW_IRAM1 (Base: 0x20000000, Size: 0x00000b08, Max: 0x00010000, ABSOLUTE, COMPRESSED[0x000000dc])

    Base Addr    Size         Type   Attr      Idx    E Section Name        Object

    0x20000000   0x00000008   Data   RW          229    .data               demo_application.o
    0x20000008   0x00000018   Data   RW          456    .data               usart.o
    0x20000020   0x00000018   Data   RW          567    .data               ili_lcd_general.o
    0x20000038   0x00000010   Data   RW          693    .data               touch.o
    0x20000048   0x00000014   Data   RW          787    .data               system_stm32f10x.o
    0x2000005c   0x00000014   Data   RW          907    .data               stm32f10x_rcc.o
    0x20000070   0x00000004   Data   RW         3986    .data               clock.o
    0x20000074   0x00000004   Data   RW         4106    .data               idle.o
    0x20000078   0x00000001   Data   RW         4418    .data               irq.o
    0x20000079   0x00000003   PAD
    0x2000007c   0x0000000c   Data   RW         4474    .data               kservice.o
    0x20000088   0x00000020   Data   RW         4646    .data               mem.o
    0x200000a8   0x000000a4   Data   RW         4784    .data               object.o
    0x2000014c   0x0000001c   Data   RW         4882    .data               scheduler.o
    0x20000168   0x00000010   Data   RW         5082    .data               timer.o
    0x20000178   0x00000010   Data   RW         5183    .data               cpuport.o
    0x20000188   0x00000010   Data   RW         5935    .data               symbol.o
    0x20000198   0x00000004   Data   RW         5977    .data               cmd.o
    0x2000019c   0x00000004   Data   RW         6759    .data               finsh_var.o
    0x200001a0   0x0000000c   Data   RW         6809    .data               finsh_vm.o
    0x200001ac   0x00000018   Data   RW         6935    .data               asc12font.o
    0x200001c4   0x00000024   Data   RW         7027    .data               blit.o
    0x200001e8   0x00000008   Data   RW         8637    .data               font.o
    0x200001f0   0x00000004   Data   RW         8892    .data               image.o
    0x200001f4   0x00000018   Data   RW         9005    .data               image_hdc.o
    0x2000020c   0x00000004   Data   RW         9191    .data               mouse.o
    0x20000210   0x0000001c   Data   RW         9336    .data               region.o
    0x2000022c   0x00000004   Data   RW         9823    .data               rtgui_driver.o
    0x20000230   0x00000008   Data   RW        10182    .data               rtgui_system.o
    0x20000238   0x00000010   Data   RW        10380    .data               server.o
    0x20000248   0x00000008   Data   RW        10680    .data               topwin.o
    0x20000250   0x000000fc   Zero   RW          454    .bss                usart.o
    0x2000034c   0x00000040   Zero   RW          565    .bss                ili_lcd_general.o
    0x2000038c   0x00000180   Zero   RW         4104    .bss                idle.o
    0x2000050c   0x00000080   Zero   RW         4472    .bss                kservice.o
    0x2000058c   0x00000020   Zero   RW         4643    .bss                mem.o
    0x200005ac   0x00000100   Zero   RW         4880    .bss                scheduler.o
    0x200006ac   0x00000018   Zero   RW         9821    .bss                rtgui_driver.o
    0x200006c4   0x00000024   Zero   RW        10180    .bss                rtgui_system.o
    0x200006e8   0x00000020   Zero   RW        10678    .bss                topwin.o
    0x20000708   0x00000400   Zero   RW         3974    STACK               startup_stm32f10x_hd.o


==============================================================================

Image component sizes


      Code (inc. data)   RO Data    RW Data    ZI Data      Debug   Object Name

       120         36          0          0          0     259757   application.o
         0          0       3588         24          0      24642   asc12font.o
      4632         44       4852         36          0      27233   blit.o
       154         22          0          0          0      23673   board.o
       954         22         63          0          0      29418   box.o
        60         12          0          4          0       1157   clock.o
      2522       1268       1104          4          0      17129   cmd.o
        32          6         42          0          0       1415   color.o
       508        176         57          0          0       4035   completion.o
       662         54        147          0          0      38984   container.o
       236         24          0          0          0        776   context_rvds.o
       588        328          0         16          0       3126   cpuport.o
      1040        216         75          0          0       8111   dataqueue.o
      1634        208        328          0          0      46264   dc.o
      2006         28        180          0          0      43788   dc_blend.o
         8          0          0          0          0      25331   dc_buffer.o
      1328         50         79          0          0      38000   dc_client.o
      1146        138        174          0          0       7296   dc_hw.o
       316        158          8          8          0      34867   demo_application.o
       610        162        168          0          0       7518   device.o
       244        102        142          0          0       6439   filerw.o
         0          0          0          4          0       5273   finsh_var.o
         0          0          0         12          0       5921   finsh_vm.o
       292         72         77          8          0      29781   font.o
       440         42         68          0          0      27153   font_fnt.o
       308         80         22          4        384       3654   idle.o
      3280        168         12         24         64      14136   ili_lcd_general.o
        80         30         86          4          0      29227   image.o
      1748        156         78         24          0      32100   image_hdc.o
      4080       1010        471          0          0      31033   ipc.o
        84         18          0          1          0       1990   irq.o
      2258        236        290         12        128      14337   kservice.o
      2076        636        307         32         32       5993   mem.o
       340        124          0          0          0       1794   misc.o
       288         20          0          4          0      32432   mouse.o
       600        186         94        164          0       6669   object.o
      6594        556        148         28          0      54577   region.o
      2036        732        258          0          0      40801   rtgui_app.o
      2836        108        196          4         24      33826   rtgui_driver.o
       278         54         79          0          0      10494   rtgui_object.o
       912        352        171          8         36      41735   rtgui_system.o
       822        254         78         28        256       7006   scheduler.o
      2376        512        211          0          0      12275   serial.o
      1234        290         51         16          0      39051   server.o
         0          0          0          0          0       4119   shell.o
       178         90          0          0          0       1935   startup.o
        36          8        304          0       1024        912   startup_stm32f10x_hd.o
       392        128          0          0          0       1769   stm32f10x_exti.o
      1166        124          0          0          0       3018   stm32f10x_fsmc.o
       468         90          0          0          0       2184   stm32f10x_gpio.o
        18          0          0          0          0       2635   stm32f10x_it.o
       632        226          0         20          0       5414   stm32f10x_rcc.o
      1840        490          0          0          0       6570   stm32f10x_usart.o
         0          0          0         16          0       4365   symbol.o
       328         28          0         20          0       2613   system_stm32f10x.o
      1328        342        170          0          0      11030   thread.o
      1058        186         92         16          0       9783   timer.o
       338         26         57          0          0      31679   title.o
      4028        758        554          8         32      62102   topwin.o
        82          6          0         16          0      18539   touch.o
      1226        212         80         24        252      29534   usart.o
      1952        302        542          0          0      51680   widget.o
      3370        200        168          0          0      49056   window.o

    ----------------------------------------------------------------------
     70296      11906      15740        592       2232    1429154   Object Totals
         0          0         32          0          0          0   (incl. Generated)
        94          0         37          3          0          0   (incl. Padding)

    ----------------------------------------------------------------------

      Code (inc. data)   RO Data    RW Data    ZI Data      Debug   Library Member Name

        86          0          0          0          0          0   __dczerorl2.o
         0          0          0          0          0          0   entry.o
         0          0          0          0          0          0   entry10a.o
         0          0          0          0          0          0   entry11a.o
         8          4          0          0          0          0   entry2.o
         4          0          0          0          0          0   entry5.o
         0          0          0          0          0          0   entry7b.o
         0          0          0          0          0          0   entry8b.o
         8          4          0          0          0          0   entry9a.o
        30          0          0          0          0          0   handlers.o
        36          8          0          0          0         68   init.o
        36          0          0          0          0         68   memcpya.o
        14          0          0          0          0         68   strlen.o
        30          0          0          0          0         80   strncmp.o

    ----------------------------------------------------------------------
       252         16          0          0          0        284   Library Totals
         0          0          0          0          0          0   (incl. Padding)

    ----------------------------------------------------------------------

      Code (inc. data)   RO Data    RW Data    ZI Data      Debug   Library Name

       252         16          0          0          0        284   mc_w.l

    ----------------------------------------------------------------------
       252         16          0          0          0        284   Library Totals

    ----------------------------------------------------------------------

==============================================================================


      Code (inc. data)   RO Data    RW Data    ZI Data      Debug   

     70548      11922      15740        592       2232    1401330   Grand Totals
     70548      11922      15740        220       2232    1401330   ELF Image Totals (compressed)
     70548      11922      15740        220          0          0   ROM Totals

==============================================================================

    Total RO  Size (Code + RO Data)                86288 (  84.27kB)
    Total RW  Size (RW Data + ZI Data)              2824 (   2.76kB)
    Total ROM Size (Code + RO Data + RW Data)      86508 (  84.48kB)

==============================================================================

