<!doctype html public "-//w3c//dtd html 4.0 transitional//en">
<html><head>
<title>Static Call Graph - [.\build\rtthread-stm32.axf]</title></head>
<body><HR>
<H1>Static Call Graph for image .\build\rtthread-stm32.axf</H1><HR>
<BR><P>#&#060CALLGRAPH&#062# ARM Linker, 5050106: Last Updated: Wed Mar 16 03:03:55 2016
<BR><P>
<H3>Maximum Stack Usage =        720 bytes + Unknown(Cycles, Untraceable Function Pointers)</H3><H3>
Call chain for Maximum Stack Depth:</H3>
application_entry &rArr; rtgui_win_create &rArr; rtgui_win_init &rArr; rtgui_widget_set_rect &rArr; rtgui_widget_move_to_logic &rArr; rtgui_widget_update_clip &rArr;  rtgui_widget_update_clip (Cycle)
<P>
<H3>
Mutually Recursive functions
</H3> <LI><a href="#[25]">ADC1_2_IRQHandler</a>&nbsp;&nbsp;&nbsp;&rArr;&nbsp;&nbsp;&nbsp;<a href="#[25]">ADC1_2_IRQHandler</a><BR>
 <LI><a href="#[115]">rt_assert_handler</a>&nbsp;&nbsp;&nbsp;&rArr;&nbsp;&nbsp;&nbsp;<a href="#[100]">rt_kprintf</a><BR>
 <LI><a href="#[1eb]">rtgui_widget_update_clip</a>&nbsp;&nbsp;&nbsp;&rArr;&nbsp;&nbsp;&nbsp;<a href="#[1eb]">rtgui_widget_update_clip</a><BR>
 <LI><a href="#[25d]">rtgui_widget_unfocus</a>&nbsp;&nbsp;&nbsp;&rArr;&nbsp;&nbsp;&nbsp;<a href="#[25d]">rtgui_widget_unfocus</a><BR>
 <LI><a href="#[15e]">_widget_moveto</a>&nbsp;&nbsp;&nbsp;&rArr;&nbsp;&nbsp;&nbsp;<a href="#[15e]">_widget_moveto</a><BR>
 <LI><a href="#[22b]">rtgui_type_destructors_call</a>&nbsp;&nbsp;&nbsp;&rArr;&nbsp;&nbsp;&nbsp;<a href="#[22b]">rtgui_type_destructors_call</a><BR>
 <LI><a href="#[152]">rtgui_win_destroy</a>&nbsp;&nbsp;&nbsp;&rArr;&nbsp;&nbsp;&nbsp;<a href="#[14e]">_rtgui_win_deal_close</a><BR>
 <LI><a href="#[22a]">rtgui_type_object_construct</a>&nbsp;&nbsp;&nbsp;&rArr;&nbsp;&nbsp;&nbsp;<a href="#[22a]">rtgui_type_object_construct</a><BR>
 <LI><a href="#[122]">rtgui_container_destroy_children</a>&nbsp;&nbsp;&nbsp;&rArr;&nbsp;&nbsp;&nbsp;<a href="#[122]">rtgui_container_destroy_children</a><BR>
 <LI><a href="#[253]">rtgui_topwin_search_in_list</a>&nbsp;&nbsp;&nbsp;&rArr;&nbsp;&nbsp;&nbsp;<a href="#[253]">rtgui_topwin_search_in_list</a><BR>
 <LI><a href="#[13e]">_rtgui_topwin_preorder_map</a>&nbsp;&nbsp;&nbsp;&rArr;&nbsp;&nbsp;&nbsp;<a href="#[13e]">_rtgui_topwin_preorder_map</a><BR>
 <LI><a href="#[12f]">_rtgui_topwin_draw_tree</a>&nbsp;&nbsp;&nbsp;&rArr;&nbsp;&nbsp;&nbsp;<a href="#[12f]">_rtgui_topwin_draw_tree</a><BR>
 <LI><a href="#[133]">_rtgui_topwin_get_focus_from_list</a>&nbsp;&nbsp;&nbsp;&rArr;&nbsp;&nbsp;&nbsp;<a href="#[133]">_rtgui_topwin_get_focus_from_list</a><BR>
 <LI><a href="#[141]">_rtgui_topwin_redraw_tree</a>&nbsp;&nbsp;&nbsp;&rArr;&nbsp;&nbsp;&nbsp;<a href="#[141]">_rtgui_topwin_redraw_tree</a><BR>
 <LI><a href="#[143]">_rtgui_topwin_union_region_tree</a>&nbsp;&nbsp;&nbsp;&rArr;&nbsp;&nbsp;&nbsp;<a href="#[143]">_rtgui_topwin_union_region_tree</a><BR>
 <LI><a href="#[130]">_rtgui_topwin_free_tree</a>&nbsp;&nbsp;&nbsp;&rArr;&nbsp;&nbsp;&nbsp;<a href="#[130]">_rtgui_topwin_free_tree</a><BR>
 <LI><a href="#[138]">_rtgui_topwin_get_wnd_from_tree</a>&nbsp;&nbsp;&nbsp;&rArr;&nbsp;&nbsp;&nbsp;<a href="#[138]">_rtgui_topwin_get_wnd_from_tree</a><BR>
</UL>
<P>
<H3>
Function Pointers
</H3><UL>
 <LI><a href="#[25]">ADC1_2_IRQHandler</a> from startup_stm32f10x_hd.o(.text) referenced from startup_stm32f10x_hd.o(RESET)
 <LI><a href="#[42]">ADC3_IRQHandler</a> from startup_stm32f10x_hd.o(.text) referenced from startup_stm32f10x_hd.o(RESET)
 <LI><a href="#[d]">BusFault_Handler</a> from stm32f10x_it.o(i.BusFault_Handler) referenced from startup_stm32f10x_hd.o(RESET)
 <LI><a href="#[28]">CAN1_RX1_IRQHandler</a> from startup_stm32f10x_hd.o(.text) referenced from startup_stm32f10x_hd.o(RESET)
 <LI><a href="#[29]">CAN1_SCE_IRQHandler</a> from startup_stm32f10x_hd.o(.text) referenced from startup_stm32f10x_hd.o(RESET)
 <LI><a href="#[1e]">DMA1_Channel1_IRQHandler</a> from startup_stm32f10x_hd.o(.text) referenced from startup_stm32f10x_hd.o(RESET)
 <LI><a href="#[1f]">DMA1_Channel2_IRQHandler</a> from startup_stm32f10x_hd.o(.text) referenced from startup_stm32f10x_hd.o(RESET)
 <LI><a href="#[20]">DMA1_Channel3_IRQHandler</a> from startup_stm32f10x_hd.o(.text) referenced from startup_stm32f10x_hd.o(RESET)
 <LI><a href="#[21]">DMA1_Channel4_IRQHandler</a> from startup_stm32f10x_hd.o(.text) referenced from startup_stm32f10x_hd.o(RESET)
 <LI><a href="#[22]">DMA1_Channel5_IRQHandler</a> from startup_stm32f10x_hd.o(.text) referenced from startup_stm32f10x_hd.o(RESET)
 <LI><a href="#[23]">DMA1_Channel6_IRQHandler</a> from startup_stm32f10x_hd.o(.text) referenced from startup_stm32f10x_hd.o(RESET)
 <LI><a href="#[24]">DMA1_Channel7_IRQHandler</a> from startup_stm32f10x_hd.o(.text) referenced from startup_stm32f10x_hd.o(RESET)
 <LI><a href="#[4b]">DMA2_Channel1_IRQHandler</a> from startup_stm32f10x_hd.o(.text) referenced from startup_stm32f10x_hd.o(RESET)
 <LI><a href="#[4c]">DMA2_Channel2_IRQHandler</a> from startup_stm32f10x_hd.o(.text) referenced from startup_stm32f10x_hd.o(RESET)
 <LI><a href="#[4d]">DMA2_Channel3_IRQHandler</a> from startup_stm32f10x_hd.o(.text) referenced from startup_stm32f10x_hd.o(RESET)
 <LI><a href="#[4e]">DMA2_Channel4_5_IRQHandler</a> from startup_stm32f10x_hd.o(.text) referenced from startup_stm32f10x_hd.o(RESET)
 <LI><a href="#[10]">DebugMon_Handler</a> from stm32f10x_it.o(i.DebugMon_Handler) referenced from startup_stm32f10x_hd.o(RESET)
 <LI><a href="#[19]">EXTI0_IRQHandler</a> from startup_stm32f10x_hd.o(.text) referenced from startup_stm32f10x_hd.o(RESET)
 <LI><a href="#[3b]">EXTI15_10_IRQHandler</a> from startup_stm32f10x_hd.o(.text) referenced from startup_stm32f10x_hd.o(RESET)
 <LI><a href="#[1a]">EXTI1_IRQHandler</a> from touch.o(i.EXTI1_IRQHandler) referenced from startup_stm32f10x_hd.o(RESET)
 <LI><a href="#[1b]">EXTI2_IRQHandler</a> from startup_stm32f10x_hd.o(.text) referenced from startup_stm32f10x_hd.o(RESET)
 <LI><a href="#[1c]">EXTI3_IRQHandler</a> from startup_stm32f10x_hd.o(.text) referenced from startup_stm32f10x_hd.o(RESET)
 <LI><a href="#[1d]">EXTI4_IRQHandler</a> from startup_stm32f10x_hd.o(.text) referenced from startup_stm32f10x_hd.o(RESET)
 <LI><a href="#[2a]">EXTI9_5_IRQHandler</a> from startup_stm32f10x_hd.o(.text) referenced from startup_stm32f10x_hd.o(RESET)
 <LI><a href="#[17]">FLASH_IRQHandler</a> from startup_stm32f10x_hd.o(.text) referenced from startup_stm32f10x_hd.o(RESET)
 <LI><a href="#[43]">FSMC_IRQHandler</a> from startup_stm32f10x_hd.o(.text) referenced from startup_stm32f10x_hd.o(RESET)
 <LI><a href="#[b]">HardFault_Handler</a> from context_rvds.o(.text) referenced from startup_stm32f10x_hd.o(RESET)
 <LI><a href="#[33]">I2C1_ER_IRQHandler</a> from startup_stm32f10x_hd.o(.text) referenced from startup_stm32f10x_hd.o(RESET)
 <LI><a href="#[32]">I2C1_EV_IRQHandler</a> from startup_stm32f10x_hd.o(.text) referenced from startup_stm32f10x_hd.o(RESET)
 <LI><a href="#[35]">I2C2_ER_IRQHandler</a> from startup_stm32f10x_hd.o(.text) referenced from startup_stm32f10x_hd.o(RESET)
 <LI><a href="#[34]">I2C2_EV_IRQHandler</a> from startup_stm32f10x_hd.o(.text) referenced from startup_stm32f10x_hd.o(RESET)
 <LI><a href="#[c]">MemManage_Handler</a> from stm32f10x_it.o(i.MemManage_Handler) referenced from startup_stm32f10x_hd.o(RESET)
 <LI><a href="#[a]">NMI_Handler</a> from stm32f10x_it.o(i.NMI_Handler) referenced from startup_stm32f10x_hd.o(RESET)
 <LI><a href="#[14]">PVD_IRQHandler</a> from startup_stm32f10x_hd.o(.text) referenced from startup_stm32f10x_hd.o(RESET)
 <LI><a href="#[11]">PendSV_Handler</a> from context_rvds.o(.text) referenced from startup_stm32f10x_hd.o(RESET)
 <LI><a href="#[18]">RCC_IRQHandler</a> from startup_stm32f10x_hd.o(.text) referenced from startup_stm32f10x_hd.o(RESET)
 <LI><a href="#[3c]">RTCAlarm_IRQHandler</a> from startup_stm32f10x_hd.o(.text) referenced from startup_stm32f10x_hd.o(RESET)
 <LI><a href="#[16]">RTC_IRQHandler</a> from startup_stm32f10x_hd.o(.text) referenced from startup_stm32f10x_hd.o(RESET)
 <LI><a href="#[9]">Reset_Handler</a> from startup_stm32f10x_hd.o(.text) referenced from startup_stm32f10x_hd.o(RESET)
 <LI><a href="#[44]">SDIO_IRQHandler</a> from startup_stm32f10x_hd.o(.text) referenced from startup_stm32f10x_hd.o(RESET)
 <LI><a href="#[36]">SPI1_IRQHandler</a> from startup_stm32f10x_hd.o(.text) referenced from startup_stm32f10x_hd.o(RESET)
 <LI><a href="#[37]">SPI2_IRQHandler</a> from startup_stm32f10x_hd.o(.text) referenced from startup_stm32f10x_hd.o(RESET)
 <LI><a href="#[46]">SPI3_IRQHandler</a> from startup_stm32f10x_hd.o(.text) referenced from startup_stm32f10x_hd.o(RESET)
 <LI><a href="#[f]">SVC_Handler</a> from stm32f10x_it.o(i.SVC_Handler) referenced from startup_stm32f10x_hd.o(RESET)
 <LI><a href="#[12]">SysTick_Handler</a> from board.o(i.SysTick_Handler) referenced from startup_stm32f10x_hd.o(RESET)
 <LI><a href="#[50]">SystemInit</a> from system_stm32f10x.o(i.SystemInit) referenced from startup_stm32f10x_hd.o(.text)
 <LI><a href="#[15]">TAMPER_IRQHandler</a> from startup_stm32f10x_hd.o(.text) referenced from startup_stm32f10x_hd.o(RESET)
 <LI><a href="#[2b]">TIM1_BRK_IRQHandler</a> from startup_stm32f10x_hd.o(.text) referenced from startup_stm32f10x_hd.o(RESET)
 <LI><a href="#[2e]">TIM1_CC_IRQHandler</a> from startup_stm32f10x_hd.o(.text) referenced from startup_stm32f10x_hd.o(RESET)
 <LI><a href="#[2d]">TIM1_TRG_COM_IRQHandler</a> from startup_stm32f10x_hd.o(.text) referenced from startup_stm32f10x_hd.o(RESET)
 <LI><a href="#[2c]">TIM1_UP_IRQHandler</a> from startup_stm32f10x_hd.o(.text) referenced from startup_stm32f10x_hd.o(RESET)
 <LI><a href="#[2f]">TIM2_IRQHandler</a> from startup_stm32f10x_hd.o(.text) referenced from startup_stm32f10x_hd.o(RESET)
 <LI><a href="#[30]">TIM3_IRQHandler</a> from startup_stm32f10x_hd.o(.text) referenced from startup_stm32f10x_hd.o(RESET)
 <LI><a href="#[31]">TIM4_IRQHandler</a> from startup_stm32f10x_hd.o(.text) referenced from startup_stm32f10x_hd.o(RESET)
 <LI><a href="#[45]">TIM5_IRQHandler</a> from startup_stm32f10x_hd.o(.text) referenced from startup_stm32f10x_hd.o(RESET)
 <LI><a href="#[49]">TIM6_IRQHandler</a> from startup_stm32f10x_hd.o(.text) referenced from startup_stm32f10x_hd.o(RESET)
 <LI><a href="#[4a]">TIM7_IRQHandler</a> from startup_stm32f10x_hd.o(.text) referenced from startup_stm32f10x_hd.o(RESET)
 <LI><a href="#[3e]">TIM8_BRK_IRQHandler</a> from startup_stm32f10x_hd.o(.text) referenced from startup_stm32f10x_hd.o(RESET)
 <LI><a href="#[41]">TIM8_CC_IRQHandler</a> from startup_stm32f10x_hd.o(.text) referenced from startup_stm32f10x_hd.o(RESET)
 <LI><a href="#[40]">TIM8_TRG_COM_IRQHandler</a> from startup_stm32f10x_hd.o(.text) referenced from startup_stm32f10x_hd.o(RESET)
 <LI><a href="#[3f]">TIM8_UP_IRQHandler</a> from startup_stm32f10x_hd.o(.text) referenced from startup_stm32f10x_hd.o(RESET)
 <LI><a href="#[47]">UART4_IRQHandler</a> from startup_stm32f10x_hd.o(.text) referenced from startup_stm32f10x_hd.o(RESET)
 <LI><a href="#[48]">UART5_IRQHandler</a> from startup_stm32f10x_hd.o(.text) referenced from startup_stm32f10x_hd.o(RESET)
 <LI><a href="#[38]">USART1_IRQHandler</a> from usart.o(i.USART1_IRQHandler) referenced from startup_stm32f10x_hd.o(RESET)
 <LI><a href="#[39]">USART2_IRQHandler</a> from usart.o(i.USART2_IRQHandler) referenced from startup_stm32f10x_hd.o(RESET)
 <LI><a href="#[3a]">USART3_IRQHandler</a> from usart.o(i.USART3_IRQHandler) referenced from startup_stm32f10x_hd.o(RESET)
 <LI><a href="#[3d]">USBWakeUp_IRQHandler</a> from startup_stm32f10x_hd.o(.text) referenced from startup_stm32f10x_hd.o(RESET)
 <LI><a href="#[26]">USB_HP_CAN1_TX_IRQHandler</a> from startup_stm32f10x_hd.o(.text) referenced from startup_stm32f10x_hd.o(RESET)
 <LI><a href="#[27]">USB_LP_CAN1_RX0_IRQHandler</a> from startup_stm32f10x_hd.o(.text) referenced from startup_stm32f10x_hd.o(RESET)
 <LI><a href="#[e]">UsageFault_Handler</a> from stm32f10x_it.o(i.UsageFault_Handler) referenced from startup_stm32f10x_hd.o(RESET)
 <LI><a href="#[13]">WWDG_IRQHandler</a> from startup_stm32f10x_hd.o(.text) referenced from startup_stm32f10x_hd.o(RESET)
 <LI><a href="#[51]">__main</a> from entry.o(.ARM.Collect$$$$00000000) referenced from startup_stm32f10x_hd.o(.text)
 <LI><a href="#[a4]">_mono_draw_hline</a> from rtgui_driver.o(i._mono_draw_hline) referenced from rtgui_driver.o(.constdata)
 <LI><a href="#[a6]">_mono_draw_raw_hline</a> from rtgui_driver.o(i._mono_draw_raw_hline) referenced from rtgui_driver.o(.constdata)
 <LI><a href="#[a5]">_mono_draw_vline</a> from rtgui_driver.o(i._mono_draw_vline) referenced from rtgui_driver.o(.constdata)
 <LI><a href="#[a3]">_mono_get_pixel</a> from rtgui_driver.o(i._mono_get_pixel) referenced from rtgui_driver.o(.constdata)
 <LI><a href="#[a2]">_mono_set_pixel</a> from rtgui_driver.o(i._mono_set_pixel) referenced from rtgui_driver.o(.constdata)
 <LI><a href="#[ab]">_pixel_draw_raw_hline</a> from rtgui_driver.o(i._pixel_draw_raw_hline) referenced 4 times from rtgui_driver.o(.constdata)
 <LI><a href="#[a9]">_pixel_mono_draw_hline</a> from rtgui_driver.o(i._pixel_mono_draw_hline) referenced from rtgui_driver.o(.constdata)
 <LI><a href="#[aa]">_pixel_mono_draw_vline</a> from rtgui_driver.o(i._pixel_mono_draw_vline) referenced from rtgui_driver.o(.constdata)
 <LI><a href="#[a8]">_pixel_mono_get_pixel</a> from rtgui_driver.o(i._pixel_mono_get_pixel) referenced from rtgui_driver.o(.constdata)
 <LI><a href="#[a7]">_pixel_mono_set_pixel</a> from rtgui_driver.o(i._pixel_mono_set_pixel) referenced from rtgui_driver.o(.constdata)
 <LI><a href="#[b2]">_pixel_rgb565_draw_hline</a> from rtgui_driver.o(i._pixel_rgb565_draw_hline) referenced from rtgui_driver.o(.constdata)
 <LI><a href="#[b3]">_pixel_rgb565_draw_vline</a> from rtgui_driver.o(i._pixel_rgb565_draw_vline) referenced from rtgui_driver.o(.constdata)
 <LI><a href="#[b1]">_pixel_rgb565_get_pixel</a> from rtgui_driver.o(i._pixel_rgb565_get_pixel) referenced from rtgui_driver.o(.constdata)
 <LI><a href="#[b0]">_pixel_rgb565_set_pixel</a> from rtgui_driver.o(i._pixel_rgb565_set_pixel) referenced from rtgui_driver.o(.constdata)
 <LI><a href="#[ae]">_pixel_rgb565p_draw_hline</a> from rtgui_driver.o(i._pixel_rgb565p_draw_hline) referenced from rtgui_driver.o(.constdata)
 <LI><a href="#[af]">_pixel_rgb565p_draw_vline</a> from rtgui_driver.o(i._pixel_rgb565p_draw_vline) referenced from rtgui_driver.o(.constdata)
 <LI><a href="#[ad]">_pixel_rgb565p_get_pixel</a> from rtgui_driver.o(i._pixel_rgb565p_get_pixel) referenced from rtgui_driver.o(.constdata)
 <LI><a href="#[ac]">_pixel_rgb565p_set_pixel</a> from rtgui_driver.o(i._pixel_rgb565p_set_pixel) referenced from rtgui_driver.o(.constdata)
 <LI><a href="#[b6]">_pixel_rgb888_draw_hline</a> from rtgui_driver.o(i._pixel_rgb888_draw_hline) referenced from rtgui_driver.o(.constdata)
 <LI><a href="#[b7]">_pixel_rgb888_draw_vline</a> from rtgui_driver.o(i._pixel_rgb888_draw_vline) referenced from rtgui_driver.o(.constdata)
 <LI><a href="#[b5]">_pixel_rgb888_get_pixel</a> from rtgui_driver.o(i._pixel_rgb888_get_pixel) referenced from rtgui_driver.o(.constdata)
 <LI><a href="#[b4]">_pixel_rgb888_set_pixel</a> from rtgui_driver.o(i._pixel_rgb888_set_pixel) referenced from rtgui_driver.o(.constdata)
 <LI><a href="#[9b]">_rgb565_draw_hline</a> from rtgui_driver.o(i._rgb565_draw_hline) referenced from rtgui_driver.o(.constdata)
 <LI><a href="#[9c]">_rgb565_draw_vline</a> from rtgui_driver.o(i._rgb565_draw_vline) referenced from rtgui_driver.o(.constdata)
 <LI><a href="#[9a]">_rgb565_get_pixel</a> from rtgui_driver.o(i._rgb565_get_pixel) referenced from rtgui_driver.o(.constdata)
 <LI><a href="#[99]">_rgb565_set_pixel</a> from rtgui_driver.o(i._rgb565_set_pixel) referenced from rtgui_driver.o(.constdata)
 <LI><a href="#[a0]">_rgb565p_draw_hline</a> from rtgui_driver.o(i._rgb565p_draw_hline) referenced from rtgui_driver.o(.constdata)
 <LI><a href="#[a1]">_rgb565p_draw_vline</a> from rtgui_driver.o(i._rgb565p_draw_vline) referenced from rtgui_driver.o(.constdata)
 <LI><a href="#[9f]">_rgb565p_get_pixel</a> from rtgui_driver.o(i._rgb565p_get_pixel) referenced from rtgui_driver.o(.constdata)
 <LI><a href="#[9e]">_rgb565p_set_pixel</a> from rtgui_driver.o(i._rgb565p_set_pixel) referenced from rtgui_driver.o(.constdata)
 <LI><a href="#[97]">_rtgui_app_constructor</a> from rtgui_app.o(i._rtgui_app_constructor) referenced from rtgui_app.o(.constdata)
 <LI><a href="#[98]">_rtgui_app_destructor</a> from rtgui_app.o(i._rtgui_app_destructor) referenced from rtgui_app.o(.constdata)
 <LI><a href="#[81]">_rtgui_box_constructor</a> from box.o(i._rtgui_box_constructor) referenced from box.o(.constdata)
 <LI><a href="#[82]">_rtgui_container_constructor</a> from container.o(i._rtgui_container_constructor) referenced from container.o(.constdata)
 <LI><a href="#[83]">_rtgui_container_destructor</a> from container.o(i._rtgui_container_destructor) referenced from container.o(.constdata)
 <LI><a href="#[b8]">_rtgui_object_constructor</a> from rtgui_object.o(i._rtgui_object_constructor) referenced from rtgui_object.o(.constdata)
 <LI><a href="#[b9]">_rtgui_object_destructor</a> from rtgui_object.o(i._rtgui_object_destructor) referenced from rtgui_object.o(.constdata)
 <LI><a href="#[6c]">_rtgui_topwin_mark_hidden</a> from topwin.o(i._rtgui_topwin_mark_hidden) referenced from topwin.o(i.rtgui_topwin_hide)
 <LI><a href="#[6d]">_rtgui_topwin_mark_shown</a> from topwin.o(i._rtgui_topwin_mark_shown) referenced from topwin.o(i.rtgui_topwin_show)
 <LI><a href="#[bc]">_rtgui_widget_constructor</a> from widget.o(i._rtgui_widget_constructor) referenced from widget.o(.constdata)
 <LI><a href="#[bd]">_rtgui_widget_destructor</a> from widget.o(i._rtgui_widget_destructor) referenced from widget.o(.constdata)
 <LI><a href="#[be]">_rtgui_win_constructor</a> from window.o(i._rtgui_win_constructor) referenced from window.o(.constdata)
 <LI><a href="#[bf]">_rtgui_win_destructor</a> from window.o(i._rtgui_win_destructor) referenced from window.o(.constdata)
 <LI><a href="#[ba]">_rtgui_wintitle_constructor</a> from title.o(i._rtgui_wintitle_constructor) referenced from title.o(.constdata)
 <LI><a href="#[bb]">_rtgui_wintitle_deconstructor</a> from title.o(i._rtgui_wintitle_deconstructor) referenced from title.o(.constdata)
 <LI><a href="#[5a]">application_entry</a> from demo_application.o(i.application_entry) referenced from demo_application.o(i.application_init)
 <LI><a href="#[9d]">framebuffer_draw_raw_hline</a> from rtgui_driver.o(i.framebuffer_draw_raw_hline) referenced 2 times from rtgui_driver.o(.constdata)
 <LI><a href="#[c0]">hello</a> from cmd.o(i.hello) referenced from cmd.o(FSymTab)
 <LI><a href="#[5e]">lcd_close</a> from ili_lcd_general.o(i.lcd_close) referenced from ili_lcd_general.o(i.rt_hw_lcd_init)
 <LI><a href="#[5f]">lcd_control</a> from ili_lcd_general.o(i.lcd_control) referenced from ili_lcd_general.o(i.rt_hw_lcd_init)
 <LI><a href="#[5c]">lcd_init</a> from ili_lcd_general.o(i.lcd_init) referenced from ili_lcd_general.o(i.rt_hw_lcd_init)
 <LI><a href="#[5d]">lcd_open</a> from ili_lcd_general.o(i.lcd_open) referenced from ili_lcd_general.o(i.rt_hw_lcd_init)
 <LI><a href="#[cb]">list</a> from cmd.o(i.list) referenced from cmd.o(FSymTab)
 <LI><a href="#[ca]">list_device</a> from cmd.o(i.list_device) referenced from cmd.o(FSymTab)
 <LI><a href="#[c4]">list_event</a> from cmd.o(i.list_event) referenced from cmd.o(FSymTab)
 <LI><a href="#[c6]">list_mailbox</a> from cmd.o(i.list_mailbox) referenced from cmd.o(FSymTab)
 <LI><a href="#[c8]">list_mempool</a> from cmd.o(i.list_mempool) referenced from cmd.o(FSymTab)
 <LI><a href="#[c7]">list_msgqueue</a> from cmd.o(i.list_msgqueue) referenced from cmd.o(FSymTab)
 <LI><a href="#[c5]">list_mutex</a> from cmd.o(i.list_mutex) referenced from cmd.o(FSymTab)
 <LI><a href="#[c3]">list_sem</a> from cmd.o(i.list_sem) referenced from cmd.o(FSymTab)
 <LI><a href="#[c2]">list_thread</a> from cmd.o(i.list_thread) referenced from cmd.o(FSymTab)
 <LI><a href="#[c9]">list_timer</a> from cmd.o(i.list_timer) referenced from cmd.o(FSymTab)
 <LI><a href="#[4f]">main</a> from startup.o(i.main) referenced from entry9a.o(.ARM.Collect$$$$0000000B)
 <LI><a href="#[4]">rt_hw_lcd_draw_blit_line</a> from ili_lcd_general.o(i.rt_hw_lcd_draw_blit_line) referenced 2 times from ili_lcd_general.o(.data)
 <LI><a href="#[2]">rt_hw_lcd_draw_hline</a> from ili_lcd_general.o(i.rt_hw_lcd_draw_hline) referenced 2 times from ili_lcd_general.o(.data)
 <LI><a href="#[3]">rt_hw_lcd_draw_vline</a> from ili_lcd_general.o(i.rt_hw_lcd_draw_vline) referenced 2 times from ili_lcd_general.o(.data)
 <LI><a href="#[1]">rt_hw_lcd_get_pixel</a> from ili_lcd_general.o(i.rt_hw_lcd_get_pixel) referenced 2 times from ili_lcd_general.o(.data)
 <LI><a href="#[0]">rt_hw_lcd_set_pixel</a> from ili_lcd_general.o(i.rt_hw_lcd_set_pixel) referenced 2 times from ili_lcd_general.o(.data)
 <LI><a href="#[5b]">rt_init_thread_entry</a> from application.o(i.rt_init_thread_entry) referenced from application.o(i.rt_application_init)
 <LI><a href="#[62]">rt_serial_close</a> from serial.o(i.rt_serial_close) referenced from serial.o(i.rt_hw_serial_register)
 <LI><a href="#[65]">rt_serial_control</a> from serial.o(i.rt_serial_control) referenced from serial.o(i.rt_hw_serial_register)
 <LI><a href="#[60]">rt_serial_init</a> from serial.o(i.rt_serial_init) referenced from serial.o(i.rt_hw_serial_register)
 <LI><a href="#[61]">rt_serial_open</a> from serial.o(i.rt_serial_open) referenced from serial.o(i.rt_hw_serial_register)
 <LI><a href="#[63]">rt_serial_read</a> from serial.o(i.rt_serial_read) referenced from serial.o(i.rt_hw_serial_register)
 <LI><a href="#[64]">rt_serial_write</a> from serial.o(i.rt_serial_write) referenced from serial.o(i.rt_hw_serial_register)
 <LI><a href="#[52]">rt_thread_exit</a> from thread.o(i.rt_thread_exit) referenced from thread.o(i._rt_thread_init)
 <LI><a href="#[66]">rt_thread_idle_entry</a> from idle.o(i.rt_thread_idle_entry) referenced from idle.o(i.rt_thread_idle_init)
 <LI><a href="#[53]">rt_thread_timeout</a> from thread.o(i.rt_thread_timeout) referenced from thread.o(i._rt_thread_init)
 <LI><a href="#[54]">rtgui_app_event_handler</a> from rtgui_app.o(i.rtgui_app_event_handler) referenced from rtgui_app.o(i._rtgui_app_constructor)
 <LI><a href="#[76]">rtgui_blit_line_1_2</a> from blit.o(i.rtgui_blit_line_1_2) referenced 2 times from blit.o(.constdata)
 <LI><a href="#[79]">rtgui_blit_line_1_3</a> from blit.o(i.rtgui_blit_line_1_3) referenced 2 times from blit.o(.constdata)
 <LI><a href="#[7c]">rtgui_blit_line_1_4</a> from blit.o(i.rtgui_blit_line_1_4) referenced 2 times from blit.o(.constdata)
 <LI><a href="#[73]">rtgui_blit_line_2_1</a> from blit.o(i.rtgui_blit_line_2_1) referenced 2 times from blit.o(.constdata)
 <LI><a href="#[7f]">rtgui_blit_line_2_2_inv</a> from blit.o(i.rtgui_blit_line_2_2_inv) referenced from blit.o(.constdata)
 <LI><a href="#[7a]">rtgui_blit_line_2_3</a> from blit.o(i.rtgui_blit_line_2_3) referenced 2 times from blit.o(.constdata)
 <LI><a href="#[7d]">rtgui_blit_line_2_4</a> from blit.o(i.rtgui_blit_line_2_4) referenced 2 times from blit.o(.constdata)
 <LI><a href="#[74]">rtgui_blit_line_3_1</a> from blit.o(i.rtgui_blit_line_3_1) referenced 2 times from blit.o(.constdata)
 <LI><a href="#[77]">rtgui_blit_line_3_2</a> from blit.o(i.rtgui_blit_line_3_2) referenced from blit.o(.constdata)
 <LI><a href="#[80]">rtgui_blit_line_3_2_inv</a> from blit.o(i.rtgui_blit_line_3_2_inv) referenced from blit.o(.constdata)
 <LI><a href="#[7e]">rtgui_blit_line_3_4</a> from blit.o(i.rtgui_blit_line_3_4) referenced 2 times from blit.o(.constdata)
 <LI><a href="#[75]">rtgui_blit_line_4_1</a> from blit.o(i.rtgui_blit_line_4_1) referenced 2 times from blit.o(.constdata)
 <LI><a href="#[78]">rtgui_blit_line_4_2</a> from blit.o(i.rtgui_blit_line_4_2) referenced 2 times from blit.o(.constdata)
 <LI><a href="#[7b]">rtgui_blit_line_4_3</a> from blit.o(i.rtgui_blit_line_4_3) referenced 2 times from blit.o(.constdata)
 <LI><a href="#[72]">rtgui_blit_line_direct</a> from blit.o(i.rtgui_blit_line_direct) referenced 7 times from blit.o(.constdata)
 <LI><a href="#[55]">rtgui_container_event_handler</a> from container.o(i.rtgui_container_event_handler) referenced from container.o(i._rtgui_container_constructor)
 <LI><a href="#[8a]">rtgui_dc_client_blit</a> from dc_client.o(i.rtgui_dc_client_blit) referenced from dc_client.o(.constdata)
 <LI><a href="#[89]">rtgui_dc_client_blit_line</a> from dc_client.o(i.rtgui_dc_client_blit_line) referenced from dc_client.o(.constdata)
 <LI><a href="#[85]">rtgui_dc_client_draw_color_point</a> from dc_client.o(i.rtgui_dc_client_draw_color_point) referenced from dc_client.o(.constdata)
 <LI><a href="#[87]">rtgui_dc_client_draw_hline</a> from dc_client.o(i.rtgui_dc_client_draw_hline) referenced from dc_client.o(.constdata)
 <LI><a href="#[84]">rtgui_dc_client_draw_point</a> from dc_client.o(i.rtgui_dc_client_draw_point) referenced from dc_client.o(.constdata)
 <LI><a href="#[86]">rtgui_dc_client_draw_vline</a> from dc_client.o(i.rtgui_dc_client_draw_vline) referenced from dc_client.o(.constdata)
 <LI><a href="#[88]">rtgui_dc_client_fill_rect</a> from dc_client.o(i.rtgui_dc_client_fill_rect) referenced from dc_client.o(.constdata)
 <LI><a href="#[8b]">rtgui_dc_client_fini</a> from dc_client.o(i.rtgui_dc_client_fini) referenced from dc_client.o(.constdata)
 <LI><a href="#[92]">rtgui_dc_hw_blit</a> from dc_hw.o(i.rtgui_dc_hw_blit) referenced from dc_hw.o(.constdata)
 <LI><a href="#[91]">rtgui_dc_hw_blit_line</a> from dc_hw.o(i.rtgui_dc_hw_blit_line) referenced from dc_hw.o(.constdata)
 <LI><a href="#[8d]">rtgui_dc_hw_draw_color_point</a> from dc_hw.o(i.rtgui_dc_hw_draw_color_point) referenced from dc_hw.o(.constdata)
 <LI><a href="#[8f]">rtgui_dc_hw_draw_hline</a> from dc_hw.o(i.rtgui_dc_hw_draw_hline) referenced from dc_hw.o(.constdata)
 <LI><a href="#[8c]">rtgui_dc_hw_draw_point</a> from dc_hw.o(i.rtgui_dc_hw_draw_point) referenced from dc_hw.o(.constdata)
 <LI><a href="#[8e]">rtgui_dc_hw_draw_vline</a> from dc_hw.o(i.rtgui_dc_hw_draw_vline) referenced from dc_hw.o(.constdata)
 <LI><a href="#[90]">rtgui_dc_hw_fill_rect</a> from dc_hw.o(i.rtgui_dc_hw_fill_rect) referenced from dc_hw.o(.constdata)
 <LI><a href="#[93]">rtgui_dc_hw_fini</a> from dc_hw.o(i.rtgui_dc_hw_fini) referenced from dc_hw.o(.constdata)
 <LI><a href="#[94]">rtgui_fnt_font_draw_text</a> from font_fnt.o(i.rtgui_fnt_font_draw_text) referenced from font_fnt.o(.constdata)
 <LI><a href="#[95]">rtgui_fnt_font_get_metrics</a> from font_fnt.o(i.rtgui_fnt_font_get_metrics) referenced from font_fnt.o(.constdata)
 <LI><a href="#[8]">rtgui_image_hdc_blit</a> from image_hdc.o(i.rtgui_image_hdc_blit) referenced 2 times from image_hdc.o(.data)
 <LI><a href="#[5]">rtgui_image_hdc_check</a> from image_hdc.o(i.rtgui_image_hdc_check) referenced 2 times from image_hdc.o(.data)
 <LI><a href="#[6]">rtgui_image_hdc_load</a> from image_hdc.o(i.rtgui_image_hdc_load) referenced 2 times from image_hdc.o(.data)
 <LI><a href="#[7]">rtgui_image_hdc_unload</a> from image_hdc.o(i.rtgui_image_hdc_unload) referenced 2 times from image_hdc.o(.data)
 <LI><a href="#[96]">rtgui_image_hdcmm_blit</a> from image_hdc.o(i.rtgui_image_hdcmm_blit) referenced from image_hdc.o(.constdata)
 <LI><a href="#[67]">rtgui_region_intersectO</a> from region.o(i.rtgui_region_intersectO) referenced from region.o(i.rtgui_region_intersect)
 <LI><a href="#[68]">rtgui_region_subtractO</a> from region.o(i.rtgui_region_subtractO) referenced from region.o(i.rtgui_region_subtract)
 <LI><a href="#[69]">rtgui_region_unionO</a> from region.o(i.rtgui_region_unionO) referenced from region.o(i.rtgui_region_union)
 <LI><a href="#[6b]">rtgui_server_entry</a> from server.o(i.rtgui_server_entry) referenced from server.o(i.rtgui_server_init)
 <LI><a href="#[6a]">rtgui_server_event_handler</a> from server.o(i.rtgui_server_event_handler) referenced from server.o(i.rtgui_server_entry)
 <LI><a href="#[56]">rtgui_widget_event_handler</a> from widget.o(i.rtgui_widget_event_handler) referenced from widget.o(i._rtgui_widget_constructor)
 <LI><a href="#[58]">rtgui_win_do_show</a> from window.o(i.rtgui_win_do_show) referenced from window.o(i._rtgui_win_constructor)
 <LI><a href="#[57]">rtgui_win_event_handler</a> from window.o(i.rtgui_win_event_handler) referenced from window.o(i._rtgui_win_constructor)
 <LI><a href="#[59]">rtgui_wintile_event_handler</a> from title.o(i.rtgui_wintile_event_handler) referenced from title.o(i._rtgui_wintitle_constructor)
 <LI><a href="#[6e]">stm32_configure</a> from usart.o(i.stm32_configure) referenced from usart.o(.constdata)
 <LI><a href="#[6f]">stm32_control</a> from usart.o(i.stm32_control) referenced from usart.o(.constdata)
 <LI><a href="#[71]">stm32_getc</a> from usart.o(i.stm32_getc) referenced from usart.o(.constdata)
 <LI><a href="#[70]">stm32_putc</a> from usart.o(i.stm32_putc) referenced from usart.o(.constdata)
 <LI><a href="#[c1]">version</a> from cmd.o(i.version) referenced from cmd.o(FSymTab)
</UL>
<P>
<H3>
Global Symbols
</H3>
<P><STRONG><a name="[51]"></a>__main</STRONG> (Thumb, 0 bytes, Stack size unknown bytes, entry.o(.ARM.Collect$$$$00000000))
<BR>[Address Reference Count : 1]<UL><LI> startup_stm32f10x_hd.o(.text)
</UL>
<P><STRONG><a name="[26b]"></a>_main_stk</STRONG> (Thumb, 0 bytes, Stack size unknown bytes, entry2.o(.ARM.Collect$$$$00000001))

<P><STRONG><a name="[cc]"></a>_main_scatterload</STRONG> (Thumb, 0 bytes, Stack size unknown bytes, entry5.o(.ARM.Collect$$$$00000004))
<BR><BR>[Calls]<UL><LI><a href="#[cd]">&gt;&gt;</a>&nbsp;&nbsp;&nbsp;__scatterload
</UL>

<P><STRONG><a name="[cf]"></a>__main_after_scatterload</STRONG> (Thumb, 0 bytes, Stack size unknown bytes, entry5.o(.ARM.Collect$$$$00000004))
<BR><BR>[Called By]<UL><LI><a href="#[cd]">&gt;&gt;</a>&nbsp;&nbsp;&nbsp;__scatterload
</UL>

<P><STRONG><a name="[26c]"></a>_main_clock</STRONG> (Thumb, 0 bytes, Stack size unknown bytes, entry7b.o(.ARM.Collect$$$$00000008))

<P><STRONG><a name="[26d]"></a>_main_cpp_init</STRONG> (Thumb, 0 bytes, Stack size unknown bytes, entry8b.o(.ARM.Collect$$$$0000000A))

<P><STRONG><a name="[26e]"></a>_main_init</STRONG> (Thumb, 0 bytes, Stack size unknown bytes, entry9a.o(.ARM.Collect$$$$0000000B))

<P><STRONG><a name="[26f]"></a>__rt_final_cpp</STRONG> (Thumb, 0 bytes, Stack size unknown bytes, entry10a.o(.ARM.Collect$$$$0000000D))

<P><STRONG><a name="[270]"></a>__rt_final_exit</STRONG> (Thumb, 0 bytes, Stack size unknown bytes, entry11a.o(.ARM.Collect$$$$0000000F))

<P><STRONG><a name="[9]"></a>Reset_Handler</STRONG> (Thumb, 8 bytes, Stack size 0 bytes, startup_stm32f10x_hd.o(.text))
<BR>[Address Reference Count : 1]<UL><LI> startup_stm32f10x_hd.o(RESET)
</UL>
<P><STRONG><a name="[25]"></a>ADC1_2_IRQHandler</STRONG> (Thumb, 0 bytes, Stack size 0 bytes, startup_stm32f10x_hd.o(.text))
<BR><BR>[Calls]<UL><LI><a href="#[25]">&gt;&gt;</a>&nbsp;&nbsp;&nbsp;ADC1_2_IRQHandler
</UL>
<BR>[Called By]<UL><LI><a href="#[25]">&gt;&gt;</a>&nbsp;&nbsp;&nbsp;ADC1_2_IRQHandler
</UL>
<BR>[Address Reference Count : 1]<UL><LI> startup_stm32f10x_hd.o(RESET)
</UL>
<P><STRONG><a name="[42]"></a>ADC3_IRQHandler</STRONG> (Thumb, 0 bytes, Stack size 0 bytes, startup_stm32f10x_hd.o(.text))
<BR>[Address Reference Count : 1]<UL><LI> startup_stm32f10x_hd.o(RESET)
</UL>
<P><STRONG><a name="[28]"></a>CAN1_RX1_IRQHandler</STRONG> (Thumb, 0 bytes, Stack size 0 bytes, startup_stm32f10x_hd.o(.text))
<BR>[Address Reference Count : 1]<UL><LI> startup_stm32f10x_hd.o(RESET)
</UL>
<P><STRONG><a name="[29]"></a>CAN1_SCE_IRQHandler</STRONG> (Thumb, 0 bytes, Stack size 0 bytes, startup_stm32f10x_hd.o(.text))
<BR>[Address Reference Count : 1]<UL><LI> startup_stm32f10x_hd.o(RESET)
</UL>
<P><STRONG><a name="[1e]"></a>DMA1_Channel1_IRQHandler</STRONG> (Thumb, 0 bytes, Stack size 0 bytes, startup_stm32f10x_hd.o(.text))
<BR>[Address Reference Count : 1]<UL><LI> startup_stm32f10x_hd.o(RESET)
</UL>
<P><STRONG><a name="[1f]"></a>DMA1_Channel2_IRQHandler</STRONG> (Thumb, 0 bytes, Stack size 0 bytes, startup_stm32f10x_hd.o(.text))
<BR>[Address Reference Count : 1]<UL><LI> startup_stm32f10x_hd.o(RESET)
</UL>
<P><STRONG><a name="[20]"></a>DMA1_Channel3_IRQHandler</STRONG> (Thumb, 0 bytes, Stack size 0 bytes, startup_stm32f10x_hd.o(.text))
<BR>[Address Reference Count : 1]<UL><LI> startup_stm32f10x_hd.o(RESET)
</UL>
<P><STRONG><a name="[21]"></a>DMA1_Channel4_IRQHandler</STRONG> (Thumb, 0 bytes, Stack size 0 bytes, startup_stm32f10x_hd.o(.text))
<BR>[Address Reference Count : 1]<UL><LI> startup_stm32f10x_hd.o(RESET)
</UL>
<P><STRONG><a name="[22]"></a>DMA1_Channel5_IRQHandler</STRONG> (Thumb, 0 bytes, Stack size 0 bytes, startup_stm32f10x_hd.o(.text))
<BR>[Address Reference Count : 1]<UL><LI> startup_stm32f10x_hd.o(RESET)
</UL>
<P><STRONG><a name="[23]"></a>DMA1_Channel6_IRQHandler</STRONG> (Thumb, 0 bytes, Stack size 0 bytes, startup_stm32f10x_hd.o(.text))
<BR>[Address Reference Count : 1]<UL><LI> startup_stm32f10x_hd.o(RESET)
</UL>
<P><STRONG><a name="[24]"></a>DMA1_Channel7_IRQHandler</STRONG> (Thumb, 0 bytes, Stack size 0 bytes, startup_stm32f10x_hd.o(.text))
<BR>[Address Reference Count : 1]<UL><LI> startup_stm32f10x_hd.o(RESET)
</UL>
<P><STRONG><a name="[4b]"></a>DMA2_Channel1_IRQHandler</STRONG> (Thumb, 0 bytes, Stack size 0 bytes, startup_stm32f10x_hd.o(.text))
<BR>[Address Reference Count : 1]<UL><LI> startup_stm32f10x_hd.o(RESET)
</UL>
<P><STRONG><a name="[4c]"></a>DMA2_Channel2_IRQHandler</STRONG> (Thumb, 0 bytes, Stack size 0 bytes, startup_stm32f10x_hd.o(.text))
<BR>[Address Reference Count : 1]<UL><LI> startup_stm32f10x_hd.o(RESET)
</UL>
<P><STRONG><a name="[4d]"></a>DMA2_Channel3_IRQHandler</STRONG> (Thumb, 0 bytes, Stack size 0 bytes, startup_stm32f10x_hd.o(.text))
<BR>[Address Reference Count : 1]<UL><LI> startup_stm32f10x_hd.o(RESET)
</UL>
<P><STRONG><a name="[4e]"></a>DMA2_Channel4_5_IRQHandler</STRONG> (Thumb, 0 bytes, Stack size 0 bytes, startup_stm32f10x_hd.o(.text))
<BR>[Address Reference Count : 1]<UL><LI> startup_stm32f10x_hd.o(RESET)
</UL>
<P><STRONG><a name="[19]"></a>EXTI0_IRQHandler</STRONG> (Thumb, 0 bytes, Stack size 0 bytes, startup_stm32f10x_hd.o(.text))
<BR>[Address Reference Count : 1]<UL><LI> startup_stm32f10x_hd.o(RESET)
</UL>
<P><STRONG><a name="[3b]"></a>EXTI15_10_IRQHandler</STRONG> (Thumb, 0 bytes, Stack size 0 bytes, startup_stm32f10x_hd.o(.text))
<BR>[Address Reference Count : 1]<UL><LI> startup_stm32f10x_hd.o(RESET)
</UL>
<P><STRONG><a name="[1b]"></a>EXTI2_IRQHandler</STRONG> (Thumb, 0 bytes, Stack size 0 bytes, startup_stm32f10x_hd.o(.text))
<BR>[Address Reference Count : 1]<UL><LI> startup_stm32f10x_hd.o(RESET)
</UL>
<P><STRONG><a name="[1c]"></a>EXTI3_IRQHandler</STRONG> (Thumb, 0 bytes, Stack size 0 bytes, startup_stm32f10x_hd.o(.text))
<BR>[Address Reference Count : 1]<UL><LI> startup_stm32f10x_hd.o(RESET)
</UL>
<P><STRONG><a name="[1d]"></a>EXTI4_IRQHandler</STRONG> (Thumb, 0 bytes, Stack size 0 bytes, startup_stm32f10x_hd.o(.text))
<BR>[Address Reference Count : 1]<UL><LI> startup_stm32f10x_hd.o(RESET)
</UL>
<P><STRONG><a name="[2a]"></a>EXTI9_5_IRQHandler</STRONG> (Thumb, 0 bytes, Stack size 0 bytes, startup_stm32f10x_hd.o(.text))
<BR>[Address Reference Count : 1]<UL><LI> startup_stm32f10x_hd.o(RESET)
</UL>
<P><STRONG><a name="[17]"></a>FLASH_IRQHandler</STRONG> (Thumb, 0 bytes, Stack size 0 bytes, startup_stm32f10x_hd.o(.text))
<BR>[Address Reference Count : 1]<UL><LI> startup_stm32f10x_hd.o(RESET)
</UL>
<P><STRONG><a name="[43]"></a>FSMC_IRQHandler</STRONG> (Thumb, 0 bytes, Stack size 0 bytes, startup_stm32f10x_hd.o(.text))
<BR>[Address Reference Count : 1]<UL><LI> startup_stm32f10x_hd.o(RESET)
</UL>
<P><STRONG><a name="[33]"></a>I2C1_ER_IRQHandler</STRONG> (Thumb, 0 bytes, Stack size 0 bytes, startup_stm32f10x_hd.o(.text))
<BR>[Address Reference Count : 1]<UL><LI> startup_stm32f10x_hd.o(RESET)
</UL>
<P><STRONG><a name="[32]"></a>I2C1_EV_IRQHandler</STRONG> (Thumb, 0 bytes, Stack size 0 bytes, startup_stm32f10x_hd.o(.text))
<BR>[Address Reference Count : 1]<UL><LI> startup_stm32f10x_hd.o(RESET)
</UL>
<P><STRONG><a name="[35]"></a>I2C2_ER_IRQHandler</STRONG> (Thumb, 0 bytes, Stack size 0 bytes, startup_stm32f10x_hd.o(.text))
<BR>[Address Reference Count : 1]<UL><LI> startup_stm32f10x_hd.o(RESET)
</UL>
<P><STRONG><a name="[34]"></a>I2C2_EV_IRQHandler</STRONG> (Thumb, 0 bytes, Stack size 0 bytes, startup_stm32f10x_hd.o(.text))
<BR>[Address Reference Count : 1]<UL><LI> startup_stm32f10x_hd.o(RESET)
</UL>
<P><STRONG><a name="[14]"></a>PVD_IRQHandler</STRONG> (Thumb, 0 bytes, Stack size 0 bytes, startup_stm32f10x_hd.o(.text))
<BR>[Address Reference Count : 1]<UL><LI> startup_stm32f10x_hd.o(RESET)
</UL>
<P><STRONG><a name="[18]"></a>RCC_IRQHandler</STRONG> (Thumb, 0 bytes, Stack size 0 bytes, startup_stm32f10x_hd.o(.text))
<BR>[Address Reference Count : 1]<UL><LI> startup_stm32f10x_hd.o(RESET)
</UL>
<P><STRONG><a name="[3c]"></a>RTCAlarm_IRQHandler</STRONG> (Thumb, 0 bytes, Stack size 0 bytes, startup_stm32f10x_hd.o(.text))
<BR>[Address Reference Count : 1]<UL><LI> startup_stm32f10x_hd.o(RESET)
</UL>
<P><STRONG><a name="[16]"></a>RTC_IRQHandler</STRONG> (Thumb, 0 bytes, Stack size 0 bytes, startup_stm32f10x_hd.o(.text))
<BR>[Address Reference Count : 1]<UL><LI> startup_stm32f10x_hd.o(RESET)
</UL>
<P><STRONG><a name="[44]"></a>SDIO_IRQHandler</STRONG> (Thumb, 0 bytes, Stack size 0 bytes, startup_stm32f10x_hd.o(.text))
<BR>[Address Reference Count : 1]<UL><LI> startup_stm32f10x_hd.o(RESET)
</UL>
<P><STRONG><a name="[36]"></a>SPI1_IRQHandler</STRONG> (Thumb, 0 bytes, Stack size 0 bytes, startup_stm32f10x_hd.o(.text))
<BR>[Address Reference Count : 1]<UL><LI> startup_stm32f10x_hd.o(RESET)
</UL>
<P><STRONG><a name="[37]"></a>SPI2_IRQHandler</STRONG> (Thumb, 0 bytes, Stack size 0 bytes, startup_stm32f10x_hd.o(.text))
<BR>[Address Reference Count : 1]<UL><LI> startup_stm32f10x_hd.o(RESET)
</UL>
<P><STRONG><a name="[46]"></a>SPI3_IRQHandler</STRONG> (Thumb, 0 bytes, Stack size 0 bytes, startup_stm32f10x_hd.o(.text))
<BR>[Address Reference Count : 1]<UL><LI> startup_stm32f10x_hd.o(RESET)
</UL>
<P><STRONG><a name="[15]"></a>TAMPER_IRQHandler</STRONG> (Thumb, 0 bytes, Stack size 0 bytes, startup_stm32f10x_hd.o(.text))
<BR>[Address Reference Count : 1]<UL><LI> startup_stm32f10x_hd.o(RESET)
</UL>
<P><STRONG><a name="[2b]"></a>TIM1_BRK_IRQHandler</STRONG> (Thumb, 0 bytes, Stack size 0 bytes, startup_stm32f10x_hd.o(.text))
<BR>[Address Reference Count : 1]<UL><LI> startup_stm32f10x_hd.o(RESET)
</UL>
<P><STRONG><a name="[2e]"></a>TIM1_CC_IRQHandler</STRONG> (Thumb, 0 bytes, Stack size 0 bytes, startup_stm32f10x_hd.o(.text))
<BR>[Address Reference Count : 1]<UL><LI> startup_stm32f10x_hd.o(RESET)
</UL>
<P><STRONG><a name="[2d]"></a>TIM1_TRG_COM_IRQHandler</STRONG> (Thumb, 0 bytes, Stack size 0 bytes, startup_stm32f10x_hd.o(.text))
<BR>[Address Reference Count : 1]<UL><LI> startup_stm32f10x_hd.o(RESET)
</UL>
<P><STRONG><a name="[2c]"></a>TIM1_UP_IRQHandler</STRONG> (Thumb, 0 bytes, Stack size 0 bytes, startup_stm32f10x_hd.o(.text))
<BR>[Address Reference Count : 1]<UL><LI> startup_stm32f10x_hd.o(RESET)
</UL>
<P><STRONG><a name="[2f]"></a>TIM2_IRQHandler</STRONG> (Thumb, 0 bytes, Stack size 0 bytes, startup_stm32f10x_hd.o(.text))
<BR>[Address Reference Count : 1]<UL><LI> startup_stm32f10x_hd.o(RESET)
</UL>
<P><STRONG><a name="[30]"></a>TIM3_IRQHandler</STRONG> (Thumb, 0 bytes, Stack size 0 bytes, startup_stm32f10x_hd.o(.text))
<BR>[Address Reference Count : 1]<UL><LI> startup_stm32f10x_hd.o(RESET)
</UL>
<P><STRONG><a name="[31]"></a>TIM4_IRQHandler</STRONG> (Thumb, 0 bytes, Stack size 0 bytes, startup_stm32f10x_hd.o(.text))
<BR>[Address Reference Count : 1]<UL><LI> startup_stm32f10x_hd.o(RESET)
</UL>
<P><STRONG><a name="[45]"></a>TIM5_IRQHandler</STRONG> (Thumb, 0 bytes, Stack size 0 bytes, startup_stm32f10x_hd.o(.text))
<BR>[Address Reference Count : 1]<UL><LI> startup_stm32f10x_hd.o(RESET)
</UL>
<P><STRONG><a name="[49]"></a>TIM6_IRQHandler</STRONG> (Thumb, 0 bytes, Stack size 0 bytes, startup_stm32f10x_hd.o(.text))
<BR>[Address Reference Count : 1]<UL><LI> startup_stm32f10x_hd.o(RESET)
</UL>
<P><STRONG><a name="[4a]"></a>TIM7_IRQHandler</STRONG> (Thumb, 0 bytes, Stack size 0 bytes, startup_stm32f10x_hd.o(.text))
<BR>[Address Reference Count : 1]<UL><LI> startup_stm32f10x_hd.o(RESET)
</UL>
<P><STRONG><a name="[3e]"></a>TIM8_BRK_IRQHandler</STRONG> (Thumb, 0 bytes, Stack size 0 bytes, startup_stm32f10x_hd.o(.text))
<BR>[Address Reference Count : 1]<UL><LI> startup_stm32f10x_hd.o(RESET)
</UL>
<P><STRONG><a name="[41]"></a>TIM8_CC_IRQHandler</STRONG> (Thumb, 0 bytes, Stack size 0 bytes, startup_stm32f10x_hd.o(.text))
<BR>[Address Reference Count : 1]<UL><LI> startup_stm32f10x_hd.o(RESET)
</UL>
<P><STRONG><a name="[40]"></a>TIM8_TRG_COM_IRQHandler</STRONG> (Thumb, 0 bytes, Stack size 0 bytes, startup_stm32f10x_hd.o(.text))
<BR>[Address Reference Count : 1]<UL><LI> startup_stm32f10x_hd.o(RESET)
</UL>
<P><STRONG><a name="[3f]"></a>TIM8_UP_IRQHandler</STRONG> (Thumb, 0 bytes, Stack size 0 bytes, startup_stm32f10x_hd.o(.text))
<BR>[Address Reference Count : 1]<UL><LI> startup_stm32f10x_hd.o(RESET)
</UL>
<P><STRONG><a name="[47]"></a>UART4_IRQHandler</STRONG> (Thumb, 0 bytes, Stack size 0 bytes, startup_stm32f10x_hd.o(.text))
<BR>[Address Reference Count : 1]<UL><LI> startup_stm32f10x_hd.o(RESET)
</UL>
<P><STRONG><a name="[48]"></a>UART5_IRQHandler</STRONG> (Thumb, 0 bytes, Stack size 0 bytes, startup_stm32f10x_hd.o(.text))
<BR>[Address Reference Count : 1]<UL><LI> startup_stm32f10x_hd.o(RESET)
</UL>
<P><STRONG><a name="[3d]"></a>USBWakeUp_IRQHandler</STRONG> (Thumb, 0 bytes, Stack size 0 bytes, startup_stm32f10x_hd.o(.text))
<BR>[Address Reference Count : 1]<UL><LI> startup_stm32f10x_hd.o(RESET)
</UL>
<P><STRONG><a name="[26]"></a>USB_HP_CAN1_TX_IRQHandler</STRONG> (Thumb, 0 bytes, Stack size 0 bytes, startup_stm32f10x_hd.o(.text))
<BR>[Address Reference Count : 1]<UL><LI> startup_stm32f10x_hd.o(RESET)
</UL>
<P><STRONG><a name="[27]"></a>USB_LP_CAN1_RX0_IRQHandler</STRONG> (Thumb, 0 bytes, Stack size 0 bytes, startup_stm32f10x_hd.o(.text))
<BR>[Address Reference Count : 1]<UL><LI> startup_stm32f10x_hd.o(RESET)
</UL>
<P><STRONG><a name="[13]"></a>WWDG_IRQHandler</STRONG> (Thumb, 0 bytes, Stack size 0 bytes, startup_stm32f10x_hd.o(.text))
<BR>[Address Reference Count : 1]<UL><LI> startup_stm32f10x_hd.o(RESET)
</UL>
<P><STRONG><a name="[116]"></a>rt_hw_interrupt_disable</STRONG> (Thumb, 8 bytes, Stack size 0 bytes, context_rvds.o(.text))
<BR><BR>[Called By]<UL><LI><a href="#[f0]">&gt;&gt;</a>&nbsp;&nbsp;&nbsp;rt_hw_serial_isr
<LI><a href="#[ee]">&gt;&gt;</a>&nbsp;&nbsp;&nbsp;rt_interrupt_leave
<LI><a href="#[ec]">&gt;&gt;</a>&nbsp;&nbsp;&nbsp;rt_interrupt_enter
<LI><a href="#[1c4]">&gt;&gt;</a>&nbsp;&nbsp;&nbsp;rt_system_heap_init
<LI><a href="#[4f]">&gt;&gt;</a>&nbsp;&nbsp;&nbsp;main
<LI><a href="#[1d2]">&gt;&gt;</a>&nbsp;&nbsp;&nbsp;rt_timer_stop
<LI><a href="#[d8]">&gt;&gt;</a>&nbsp;&nbsp;&nbsp;rt_timer_start
<LI><a href="#[192]">&gt;&gt;</a>&nbsp;&nbsp;&nbsp;rt_sem_take
<LI><a href="#[193]">&gt;&gt;</a>&nbsp;&nbsp;&nbsp;rt_sem_release
<LI><a href="#[186]">&gt;&gt;</a>&nbsp;&nbsp;&nbsp;rt_malloc
<LI><a href="#[1d4]">&gt;&gt;</a>&nbsp;&nbsp;&nbsp;rt_timer_check
<LI><a href="#[1d3]">&gt;&gt;</a>&nbsp;&nbsp;&nbsp;rt_thread_yield
<LI><a href="#[1b9]">&gt;&gt;</a>&nbsp;&nbsp;&nbsp;rt_realloc
<LI><a href="#[17d]">&gt;&gt;</a>&nbsp;&nbsp;&nbsp;rt_thread_suspend
<LI><a href="#[179]">&gt;&gt;</a>&nbsp;&nbsp;&nbsp;rt_thread_resume
<LI><a href="#[1b3]">&gt;&gt;</a>&nbsp;&nbsp;&nbsp;rt_thread_control
<LI><a href="#[17a]">&gt;&gt;</a>&nbsp;&nbsp;&nbsp;rt_schedule
<LI><a href="#[1ac]">&gt;&gt;</a>&nbsp;&nbsp;&nbsp;rt_object_allocate
<LI><a href="#[1b4]">&gt;&gt;</a>&nbsp;&nbsp;&nbsp;rt_mutex_take
<LI><a href="#[1b2]">&gt;&gt;</a>&nbsp;&nbsp;&nbsp;rt_mutex_release
<LI><a href="#[1b0]">&gt;&gt;</a>&nbsp;&nbsp;&nbsp;rt_mq_send
<LI><a href="#[1af]">&gt;&gt;</a>&nbsp;&nbsp;&nbsp;rt_mq_recv
<LI><a href="#[1ad]">&gt;&gt;</a>&nbsp;&nbsp;&nbsp;rt_mq_delete
<LI><a href="#[1ab]">&gt;&gt;</a>&nbsp;&nbsp;&nbsp;rt_mq_create
<LI><a href="#[1aa]">&gt;&gt;</a>&nbsp;&nbsp;&nbsp;rt_mb_send_wait
<LI><a href="#[1a8]">&gt;&gt;</a>&nbsp;&nbsp;&nbsp;rt_mb_recv
<LI><a href="#[19d]">&gt;&gt;</a>&nbsp;&nbsp;&nbsp;rt_ipc_list_resume_all
<LI><a href="#[1ae]">&gt;&gt;</a>&nbsp;&nbsp;&nbsp;rt_object_delete
<LI><a href="#[11e]">&gt;&gt;</a>&nbsp;&nbsp;&nbsp;rt_free
<LI><a href="#[1cd]">&gt;&gt;</a>&nbsp;&nbsp;&nbsp;rt_thread_idle_excute
<LI><a href="#[190]">&gt;&gt;</a>&nbsp;&nbsp;&nbsp;rt_object_init
<LI><a href="#[1a6]">&gt;&gt;</a>&nbsp;&nbsp;&nbsp;rt_object_detach
<LI><a href="#[18e]">&gt;&gt;</a>&nbsp;&nbsp;&nbsp;rt_exit_critical
<LI><a href="#[18c]">&gt;&gt;</a>&nbsp;&nbsp;&nbsp;rt_enter_critical
<LI><a href="#[158]">&gt;&gt;</a>&nbsp;&nbsp;&nbsp;rt_data_queue_push
<LI><a href="#[188]">&gt;&gt;</a>&nbsp;&nbsp;&nbsp;rt_data_queue_pop
<LI><a href="#[187]">&gt;&gt;</a>&nbsp;&nbsp;&nbsp;rt_data_queue_peak
<LI><a href="#[15b]">&gt;&gt;</a>&nbsp;&nbsp;&nbsp;rt_completion_wait
<LI><a href="#[17b]">&gt;&gt;</a>&nbsp;&nbsp;&nbsp;rt_completion_init
<LI><a href="#[177]">&gt;&gt;</a>&nbsp;&nbsp;&nbsp;rt_completion_done
<LI><a href="#[159]">&gt;&gt;</a>&nbsp;&nbsp;&nbsp;_serial_int_rx
<LI><a href="#[157]">&gt;&gt;</a>&nbsp;&nbsp;&nbsp;_serial_dma_tx
<LI><a href="#[154]">&gt;&gt;</a>&nbsp;&nbsp;&nbsp;_serial_dma_rx
<LI><a href="#[1cb]">&gt;&gt;</a>&nbsp;&nbsp;&nbsp;rt_timer_detach
<LI><a href="#[1ca]">&gt;&gt;</a>&nbsp;&nbsp;&nbsp;rt_thread_delete
<LI><a href="#[52]">&gt;&gt;</a>&nbsp;&nbsp;&nbsp;rt_thread_exit
<LI><a href="#[1be]">&gt;&gt;</a>&nbsp;&nbsp;&nbsp;rt_schedule_remove_thread
<LI><a href="#[1bd]">&gt;&gt;</a>&nbsp;&nbsp;&nbsp;rt_schedule_insert_thread
<LI><a href="#[114]">&gt;&gt;</a>&nbsp;&nbsp;&nbsp;_rt_scheduler_stack_check
</UL>

<P><STRONG><a name="[155]"></a>rt_hw_interrupt_enable</STRONG> (Thumb, 6 bytes, Stack size 0 bytes, context_rvds.o(.text))
<BR><BR>[Called By]<UL><LI><a href="#[f0]">&gt;&gt;</a>&nbsp;&nbsp;&nbsp;rt_hw_serial_isr
<LI><a href="#[ee]">&gt;&gt;</a>&nbsp;&nbsp;&nbsp;rt_interrupt_leave
<LI><a href="#[ec]">&gt;&gt;</a>&nbsp;&nbsp;&nbsp;rt_interrupt_enter
<LI><a href="#[1c4]">&gt;&gt;</a>&nbsp;&nbsp;&nbsp;rt_system_heap_init
<LI><a href="#[1d2]">&gt;&gt;</a>&nbsp;&nbsp;&nbsp;rt_timer_stop
<LI><a href="#[d8]">&gt;&gt;</a>&nbsp;&nbsp;&nbsp;rt_timer_start
<LI><a href="#[192]">&gt;&gt;</a>&nbsp;&nbsp;&nbsp;rt_sem_take
<LI><a href="#[193]">&gt;&gt;</a>&nbsp;&nbsp;&nbsp;rt_sem_release
<LI><a href="#[186]">&gt;&gt;</a>&nbsp;&nbsp;&nbsp;rt_malloc
<LI><a href="#[1d4]">&gt;&gt;</a>&nbsp;&nbsp;&nbsp;rt_timer_check
<LI><a href="#[1d3]">&gt;&gt;</a>&nbsp;&nbsp;&nbsp;rt_thread_yield
<LI><a href="#[1b9]">&gt;&gt;</a>&nbsp;&nbsp;&nbsp;rt_realloc
<LI><a href="#[17d]">&gt;&gt;</a>&nbsp;&nbsp;&nbsp;rt_thread_suspend
<LI><a href="#[179]">&gt;&gt;</a>&nbsp;&nbsp;&nbsp;rt_thread_resume
<LI><a href="#[1b3]">&gt;&gt;</a>&nbsp;&nbsp;&nbsp;rt_thread_control
<LI><a href="#[17a]">&gt;&gt;</a>&nbsp;&nbsp;&nbsp;rt_schedule
<LI><a href="#[1ac]">&gt;&gt;</a>&nbsp;&nbsp;&nbsp;rt_object_allocate
<LI><a href="#[1b4]">&gt;&gt;</a>&nbsp;&nbsp;&nbsp;rt_mutex_take
<LI><a href="#[1b2]">&gt;&gt;</a>&nbsp;&nbsp;&nbsp;rt_mutex_release
<LI><a href="#[1b0]">&gt;&gt;</a>&nbsp;&nbsp;&nbsp;rt_mq_send
<LI><a href="#[1af]">&gt;&gt;</a>&nbsp;&nbsp;&nbsp;rt_mq_recv
<LI><a href="#[1ad]">&gt;&gt;</a>&nbsp;&nbsp;&nbsp;rt_mq_delete
<LI><a href="#[1ab]">&gt;&gt;</a>&nbsp;&nbsp;&nbsp;rt_mq_create
<LI><a href="#[1aa]">&gt;&gt;</a>&nbsp;&nbsp;&nbsp;rt_mb_send_wait
<LI><a href="#[1a8]">&gt;&gt;</a>&nbsp;&nbsp;&nbsp;rt_mb_recv
<LI><a href="#[19d]">&gt;&gt;</a>&nbsp;&nbsp;&nbsp;rt_ipc_list_resume_all
<LI><a href="#[1ae]">&gt;&gt;</a>&nbsp;&nbsp;&nbsp;rt_object_delete
<LI><a href="#[11e]">&gt;&gt;</a>&nbsp;&nbsp;&nbsp;rt_free
<LI><a href="#[1cd]">&gt;&gt;</a>&nbsp;&nbsp;&nbsp;rt_thread_idle_excute
<LI><a href="#[190]">&gt;&gt;</a>&nbsp;&nbsp;&nbsp;rt_object_init
<LI><a href="#[1a6]">&gt;&gt;</a>&nbsp;&nbsp;&nbsp;rt_object_detach
<LI><a href="#[18e]">&gt;&gt;</a>&nbsp;&nbsp;&nbsp;rt_exit_critical
<LI><a href="#[18c]">&gt;&gt;</a>&nbsp;&nbsp;&nbsp;rt_enter_critical
<LI><a href="#[158]">&gt;&gt;</a>&nbsp;&nbsp;&nbsp;rt_data_queue_push
<LI><a href="#[188]">&gt;&gt;</a>&nbsp;&nbsp;&nbsp;rt_data_queue_pop
<LI><a href="#[187]">&gt;&gt;</a>&nbsp;&nbsp;&nbsp;rt_data_queue_peak
<LI><a href="#[15b]">&gt;&gt;</a>&nbsp;&nbsp;&nbsp;rt_completion_wait
<LI><a href="#[17b]">&gt;&gt;</a>&nbsp;&nbsp;&nbsp;rt_completion_init
<LI><a href="#[177]">&gt;&gt;</a>&nbsp;&nbsp;&nbsp;rt_completion_done
<LI><a href="#[159]">&gt;&gt;</a>&nbsp;&nbsp;&nbsp;_serial_int_rx
<LI><a href="#[157]">&gt;&gt;</a>&nbsp;&nbsp;&nbsp;_serial_dma_tx
<LI><a href="#[154]">&gt;&gt;</a>&nbsp;&nbsp;&nbsp;_serial_dma_rx
<LI><a href="#[1cb]">&gt;&gt;</a>&nbsp;&nbsp;&nbsp;rt_timer_detach
<LI><a href="#[1ca]">&gt;&gt;</a>&nbsp;&nbsp;&nbsp;rt_thread_delete
<LI><a href="#[52]">&gt;&gt;</a>&nbsp;&nbsp;&nbsp;rt_thread_exit
<LI><a href="#[1be]">&gt;&gt;</a>&nbsp;&nbsp;&nbsp;rt_schedule_remove_thread
<LI><a href="#[1bd]">&gt;&gt;</a>&nbsp;&nbsp;&nbsp;rt_schedule_insert_thread
</UL>

<P><STRONG><a name="[1bb]"></a>rt_hw_context_switch</STRONG> (Thumb, 32 bytes, Stack size 0 bytes, context_rvds.o(.text))
<BR><BR>[Called By]<UL><LI><a href="#[17a]">&gt;&gt;</a>&nbsp;&nbsp;&nbsp;rt_schedule
</UL>

<P><STRONG><a name="[1bc]"></a>rt_hw_context_switch_interrupt</STRONG> (Thumb, 0 bytes, Stack size 0 bytes, context_rvds.o(.text))
<BR><BR>[Called By]<UL><LI><a href="#[17a]">&gt;&gt;</a>&nbsp;&nbsp;&nbsp;rt_schedule
</UL>

<P><STRONG><a name="[11]"></a>PendSV_Handler</STRONG> (Thumb, 60 bytes, Stack size 0 bytes, context_rvds.o(.text))
<BR>[Address Reference Count : 1]<UL><LI> startup_stm32f10x_hd.o(RESET)
</UL>
<P><STRONG><a name="[1c8]"></a>rt_hw_context_switch_to</STRONG> (Thumb, 56 bytes, Stack size 0 bytes, context_rvds.o(.text))
<BR><BR>[Called By]<UL><LI><a href="#[1c7]">&gt;&gt;</a>&nbsp;&nbsp;&nbsp;rt_system_scheduler_start
</UL>

<P><STRONG><a name="[271]"></a>rt_hw_interrupt_thread_switch</STRONG> (Thumb, 2 bytes, Stack size 0 bytes, context_rvds.o(.text), UNUSED)

<P><STRONG><a name="[b]"></a>HardFault_Handler</STRONG> (Thumb, 48 bytes, Stack size 0 bytes, context_rvds.o(.text))
<BR><BR>[Stack]<UL><LI>Max Depth = 192<LI>Call Chain = HardFault_Handler &rArr; rt_hw_hard_fault_exception &rArr; rt_kprintf &rArr; rt_vsnprintf &rArr; print_number
</UL>
<BR>[Calls]<UL><LI><a href="#[ce]">&gt;&gt;</a>&nbsp;&nbsp;&nbsp;rt_hw_hard_fault_exception
</UL>
<BR>[Address Reference Count : 1]<UL><LI> startup_stm32f10x_hd.o(RESET)
</UL>
<P><STRONG><a name="[272]"></a>__aeabi_memcpy</STRONG> (Thumb, 36 bytes, Stack size 0 bytes, memcpya.o(.text), UNUSED)

<P><STRONG><a name="[ff]"></a>__aeabi_memcpy4</STRONG> (Thumb, 0 bytes, Stack size 0 bytes, memcpya.o(.text))
<BR><BR>[Called By]<UL><LI><a href="#[fe]">&gt;&gt;</a>&nbsp;&nbsp;&nbsp;_list_device
</UL>

<P><STRONG><a name="[273]"></a>__aeabi_memcpy8</STRONG> (Thumb, 0 bytes, Stack size 0 bytes, memcpya.o(.text), UNUSED)

<P><STRONG><a name="[214]"></a>strlen</STRONG> (Thumb, 14 bytes, Stack size 0 bytes, strlen.o(.text))
<BR><BR>[Called By]<UL><LI><a href="#[211]">&gt;&gt;</a>&nbsp;&nbsp;&nbsp;rtgui_dc_draw_text
</UL>

<P><STRONG><a name="[173]"></a>strncmp</STRONG> (Thumb, 30 bytes, Stack size 12 bytes, strncmp.o(.text))
<BR><BR>[Stack]<UL><LI>Max Depth = 12<LI>Call Chain = strncmp
</UL>
<BR>[Called By]<UL><LI><a href="#[cb]">&gt;&gt;</a>&nbsp;&nbsp;&nbsp;list
</UL>

<P><STRONG><a name="[cd]"></a>__scatterload</STRONG> (Thumb, 28 bytes, Stack size 0 bytes, init.o(.text))
<BR><BR>[Calls]<UL><LI><a href="#[cf]">&gt;&gt;</a>&nbsp;&nbsp;&nbsp;__main_after_scatterload
</UL>
<BR>[Called By]<UL><LI><a href="#[cc]">&gt;&gt;</a>&nbsp;&nbsp;&nbsp;_main_scatterload
</UL>

<P><STRONG><a name="[274]"></a>__scatterload_rt2</STRONG> (Thumb, 0 bytes, Stack size 0 bytes, init.o(.text), UNUSED)

<P><STRONG><a name="[275]"></a>__decompress</STRONG> (Thumb, 0 bytes, Stack size unknown bytes, __dczerorl2.o(.text), UNUSED)

<P><STRONG><a name="[276]"></a>__decompress1</STRONG> (Thumb, 86 bytes, Stack size unknown bytes, __dczerorl2.o(.text), UNUSED)

<P><STRONG><a name="[d]"></a>BusFault_Handler</STRONG> (Thumb, 4 bytes, Stack size 0 bytes, stm32f10x_it.o(i.BusFault_Handler))
<BR>[Address Reference Count : 1]<UL><LI> startup_stm32f10x_hd.o(RESET)
</UL>
<P><STRONG><a name="[10]"></a>DebugMon_Handler</STRONG> (Thumb, 2 bytes, Stack size 0 bytes, stm32f10x_it.o(i.DebugMon_Handler))
<BR>[Address Reference Count : 1]<UL><LI> startup_stm32f10x_hd.o(RESET)
</UL>
<P><STRONG><a name="[1a]"></a>EXTI1_IRQHandler</STRONG> (Thumb, 26 bytes, Stack size 8 bytes, touch.o(i.EXTI1_IRQHandler))
<BR><BR>[Stack]<UL><LI>Max Depth = 216<LI>Call Chain = EXTI1_IRQHandler &rArr; EXTI_Enable &rArr; EXTI_Init &rArr; assert_failed &rArr; rt_kprintf &rArr; rt_vsnprintf &rArr; print_number
</UL>
<BR>[Calls]<UL><LI><a href="#[d7]">&gt;&gt;</a>&nbsp;&nbsp;&nbsp;EXTI_Enable
<LI><a href="#[d8]">&gt;&gt;</a>&nbsp;&nbsp;&nbsp;rt_timer_start
<LI><a href="#[d9]">&gt;&gt;</a>&nbsp;&nbsp;&nbsp;EXTI_ClearITPendingBit
</UL>
<BR>[Address Reference Count : 1]<UL><LI> startup_stm32f10x_hd.o(RESET)
</UL>
<P><STRONG><a name="[d9]"></a>EXTI_ClearITPendingBit</STRONG> (Thumb, 28 bytes, Stack size 8 bytes, stm32f10x_exti.o(i.EXTI_ClearITPendingBit))
<BR><BR>[Stack]<UL><LI>Max Depth = 184<LI>Call Chain = EXTI_ClearITPendingBit &rArr; assert_failed &rArr; rt_kprintf &rArr; rt_vsnprintf &rArr; print_number
</UL>
<BR>[Calls]<UL><LI><a href="#[da]">&gt;&gt;</a>&nbsp;&nbsp;&nbsp;assert_failed
</UL>
<BR>[Called By]<UL><LI><a href="#[d7]">&gt;&gt;</a>&nbsp;&nbsp;&nbsp;EXTI_Enable
<LI><a href="#[1a]">&gt;&gt;</a>&nbsp;&nbsp;&nbsp;EXTI1_IRQHandler
</UL>

<P><STRONG><a name="[db]"></a>EXTI_Init</STRONG> (Thumb, 236 bytes, Stack size 16 bytes, stm32f10x_exti.o(i.EXTI_Init))
<BR><BR>[Stack]<UL><LI>Max Depth = 192<LI>Call Chain = EXTI_Init &rArr; assert_failed &rArr; rt_kprintf &rArr; rt_vsnprintf &rArr; print_number
</UL>
<BR>[Calls]<UL><LI><a href="#[da]">&gt;&gt;</a>&nbsp;&nbsp;&nbsp;assert_failed
</UL>
<BR>[Called By]<UL><LI><a href="#[d7]">&gt;&gt;</a>&nbsp;&nbsp;&nbsp;EXTI_Enable
</UL>

<P><STRONG><a name="[dc]"></a>FSMC_NORSRAMCmd</STRONG> (Thumb, 96 bytes, Stack size 16 bytes, stm32f10x_fsmc.o(i.FSMC_NORSRAMCmd))
<BR><BR>[Stack]<UL><LI>Max Depth = 192<LI>Call Chain = FSMC_NORSRAMCmd &rArr; assert_failed &rArr; rt_kprintf &rArr; rt_vsnprintf &rArr; print_number
</UL>
<BR>[Calls]<UL><LI><a href="#[da]">&gt;&gt;</a>&nbsp;&nbsp;&nbsp;assert_failed
</UL>
<BR>[Called By]<UL><LI><a href="#[e0]">&gt;&gt;</a>&nbsp;&nbsp;&nbsp;LCD_FSMCConfig
</UL>

<P><STRONG><a name="[dd]"></a>FSMC_NORSRAMInit</STRONG> (Thumb, 832 bytes, Stack size 8 bytes, stm32f10x_fsmc.o(i.FSMC_NORSRAMInit))
<BR><BR>[Stack]<UL><LI>Max Depth = 184<LI>Call Chain = FSMC_NORSRAMInit &rArr; assert_failed &rArr; rt_kprintf &rArr; rt_vsnprintf &rArr; print_number
</UL>
<BR>[Calls]<UL><LI><a href="#[da]">&gt;&gt;</a>&nbsp;&nbsp;&nbsp;assert_failed
</UL>
<BR>[Called By]<UL><LI><a href="#[e0]">&gt;&gt;</a>&nbsp;&nbsp;&nbsp;LCD_FSMCConfig
</UL>

<P><STRONG><a name="[e3]"></a>FSMC_NORSRAMStructInit</STRONG> (Thumb, 114 bytes, Stack size 0 bytes, stm32f10x_fsmc.o(i.FSMC_NORSRAMStructInit))
<BR><BR>[Called By]<UL><LI><a href="#[e0]">&gt;&gt;</a>&nbsp;&nbsp;&nbsp;LCD_FSMCConfig
</UL>

<P><STRONG><a name="[df]"></a>GPIO_Init</STRONG> (Thumb, 378 bytes, Stack size 40 bytes, stm32f10x_gpio.o(i.GPIO_Init))
<BR><BR>[Stack]<UL><LI>Max Depth = 216<LI>Call Chain = GPIO_Init &rArr; assert_failed &rArr; rt_kprintf &rArr; rt_vsnprintf &rArr; print_number
</UL>
<BR>[Calls]<UL><LI><a href="#[da]">&gt;&gt;</a>&nbsp;&nbsp;&nbsp;assert_failed
</UL>
<BR>[Called By]<UL><LI><a href="#[e0]">&gt;&gt;</a>&nbsp;&nbsp;&nbsp;LCD_FSMCConfig
<LI><a href="#[de]">&gt;&gt;</a>&nbsp;&nbsp;&nbsp;GPIO_Configuration
</UL>

<P><STRONG><a name="[c]"></a>MemManage_Handler</STRONG> (Thumb, 4 bytes, Stack size 0 bytes, stm32f10x_it.o(i.MemManage_Handler))
<BR>[Address Reference Count : 1]<UL><LI> startup_stm32f10x_hd.o(RESET)
</UL>
<P><STRONG><a name="[a]"></a>NMI_Handler</STRONG> (Thumb, 2 bytes, Stack size 0 bytes, stm32f10x_it.o(i.NMI_Handler))
<BR>[Address Reference Count : 1]<UL><LI> startup_stm32f10x_hd.o(RESET)
</UL>
<P><STRONG><a name="[e4]"></a>NVIC_Configuration</STRONG> (Thumb, 14 bytes, Stack size 8 bytes, board.o(i.NVIC_Configuration))
<BR><BR>[Stack]<UL><LI>Max Depth = 200<LI>Call Chain = NVIC_Configuration &rArr; NVIC_SetVectorTable &rArr; assert_failed &rArr; rt_kprintf &rArr; rt_vsnprintf &rArr; print_number
</UL>
<BR>[Calls]<UL><LI><a href="#[e5]">&gt;&gt;</a>&nbsp;&nbsp;&nbsp;NVIC_SetVectorTable
</UL>
<BR>[Called By]<UL><LI><a href="#[194]">&gt;&gt;</a>&nbsp;&nbsp;&nbsp;rt_hw_board_init
</UL>

<P><STRONG><a name="[e7]"></a>NVIC_Init</STRONG> (Thumb, 158 bytes, Stack size 24 bytes, misc.o(i.NVIC_Init))
<BR><BR>[Stack]<UL><LI>Max Depth = 200<LI>Call Chain = NVIC_Init &rArr; assert_failed &rArr; rt_kprintf &rArr; rt_vsnprintf &rArr; print_number
</UL>
<BR>[Calls]<UL><LI><a href="#[da]">&gt;&gt;</a>&nbsp;&nbsp;&nbsp;assert_failed
</UL>
<BR>[Called By]<UL><LI><a href="#[e6]">&gt;&gt;</a>&nbsp;&nbsp;&nbsp;NVIC_Configuration
</UL>

<P><STRONG><a name="[e5]"></a>NVIC_SetVectorTable</STRONG> (Thumb, 58 bytes, Stack size 16 bytes, misc.o(i.NVIC_SetVectorTable))
<BR><BR>[Stack]<UL><LI>Max Depth = 192<LI>Call Chain = NVIC_SetVectorTable &rArr; assert_failed &rArr; rt_kprintf &rArr; rt_vsnprintf &rArr; print_number
</UL>
<BR>[Calls]<UL><LI><a href="#[da]">&gt;&gt;</a>&nbsp;&nbsp;&nbsp;assert_failed
</UL>
<BR>[Called By]<UL><LI><a href="#[e4]">&gt;&gt;</a>&nbsp;&nbsp;&nbsp;NVIC_Configuration
</UL>

<P><STRONG><a name="[e2]"></a>RCC_AHBPeriphClockCmd</STRONG> (Thumb, 74 bytes, Stack size 16 bytes, stm32f10x_rcc.o(i.RCC_AHBPeriphClockCmd))
<BR><BR>[Stack]<UL><LI>Max Depth = 192<LI>Call Chain = RCC_AHBPeriphClockCmd &rArr; assert_failed &rArr; rt_kprintf &rArr; rt_vsnprintf &rArr; print_number
</UL>
<BR>[Calls]<UL><LI><a href="#[da]">&gt;&gt;</a>&nbsp;&nbsp;&nbsp;assert_failed
</UL>
<BR>[Called By]<UL><LI><a href="#[e0]">&gt;&gt;</a>&nbsp;&nbsp;&nbsp;LCD_FSMCConfig
<LI><a href="#[194]">&gt;&gt;</a>&nbsp;&nbsp;&nbsp;rt_hw_board_init
</UL>

<P><STRONG><a name="[e8]"></a>RCC_APB1PeriphClockCmd</STRONG> (Thumb, 70 bytes, Stack size 16 bytes, stm32f10x_rcc.o(i.RCC_APB1PeriphClockCmd))
<BR><BR>[Stack]<UL><LI>Max Depth = 192<LI>Call Chain = RCC_APB1PeriphClockCmd &rArr; assert_failed &rArr; rt_kprintf &rArr; rt_vsnprintf &rArr; print_number
</UL>
<BR>[Calls]<UL><LI><a href="#[da]">&gt;&gt;</a>&nbsp;&nbsp;&nbsp;assert_failed
</UL>
<BR>[Called By]<UL><LI><a href="#[e9]">&gt;&gt;</a>&nbsp;&nbsp;&nbsp;RCC_Configuration
</UL>

<P><STRONG><a name="[e1]"></a>RCC_APB2PeriphClockCmd</STRONG> (Thumb, 70 bytes, Stack size 16 bytes, stm32f10x_rcc.o(i.RCC_APB2PeriphClockCmd))
<BR><BR>[Stack]<UL><LI>Max Depth = 192<LI>Call Chain = RCC_APB2PeriphClockCmd &rArr; assert_failed &rArr; rt_kprintf &rArr; rt_vsnprintf &rArr; print_number
</UL>
<BR>[Calls]<UL><LI><a href="#[da]">&gt;&gt;</a>&nbsp;&nbsp;&nbsp;assert_failed
</UL>
<BR>[Called By]<UL><LI><a href="#[e0]">&gt;&gt;</a>&nbsp;&nbsp;&nbsp;LCD_FSMCConfig
<LI><a href="#[e9]">&gt;&gt;</a>&nbsp;&nbsp;&nbsp;RCC_Configuration
</UL>

<P><STRONG><a name="[f6]"></a>RCC_GetClocksFreq</STRONG> (Thumb, 192 bytes, Stack size 12 bytes, stm32f10x_rcc.o(i.RCC_GetClocksFreq))
<BR><BR>[Stack]<UL><LI>Max Depth = 12<LI>Call Chain = RCC_GetClocksFreq
</UL>
<BR>[Called By]<UL><LI><a href="#[f5]">&gt;&gt;</a>&nbsp;&nbsp;&nbsp;USART_Init
</UL>

<P><STRONG><a name="[f]"></a>SVC_Handler</STRONG> (Thumb, 2 bytes, Stack size 0 bytes, stm32f10x_it.o(i.SVC_Handler))
<BR>[Address Reference Count : 1]<UL><LI> startup_stm32f10x_hd.o(RESET)
</UL>
<P><STRONG><a name="[12]"></a>SysTick_Handler</STRONG> (Thumb, 16 bytes, Stack size 8 bytes, board.o(i.SysTick_Handler))
<BR><BR>[Stack]<UL><LI>Max Depth = 248<LI>Call Chain = SysTick_Handler &rArr; rt_tick_increase &rArr; rt_thread_yield &rArr; rt_schedule &rArr; _rt_scheduler_stack_check &rArr; rt_kprintf &rArr; rt_vsnprintf &rArr; print_number
</UL>
<BR>[Calls]<UL><LI><a href="#[ed]">&gt;&gt;</a>&nbsp;&nbsp;&nbsp;rt_tick_increase
<LI><a href="#[ee]">&gt;&gt;</a>&nbsp;&nbsp;&nbsp;rt_interrupt_leave
<LI><a href="#[ec]">&gt;&gt;</a>&nbsp;&nbsp;&nbsp;rt_interrupt_enter
</UL>
<BR>[Address Reference Count : 1]<UL><LI> startup_stm32f10x_hd.o(RESET)
</UL>
<P><STRONG><a name="[50]"></a>SystemInit</STRONG> (Thumb, 78 bytes, Stack size 8 bytes, system_stm32f10x.o(i.SystemInit))
<BR><BR>[Stack]<UL><LI>Max Depth = 28<LI>Call Chain = SystemInit &rArr; SetSysClock &rArr; SetSysClockTo72
</UL>
<BR>[Calls]<UL><LI><a href="#[ea]">&gt;&gt;</a>&nbsp;&nbsp;&nbsp;SetSysClock
</UL>
<BR>[Address Reference Count : 1]<UL><LI> startup_stm32f10x_hd.o(.text)
</UL>
<P><STRONG><a name="[38]"></a>USART1_IRQHandler</STRONG> (Thumb, 84 bytes, Stack size 8 bytes, usart.o(i.USART1_IRQHandler))
<BR><BR>[Stack]<UL><LI>Max Depth = 320<LI>Call Chain = USART1_IRQHandler &rArr; rt_hw_serial_isr &rArr; rt_data_queue_pop &rArr; rt_schedule &rArr; _rt_scheduler_stack_check &rArr; rt_kprintf &rArr; rt_vsnprintf &rArr; print_number
</UL>
<BR>[Calls]<UL><LI><a href="#[f0]">&gt;&gt;</a>&nbsp;&nbsp;&nbsp;rt_hw_serial_isr
<LI><a href="#[ef]">&gt;&gt;</a>&nbsp;&nbsp;&nbsp;USART_GetITStatus
<LI><a href="#[f2]">&gt;&gt;</a>&nbsp;&nbsp;&nbsp;USART_GetFlagStatus
<LI><a href="#[f1]">&gt;&gt;</a>&nbsp;&nbsp;&nbsp;USART_ClearITPendingBit
<LI><a href="#[71]">&gt;&gt;</a>&nbsp;&nbsp;&nbsp;stm32_getc
<LI><a href="#[ee]">&gt;&gt;</a>&nbsp;&nbsp;&nbsp;rt_interrupt_leave
<LI><a href="#[ec]">&gt;&gt;</a>&nbsp;&nbsp;&nbsp;rt_interrupt_enter
</UL>
<BR>[Address Reference Count : 1]<UL><LI> startup_stm32f10x_hd.o(RESET)
</UL>
<P><STRONG><a name="[39]"></a>USART2_IRQHandler</STRONG> (Thumb, 84 bytes, Stack size 8 bytes, usart.o(i.USART2_IRQHandler))
<BR><BR>[Stack]<UL><LI>Max Depth = 320<LI>Call Chain = USART2_IRQHandler &rArr; rt_hw_serial_isr &rArr; rt_data_queue_pop &rArr; rt_schedule &rArr; _rt_scheduler_stack_check &rArr; rt_kprintf &rArr; rt_vsnprintf &rArr; print_number
</UL>
<BR>[Calls]<UL><LI><a href="#[f0]">&gt;&gt;</a>&nbsp;&nbsp;&nbsp;rt_hw_serial_isr
<LI><a href="#[ef]">&gt;&gt;</a>&nbsp;&nbsp;&nbsp;USART_GetITStatus
<LI><a href="#[f2]">&gt;&gt;</a>&nbsp;&nbsp;&nbsp;USART_GetFlagStatus
<LI><a href="#[f1]">&gt;&gt;</a>&nbsp;&nbsp;&nbsp;USART_ClearITPendingBit
<LI><a href="#[71]">&gt;&gt;</a>&nbsp;&nbsp;&nbsp;stm32_getc
<LI><a href="#[ee]">&gt;&gt;</a>&nbsp;&nbsp;&nbsp;rt_interrupt_leave
<LI><a href="#[ec]">&gt;&gt;</a>&nbsp;&nbsp;&nbsp;rt_interrupt_enter
</UL>
<BR>[Address Reference Count : 1]<UL><LI> startup_stm32f10x_hd.o(RESET)
</UL>
<P><STRONG><a name="[3a]"></a>USART3_IRQHandler</STRONG> (Thumb, 84 bytes, Stack size 8 bytes, usart.o(i.USART3_IRQHandler))
<BR><BR>[Stack]<UL><LI>Max Depth = 320<LI>Call Chain = USART3_IRQHandler &rArr; rt_hw_serial_isr &rArr; rt_data_queue_pop &rArr; rt_schedule &rArr; _rt_scheduler_stack_check &rArr; rt_kprintf &rArr; rt_vsnprintf &rArr; print_number
</UL>
<BR>[Calls]<UL><LI><a href="#[f0]">&gt;&gt;</a>&nbsp;&nbsp;&nbsp;rt_hw_serial_isr
<LI><a href="#[ef]">&gt;&gt;</a>&nbsp;&nbsp;&nbsp;USART_GetITStatus
<LI><a href="#[f2]">&gt;&gt;</a>&nbsp;&nbsp;&nbsp;USART_GetFlagStatus
<LI><a href="#[f1]">&gt;&gt;</a>&nbsp;&nbsp;&nbsp;USART_ClearITPendingBit
<LI><a href="#[71]">&gt;&gt;</a>&nbsp;&nbsp;&nbsp;stm32_getc
<LI><a href="#[ee]">&gt;&gt;</a>&nbsp;&nbsp;&nbsp;rt_interrupt_leave
<LI><a href="#[ec]">&gt;&gt;</a>&nbsp;&nbsp;&nbsp;rt_interrupt_enter
</UL>
<BR>[Address Reference Count : 1]<UL><LI> startup_stm32f10x_hd.o(RESET)
</UL>
<P><STRONG><a name="[f1]"></a>USART_ClearITPendingBit</STRONG> (Thumb, 152 bytes, Stack size 24 bytes, stm32f10x_usart.o(i.USART_ClearITPendingBit))
<BR><BR>[Stack]<UL><LI>Max Depth = 200<LI>Call Chain = USART_ClearITPendingBit &rArr; assert_failed &rArr; rt_kprintf &rArr; rt_vsnprintf &rArr; print_number
</UL>
<BR>[Calls]<UL><LI><a href="#[da]">&gt;&gt;</a>&nbsp;&nbsp;&nbsp;assert_failed
</UL>
<BR>[Called By]<UL><LI><a href="#[3a]">&gt;&gt;</a>&nbsp;&nbsp;&nbsp;USART3_IRQHandler
<LI><a href="#[39]">&gt;&gt;</a>&nbsp;&nbsp;&nbsp;USART2_IRQHandler
<LI><a href="#[38]">&gt;&gt;</a>&nbsp;&nbsp;&nbsp;USART1_IRQHandler
</UL>

<P><STRONG><a name="[f3]"></a>USART_Cmd</STRONG> (Thumb, 90 bytes, Stack size 16 bytes, stm32f10x_usart.o(i.USART_Cmd))
<BR><BR>[Stack]<UL><LI>Max Depth = 192<LI>Call Chain = USART_Cmd &rArr; assert_failed &rArr; rt_kprintf &rArr; rt_vsnprintf &rArr; print_number
</UL>
<BR>[Calls]<UL><LI><a href="#[da]">&gt;&gt;</a>&nbsp;&nbsp;&nbsp;assert_failed
</UL>
<BR>[Called By]<UL><LI><a href="#[6e]">&gt;&gt;</a>&nbsp;&nbsp;&nbsp;stm32_configure
</UL>

<P><STRONG><a name="[f2]"></a>USART_GetFlagStatus</STRONG> (Thumb, 158 bytes, Stack size 16 bytes, stm32f10x_usart.o(i.USART_GetFlagStatus))
<BR><BR>[Stack]<UL><LI>Max Depth = 192<LI>Call Chain = USART_GetFlagStatus &rArr; assert_failed &rArr; rt_kprintf &rArr; rt_vsnprintf &rArr; print_number
</UL>
<BR>[Calls]<UL><LI><a href="#[da]">&gt;&gt;</a>&nbsp;&nbsp;&nbsp;assert_failed
</UL>
<BR>[Called By]<UL><LI><a href="#[3a]">&gt;&gt;</a>&nbsp;&nbsp;&nbsp;USART3_IRQHandler
<LI><a href="#[39]">&gt;&gt;</a>&nbsp;&nbsp;&nbsp;USART2_IRQHandler
<LI><a href="#[38]">&gt;&gt;</a>&nbsp;&nbsp;&nbsp;USART1_IRQHandler
</UL>

<P><STRONG><a name="[ef]"></a>USART_GetITStatus</STRONG> (Thumb, 252 bytes, Stack size 32 bytes, stm32f10x_usart.o(i.USART_GetITStatus))
<BR><BR>[Stack]<UL><LI>Max Depth = 208<LI>Call Chain = USART_GetITStatus &rArr; assert_failed &rArr; rt_kprintf &rArr; rt_vsnprintf &rArr; print_number
</UL>
<BR>[Calls]<UL><LI><a href="#[da]">&gt;&gt;</a>&nbsp;&nbsp;&nbsp;assert_failed
</UL>
<BR>[Called By]<UL><LI><a href="#[3a]">&gt;&gt;</a>&nbsp;&nbsp;&nbsp;USART3_IRQHandler
<LI><a href="#[39]">&gt;&gt;</a>&nbsp;&nbsp;&nbsp;USART2_IRQHandler
<LI><a href="#[38]">&gt;&gt;</a>&nbsp;&nbsp;&nbsp;USART1_IRQHandler
</UL>

<P><STRONG><a name="[f4]"></a>USART_ITConfig</STRONG> (Thumb, 248 bytes, Stack size 32 bytes, stm32f10x_usart.o(i.USART_ITConfig))
<BR><BR>[Stack]<UL><LI>Max Depth = 208<LI>Call Chain = USART_ITConfig &rArr; assert_failed &rArr; rt_kprintf &rArr; rt_vsnprintf &rArr; print_number
</UL>
<BR>[Calls]<UL><LI><a href="#[da]">&gt;&gt;</a>&nbsp;&nbsp;&nbsp;assert_failed
</UL>
<BR>[Called By]<UL><LI><a href="#[6f]">&gt;&gt;</a>&nbsp;&nbsp;&nbsp;stm32_control
</UL>

<P><STRONG><a name="[f5]"></a>USART_Init</STRONG> (Thumb, 450 bytes, Stack size 56 bytes, stm32f10x_usart.o(i.USART_Init))
<BR><BR>[Stack]<UL><LI>Max Depth = 232<LI>Call Chain = USART_Init &rArr; assert_failed &rArr; rt_kprintf &rArr; rt_vsnprintf &rArr; print_number
</UL>
<BR>[Calls]<UL><LI><a href="#[da]">&gt;&gt;</a>&nbsp;&nbsp;&nbsp;assert_failed
<LI><a href="#[f6]">&gt;&gt;</a>&nbsp;&nbsp;&nbsp;RCC_GetClocksFreq
</UL>
<BR>[Called By]<UL><LI><a href="#[6e]">&gt;&gt;</a>&nbsp;&nbsp;&nbsp;stm32_configure
</UL>

<P><STRONG><a name="[e]"></a>UsageFault_Handler</STRONG> (Thumb, 4 bytes, Stack size 0 bytes, stm32f10x_it.o(i.UsageFault_Handler))
<BR>[Address Reference Count : 1]<UL><LI> startup_stm32f10x_hd.o(RESET)
</UL>
<P><STRONG><a name="[1ba]"></a>__rt_ffs</STRONG> (Thumb, 70 bytes, Stack size 0 bytes, kservice.o(i.__rt_ffs))
<BR><BR>[Called By]<UL><LI><a href="#[1c7]">&gt;&gt;</a>&nbsp;&nbsp;&nbsp;rt_system_scheduler_start
<LI><a href="#[17a]">&gt;&gt;</a>&nbsp;&nbsp;&nbsp;rt_schedule
</UL>

<P><STRONG><a name="[277]"></a>__scatterload_copy</STRONG> (Thumb, 14 bytes, Stack size unknown bytes, handlers.o(i.__scatterload_copy), UNUSED)

<P><STRONG><a name="[278]"></a>__scatterload_null</STRONG> (Thumb, 2 bytes, Stack size unknown bytes, handlers.o(i.__scatterload_null), UNUSED)

<P><STRONG><a name="[279]"></a>__scatterload_zeroinit</STRONG> (Thumb, 14 bytes, Stack size unknown bytes, handlers.o(i.__scatterload_zeroinit), UNUSED)

<P><STRONG><a name="[1db]"></a>_rtgui_application_get_type</STRONG> (Thumb, 4 bytes, Stack size 0 bytes, rtgui_app.o(i._rtgui_application_get_type))
<BR><BR>[Called By]<UL><LI><a href="#[162]">&gt;&gt;</a>&nbsp;&nbsp;&nbsp;rtgui_app_create
</UL>

<P><STRONG><a name="[149]"></a>_rtgui_container_get_type</STRONG> (Thumb, 4 bytes, Stack size 0 bytes, container.o(i._rtgui_container_get_type))
<BR><BR>[Called By]<UL><LI><a href="#[25d]">&gt;&gt;</a>&nbsp;&nbsp;&nbsp;rtgui_widget_unfocus
<LI><a href="#[122]">&gt;&gt;</a>&nbsp;&nbsp;&nbsp;rtgui_container_destroy_children
<LI><a href="#[1eb]">&gt;&gt;</a>&nbsp;&nbsp;&nbsp;rtgui_widget_update_clip
<LI><a href="#[260]">&gt;&gt;</a>&nbsp;&nbsp;&nbsp;rtgui_widget_set_rect
<LI><a href="#[15e]">&gt;&gt;</a>&nbsp;&nbsp;&nbsp;_widget_moveto
<LI><a href="#[bd]">&gt;&gt;</a>&nbsp;&nbsp;&nbsp;_rtgui_widget_destructor
</UL>

<P><STRONG><a name="[264]"></a>_rtgui_win_get_type</STRONG> (Thumb, 4 bytes, Stack size 0 bytes, window.o(i._rtgui_win_get_type))
<BR><BR>[Called By]<UL><LI><a href="#[163]">&gt;&gt;</a>&nbsp;&nbsp;&nbsp;rtgui_win_create
</UL>

<P><STRONG><a name="[201]"></a>_rtgui_wintitle_get_type</STRONG> (Thumb, 4 bytes, Stack size 0 bytes, title.o(i._rtgui_wintitle_get_type))
<BR><BR>[Called By]<UL><LI><a href="#[1f4]">&gt;&gt;</a>&nbsp;&nbsp;&nbsp;rtgui_dc_end_drawing
<LI><a href="#[1f1]">&gt;&gt;</a>&nbsp;&nbsp;&nbsp;rtgui_dc_begin_drawing
<LI><a href="#[269]">&gt;&gt;</a>&nbsp;&nbsp;&nbsp;rtgui_wintitle_create
</UL>

<P><STRONG><a name="[167]"></a>application_init</STRONG> (Thumb, 56 bytes, Stack size 16 bytes, demo_application.o(i.application_init))
<BR><BR>[Stack]<UL><LI>Max Depth = 384<LI>Call Chain = application_init &rArr; rt_thread_create &rArr; rt_object_allocate &rArr; rt_malloc &rArr; rt_sem_take &rArr; rt_schedule &rArr; _rt_scheduler_stack_check &rArr; rt_kprintf &rArr; rt_vsnprintf &rArr; print_number
</UL>
<BR>[Calls]<UL><LI><a href="#[169]">&gt;&gt;</a>&nbsp;&nbsp;&nbsp;rt_thread_startup
<LI><a href="#[168]">&gt;&gt;</a>&nbsp;&nbsp;&nbsp;rt_thread_create
<LI><a href="#[100]">&gt;&gt;</a>&nbsp;&nbsp;&nbsp;rt_kprintf
</UL>
<BR>[Called By]<UL><LI><a href="#[5b]">&gt;&gt;</a>&nbsp;&nbsp;&nbsp;rt_init_thread_entry
</UL>

<P><STRONG><a name="[da]"></a>assert_failed</STRONG> (Thumb, 30 bytes, Stack size 0 bytes, startup.o(i.assert_failed))
<BR><BR>[Stack]<UL><LI>Max Depth = 176<LI>Call Chain = assert_failed &rArr; rt_kprintf &rArr; rt_vsnprintf &rArr; print_number
</UL>
<BR>[Calls]<UL><LI><a href="#[100]">&gt;&gt;</a>&nbsp;&nbsp;&nbsp;rt_kprintf
</UL>
<BR>[Called By]<UL><LI><a href="#[dd]">&gt;&gt;</a>&nbsp;&nbsp;&nbsp;FSMC_NORSRAMInit
<LI><a href="#[dc]">&gt;&gt;</a>&nbsp;&nbsp;&nbsp;FSMC_NORSRAMCmd
<LI><a href="#[f5]">&gt;&gt;</a>&nbsp;&nbsp;&nbsp;USART_Init
<LI><a href="#[f4]">&gt;&gt;</a>&nbsp;&nbsp;&nbsp;USART_ITConfig
<LI><a href="#[ef]">&gt;&gt;</a>&nbsp;&nbsp;&nbsp;USART_GetITStatus
<LI><a href="#[f2]">&gt;&gt;</a>&nbsp;&nbsp;&nbsp;USART_GetFlagStatus
<LI><a href="#[f3]">&gt;&gt;</a>&nbsp;&nbsp;&nbsp;USART_Cmd
<LI><a href="#[f1]">&gt;&gt;</a>&nbsp;&nbsp;&nbsp;USART_ClearITPendingBit
<LI><a href="#[e8]">&gt;&gt;</a>&nbsp;&nbsp;&nbsp;RCC_APB1PeriphClockCmd
<LI><a href="#[e7]">&gt;&gt;</a>&nbsp;&nbsp;&nbsp;NVIC_Init
<LI><a href="#[e1]">&gt;&gt;</a>&nbsp;&nbsp;&nbsp;RCC_APB2PeriphClockCmd
<LI><a href="#[df]">&gt;&gt;</a>&nbsp;&nbsp;&nbsp;GPIO_Init
<LI><a href="#[e2]">&gt;&gt;</a>&nbsp;&nbsp;&nbsp;RCC_AHBPeriphClockCmd
<LI><a href="#[e5]">&gt;&gt;</a>&nbsp;&nbsp;&nbsp;NVIC_SetVectorTable
<LI><a href="#[db]">&gt;&gt;</a>&nbsp;&nbsp;&nbsp;EXTI_Init
<LI><a href="#[d9]">&gt;&gt;</a>&nbsp;&nbsp;&nbsp;EXTI_ClearITPendingBit
</UL>

<P><STRONG><a name="[c0]"></a>hello</STRONG> (Thumb, 12 bytes, Stack size 8 bytes, cmd.o(i.hello))
<BR><BR>[Stack]<UL><LI>Max Depth = 184<LI>Call Chain = hello &rArr; rt_kprintf &rArr; rt_vsnprintf &rArr; print_number
</UL>
<BR>[Calls]<UL><LI><a href="#[100]">&gt;&gt;</a>&nbsp;&nbsp;&nbsp;rt_kprintf
</UL>
<BR>[Address Reference Count : 1]<UL><LI> cmd.o(FSymTab)
</UL>
<P><STRONG><a name="[16a]"></a>lcd_Initializtion</STRONG> (Thumb, 2440 bytes, Stack size 16 bytes, ili_lcd_general.o(i.lcd_Initializtion))
<BR><BR>[Stack]<UL><LI>Max Depth = 368<LI>Call Chain = lcd_Initializtion &rArr; lcd_port_init &rArr; LCD_FSMCConfig &rArr; GPIO_Init &rArr; assert_failed &rArr; rt_kprintf &rArr; rt_vsnprintf &rArr; print_number
</UL>
<BR>[Calls]<UL><LI><a href="#[16d]">&gt;&gt;</a>&nbsp;&nbsp;&nbsp;write_reg
<LI><a href="#[16c]">&gt;&gt;</a>&nbsp;&nbsp;&nbsp;write_cmd
<LI><a href="#[16b]">&gt;&gt;</a>&nbsp;&nbsp;&nbsp;lcd_port_init
<LI><a href="#[16f]">&gt;&gt;</a>&nbsp;&nbsp;&nbsp;lcd_clear
<LI><a href="#[16e]">&gt;&gt;</a>&nbsp;&nbsp;&nbsp;delay
<LI><a href="#[100]">&gt;&gt;</a>&nbsp;&nbsp;&nbsp;rt_kprintf
</UL>
<BR>[Called By]<UL><LI><a href="#[197]">&gt;&gt;</a>&nbsp;&nbsp;&nbsp;rt_hw_lcd_init
</UL>

<P><STRONG><a name="[cb]"></a>list</STRONG> (Thumb, 126 bytes, Stack size 16 bytes, cmd.o(i.list))
<BR><BR>[Stack]<UL><LI>Max Depth = 192<LI>Call Chain = list &rArr; rt_kprintf &rArr; rt_vsnprintf &rArr; print_number
</UL>
<BR>[Calls]<UL><LI><a href="#[100]">&gt;&gt;</a>&nbsp;&nbsp;&nbsp;rt_kprintf
<LI><a href="#[173]">&gt;&gt;</a>&nbsp;&nbsp;&nbsp;strncmp
</UL>
<BR>[Address Reference Count : 1]<UL><LI> cmd.o(FSymTab)
</UL>
<P><STRONG><a name="[ca]"></a>list_device</STRONG> (Thumb, 10 bytes, Stack size 8 bytes, cmd.o(i.list_device))
<BR><BR>[Stack]<UL><LI>Max Depth = 288<LI>Call Chain = list_device &rArr; _list_device &rArr; rt_kprintf &rArr; rt_vsnprintf &rArr; print_number
</UL>
<BR>[Calls]<UL><LI><a href="#[fe]">&gt;&gt;</a>&nbsp;&nbsp;&nbsp;_list_device
</UL>
<BR>[Address Reference Count : 1]<UL><LI> cmd.o(FSymTab)
</UL>
<P><STRONG><a name="[c4]"></a>list_event</STRONG> (Thumb, 10 bytes, Stack size 8 bytes, cmd.o(i.list_event))
<BR><BR>[Stack]<UL><LI>Max Depth = 224<LI>Call Chain = list_event &rArr; _list_event &rArr; show_wait_queue &rArr; rt_kprintf &rArr; rt_vsnprintf &rArr; print_number
</UL>
<BR>[Calls]<UL><LI><a href="#[101]">&gt;&gt;</a>&nbsp;&nbsp;&nbsp;_list_event
</UL>
<BR>[Address Reference Count : 1]<UL><LI> cmd.o(FSymTab)
</UL>
<P><STRONG><a name="[c6]"></a>list_mailbox</STRONG> (Thumb, 10 bytes, Stack size 8 bytes, cmd.o(i.list_mailbox))
<BR><BR>[Stack]<UL><LI>Max Depth = 232<LI>Call Chain = list_mailbox &rArr; _list_mailbox &rArr; show_wait_queue &rArr; rt_kprintf &rArr; rt_vsnprintf &rArr; print_number
</UL>
<BR>[Calls]<UL><LI><a href="#[105]">&gt;&gt;</a>&nbsp;&nbsp;&nbsp;_list_mailbox
</UL>
<BR>[Address Reference Count : 1]<UL><LI> cmd.o(FSymTab)
</UL>
<P><STRONG><a name="[c8]"></a>list_mempool</STRONG> (Thumb, 10 bytes, Stack size 8 bytes, cmd.o(i.list_mempool))
<BR><BR>[Stack]<UL><LI>Max Depth = 232<LI>Call Chain = list_mempool &rArr; _list_mempool &rArr; show_wait_queue &rArr; rt_kprintf &rArr; rt_vsnprintf &rArr; print_number
</UL>
<BR>[Calls]<UL><LI><a href="#[106]">&gt;&gt;</a>&nbsp;&nbsp;&nbsp;_list_mempool
</UL>
<BR>[Address Reference Count : 1]<UL><LI> cmd.o(FSymTab)
</UL>
<P><STRONG><a name="[c7]"></a>list_msgqueue</STRONG> (Thumb, 10 bytes, Stack size 8 bytes, cmd.o(i.list_msgqueue))
<BR><BR>[Stack]<UL><LI>Max Depth = 224<LI>Call Chain = list_msgqueue &rArr; _list_msgqueue &rArr; show_wait_queue &rArr; rt_kprintf &rArr; rt_vsnprintf &rArr; print_number
</UL>
<BR>[Calls]<UL><LI><a href="#[107]">&gt;&gt;</a>&nbsp;&nbsp;&nbsp;_list_msgqueue
</UL>
<BR>[Address Reference Count : 1]<UL><LI> cmd.o(FSymTab)
</UL>
<P><STRONG><a name="[c5]"></a>list_mutex</STRONG> (Thumb, 10 bytes, Stack size 8 bytes, cmd.o(i.list_mutex))
<BR><BR>[Stack]<UL><LI>Max Depth = 216<LI>Call Chain = list_mutex &rArr; _list_mutex &rArr; rt_kprintf &rArr; rt_vsnprintf &rArr; print_number
</UL>
<BR>[Calls]<UL><LI><a href="#[108]">&gt;&gt;</a>&nbsp;&nbsp;&nbsp;_list_mutex
</UL>
<BR>[Address Reference Count : 1]<UL><LI> cmd.o(FSymTab)
</UL>
<P><STRONG><a name="[c3]"></a>list_sem</STRONG> (Thumb, 10 bytes, Stack size 8 bytes, cmd.o(i.list_sem))
<BR><BR>[Stack]<UL><LI>Max Depth = 224<LI>Call Chain = list_sem &rArr; _list_sem &rArr; show_wait_queue &rArr; rt_kprintf &rArr; rt_vsnprintf &rArr; print_number
</UL>
<BR>[Calls]<UL><LI><a href="#[109]">&gt;&gt;</a>&nbsp;&nbsp;&nbsp;_list_sem
</UL>
<BR>[Address Reference Count : 1]<UL><LI> cmd.o(FSymTab)
</UL>
<P><STRONG><a name="[c2]"></a>list_thread</STRONG> (Thumb, 10 bytes, Stack size 8 bytes, cmd.o(i.list_thread))
<BR><BR>[Stack]<UL><LI>Max Depth = 216<LI>Call Chain = list_thread &rArr; _list_thread &rArr; rt_kprintf &rArr; rt_vsnprintf &rArr; print_number
</UL>
<BR>[Calls]<UL><LI><a href="#[10a]">&gt;&gt;</a>&nbsp;&nbsp;&nbsp;_list_thread
</UL>
<BR>[Address Reference Count : 1]<UL><LI> cmd.o(FSymTab)
</UL>
<P><STRONG><a name="[c9]"></a>list_timer</STRONG> (Thumb, 10 bytes, Stack size 8 bytes, cmd.o(i.list_timer))
<BR><BR>[Stack]<UL><LI>Max Depth = 208<LI>Call Chain = list_timer &rArr; _list_timer &rArr; rt_kprintf &rArr; rt_vsnprintf &rArr; print_number
</UL>
<BR>[Calls]<UL><LI><a href="#[10b]">&gt;&gt;</a>&nbsp;&nbsp;&nbsp;_list_timer
</UL>
<BR>[Address Reference Count : 1]<UL><LI> cmd.o(FSymTab)
</UL>
<P><STRONG><a name="[4f]"></a>main</STRONG> (Thumb, 14 bytes, Stack size 8 bytes, startup.o(i.main))
<BR><BR>[Stack]<UL><LI>Max Depth = 400<LI>Call Chain = main &rArr; rtthread_startup &rArr; rt_application_init &rArr; rt_thread_create &rArr; rt_object_allocate &rArr; rt_malloc &rArr; rt_sem_take &rArr; rt_schedule &rArr; _rt_scheduler_stack_check &rArr; rt_kprintf &rArr; rt_vsnprintf &rArr; print_number
</UL>
<BR>[Calls]<UL><LI><a href="#[116]">&gt;&gt;</a>&nbsp;&nbsp;&nbsp;rt_hw_interrupt_disable
<LI><a href="#[174]">&gt;&gt;</a>&nbsp;&nbsp;&nbsp;rtthread_startup
</UL>
<BR>[Address Reference Count : 1]<UL><LI> entry9a.o(.ARM.Collect$$$$0000000B)
</UL>
<P><STRONG><a name="[176]"></a>rt_application_init</STRONG> (Thumb, 38 bytes, Stack size 16 bytes, application.o(i.rt_application_init))
<BR><BR>[Stack]<UL><LI>Max Depth = 384<LI>Call Chain = rt_application_init &rArr; rt_thread_create &rArr; rt_object_allocate &rArr; rt_malloc &rArr; rt_sem_take &rArr; rt_schedule &rArr; _rt_scheduler_stack_check &rArr; rt_kprintf &rArr; rt_vsnprintf &rArr; print_number
</UL>
<BR>[Calls]<UL><LI><a href="#[169]">&gt;&gt;</a>&nbsp;&nbsp;&nbsp;rt_thread_startup
<LI><a href="#[168]">&gt;&gt;</a>&nbsp;&nbsp;&nbsp;rt_thread_create
</UL>
<BR>[Called By]<UL><LI><a href="#[174]">&gt;&gt;</a>&nbsp;&nbsp;&nbsp;rtthread_startup
</UL>

<P><STRONG><a name="[115]"></a>rt_assert_handler</STRONG> (Thumb, 56 bytes, Stack size 24 bytes, kservice.o(i.rt_assert_handler))
<BR><BR>[Stack]<UL><LI>Max Depth = 24 + In Cycle
<LI>Call Chain = rt_assert_handler &rArr;  rt_kprintf (Cycle)
</UL>
<BR>[Calls]<UL><LI><a href="#[100]">&gt;&gt;</a>&nbsp;&nbsp;&nbsp;rt_kprintf
</UL>
<BR>[Called By]<UL><LI><a href="#[5f]">&gt;&gt;</a>&nbsp;&nbsp;&nbsp;lcd_control
<LI><a href="#[198]">&gt;&gt;</a>&nbsp;&nbsp;&nbsp;rt_hw_serial_register
<LI><a href="#[f0]">&gt;&gt;</a>&nbsp;&nbsp;&nbsp;rt_hw_serial_isr
<LI><a href="#[70]">&gt;&gt;</a>&nbsp;&nbsp;&nbsp;stm32_putc
<LI><a href="#[71]">&gt;&gt;</a>&nbsp;&nbsp;&nbsp;stm32_getc
<LI><a href="#[6f]">&gt;&gt;</a>&nbsp;&nbsp;&nbsp;stm32_control
<LI><a href="#[6e]">&gt;&gt;</a>&nbsp;&nbsp;&nbsp;stm32_configure
<LI><a href="#[166]">&gt;&gt;</a>&nbsp;&nbsp;&nbsp;rtgui_app_run
<LI><a href="#[164]">&gt;&gt;</a>&nbsp;&nbsp;&nbsp;rtgui_app_destroy
<LI><a href="#[162]">&gt;&gt;</a>&nbsp;&nbsp;&nbsp;rtgui_app_create
<LI><a href="#[1c4]">&gt;&gt;</a>&nbsp;&nbsp;&nbsp;rt_system_heap_init
<LI><a href="#[169]">&gt;&gt;</a>&nbsp;&nbsp;&nbsp;rt_thread_startup
<LI><a href="#[1d2]">&gt;&gt;</a>&nbsp;&nbsp;&nbsp;rt_timer_stop
<LI><a href="#[d8]">&gt;&gt;</a>&nbsp;&nbsp;&nbsp;rt_timer_start
<LI><a href="#[17f]">&gt;&gt;</a>&nbsp;&nbsp;&nbsp;rt_timer_control
<LI><a href="#[192]">&gt;&gt;</a>&nbsp;&nbsp;&nbsp;rt_sem_take
<LI><a href="#[1bf]">&gt;&gt;</a>&nbsp;&nbsp;&nbsp;rt_sem_init
<LI><a href="#[186]">&gt;&gt;</a>&nbsp;&nbsp;&nbsp;rt_malloc
<LI><a href="#[1b9]">&gt;&gt;</a>&nbsp;&nbsp;&nbsp;rt_realloc
<LI><a href="#[175]">&gt;&gt;</a>&nbsp;&nbsp;&nbsp;plug_holes
<LI><a href="#[17d]">&gt;&gt;</a>&nbsp;&nbsp;&nbsp;rt_thread_suspend
<LI><a href="#[179]">&gt;&gt;</a>&nbsp;&nbsp;&nbsp;rt_thread_resume
[...]
</UL>
<BR>[Calls]<UL><LI><a href="#[115]">&gt;&gt;</a>&nbsp;&nbsp;&nbsp;rt_assert_handler
<LI><a href="#[139]">&gt;&gt;</a>&nbsp;&nbsp;&nbsp;rtgui_rect_contains_point
<LI><a href="#[138]">&gt;&gt;</a>&nbsp;&nbsp;&nbsp;_rtgui_topwin_get_wnd_from_tree
</UL>
<BR>[Called By]<UL><LI><a href="#[138]">&gt;&gt;</a>&nbsp;&nbsp;&nbsp;_rtgui_topwin_get_wnd_from_tree
<LI><a href="#[247]">&gt;&gt;</a>&nbsp;&nbsp;&nbsp;rtgui_topwin_get_wnd_no_modaled
</UL>

<P><STRONG><a name="[255]"></a>_rtgui_topwin_in_layer</STRONG> (Thumb, 24 bytes, Stack size 0 bytes, topwin.o(i._rtgui_topwin_in_layer))
<BR><BR>[Called By]<UL><LI><a href="#[125]">&gt;&gt;</a>&nbsp;&nbsp;&nbsp;rtgui_topwin_get_topmost_window_shown
</UL>

<P><STRONG><a name="[6c]"></a>_rtgui_topwin_mark_hidden</STRONG> (Thumb, 22 bytes, Stack size 0 bytes, topwin.o(i._rtgui_topwin_mark_hidden))
<BR>[Address Reference Count : 1]<UL><LI> topwin.o(i.rtgui_topwin_hide)
</UL>
<P><STRONG><a name="[6d]"></a>_rtgui_topwin_mark_shown</STRONG> (Thumb, 42 bytes, Stack size 8 bytes, topwin.o(i._rtgui_topwin_mark_shown))
<BR><BR>[Stack]<UL><LI>Max Depth = 56<LI>Call Chain = _rtgui_topwin_mark_shown &rArr; rtgui_widget_show &rArr; rt_assert_handler &rArr;  rt_kprintf (Cycle)
</UL>
<BR>[Calls]<UL><LI><a href="#[13a]">&gt;&gt;</a>&nbsp;&nbsp;&nbsp;rtgui_widget_show
</UL>
<BR>[Address Reference Count : 1]<UL><LI> topwin.o(i.rtgui_topwin_show)
</UL>
<P><STRONG><a name="[13b]"></a>_rtgui_topwin_move_whole_tree2top</STRONG> (Thumb, 242 bytes, Stack size 24 bytes, topwin.o(i._rtgui_topwin_move_whole_tree2top))
<BR><BR>[Stack]<UL><LI>Max Depth = 64<LI>Call Chain = _rtgui_topwin_move_whole_tree2top &rArr; _rtgui_topwin_get_root_win &rArr; rt_assert_handler &rArr;  rt_kprintf (Cycle)
</UL>
<BR>[Calls]<UL><LI><a href="#[115]">&gt;&gt;</a>&nbsp;&nbsp;&nbsp;rt_assert_handler
<LI><a href="#[131]">&gt;&gt;</a>&nbsp;&nbsp;&nbsp;rt_list_remove
<LI><a href="#[13d]">&gt;&gt;</a>&nbsp;&nbsp;&nbsp;rt_list_insert_before
<LI><a href="#[13c]">&gt;&gt;</a>&nbsp;&nbsp;&nbsp;rt_list_insert_after
<LI><a href="#[136]">&gt;&gt;</a>&nbsp;&nbsp;&nbsp;_rtgui_topwin_get_root_win
</UL>
<BR>[Called By]<UL><LI><a href="#[140]">&gt;&gt;</a>&nbsp;&nbsp;&nbsp;_rtgui_topwin_raise_tree_from_root
</UL>

<P><STRONG><a name="[126]"></a>_rtgui_topwin_only_activate</STRONG> (Thumb, 80 bytes, Stack size 24 bytes, topwin.o(i._rtgui_topwin_only_activate))
<BR><BR>[Stack]<UL><LI>Max Depth = 288<LI>Call Chain = _rtgui_topwin_only_activate &rArr; rtgui_send &rArr; rt_mq_send &rArr; rt_schedule &rArr; _rt_scheduler_stack_check &rArr; rt_kprintf &rArr; rt_vsnprintf &rArr; print_number
</UL>
<BR>[Calls]<UL><LI><a href="#[115]">&gt;&gt;</a>&nbsp;&nbsp;&nbsp;rt_assert_handler
<LI><a href="#[12d]">&gt;&gt;</a>&nbsp;&nbsp;&nbsp;rtgui_app_self
<LI><a href="#[12e]">&gt;&gt;</a>&nbsp;&nbsp;&nbsp;rtgui_send
</UL>
<BR>[Called By]<UL><LI><a href="#[124]">&gt;&gt;</a>&nbsp;&nbsp;&nbsp;_rtgui_topwin_activate_next
<LI><a href="#[248]">&gt;&gt;</a>&nbsp;&nbsp;&nbsp;rtgui_topwin_activate_topwin
</UL>

<P><STRONG><a name="[13e]"></a>_rtgui_topwin_preorder_map</STRONG> (Thumb, 64 bytes, Stack size 16 bytes, topwin.o(i._rtgui_topwin_preorder_map))
<BR><BR>[Stack]<UL><LI>Max Depth = 40 + In Cycle
<LI>Call Chain = _rtgui_topwin_preorder_map &rArr;  _rtgui_topwin_preorder_map (Cycle)
</UL>
<BR>[Calls]<UL><LI><a href="#[115]">&gt;&gt;</a>&nbsp;&nbsp;&nbsp;rt_assert_handler
<LI><a href="#[13e]">&gt;&gt;</a>&nbsp;&nbsp;&nbsp;_rtgui_topwin_preorder_map
</UL>
<BR>[Called By]<UL><LI><a href="#[13e]">&gt;&gt;</a>&nbsp;&nbsp;&nbsp;_rtgui_topwin_preorder_map
<LI><a href="#[23b]">&gt;&gt;</a>&nbsp;&nbsp;&nbsp;rtgui_topwin_show
<LI><a href="#[23c]">&gt;&gt;</a>&nbsp;&nbsp;&nbsp;rtgui_topwin_hide
</UL>

<P><STRONG><a name="[13f]"></a>_rtgui_topwin_raise_in_sibling</STRONG> (Thumb, 52 bytes, Stack size 16 bytes, topwin.o(i._rtgui_topwin_raise_in_sibling))
<BR><BR>[Stack]<UL><LI>Max Depth = 40<LI>Call Chain = _rtgui_topwin_raise_in_sibling &rArr; rt_assert_handler &rArr;  rt_kprintf (Cycle)
</UL>
<BR>[Calls]<UL><LI><a href="#[115]">&gt;&gt;</a>&nbsp;&nbsp;&nbsp;rt_assert_handler
<LI><a href="#[131]">&gt;&gt;</a>&nbsp;&nbsp;&nbsp;rt_list_remove
<LI><a href="#[13c]">&gt;&gt;</a>&nbsp;&nbsp;&nbsp;rt_list_insert_after
</UL>
<BR>[Called By]<UL><LI><a href="#[140]">&gt;&gt;</a>&nbsp;&nbsp;&nbsp;_rtgui_topwin_raise_tree_from_root
</UL>

<P><STRONG><a name="[140]"></a>_rtgui_topwin_raise_tree_from_root</STRONG> (Thumb, 40 bytes, Stack size 16 bytes, topwin.o(i._rtgui_topwin_raise_tree_from_root))
<BR><BR>[Stack]<UL><LI>Max Depth = 80<LI>Call Chain = _rtgui_topwin_raise_tree_from_root &rArr; _rtgui_topwin_move_whole_tree2top &rArr; _rtgui_topwin_get_root_win &rArr; rt_assert_handler &rArr;  rt_kprintf (Cycle)
</UL>
<BR>[Calls]<UL><LI><a href="#[115]">&gt;&gt;</a>&nbsp;&nbsp;&nbsp;rt_assert_handler
<LI><a href="#[13f]">&gt;&gt;</a>&nbsp;&nbsp;&nbsp;_rtgui_topwin_raise_in_sibling
<LI><a href="#[13b]">&gt;&gt;</a>&nbsp;&nbsp;&nbsp;_rtgui_topwin_move_whole_tree2top
</UL>
<BR>[Called By]<UL><LI><a href="#[248]">&gt;&gt;</a>&nbsp;&nbsp;&nbsp;rtgui_topwin_activate_topwin
</UL>

<P><STRONG><a name="[141]"></a>_rtgui_topwin_redraw_tree</STRONG> (Thumb, 134 bytes, Stack size 24 bytes, topwin.o(i._rtgui_topwin_redraw_tree))
<BR><BR>[Stack]<UL><LI>Max Depth = 288 + In Cycle
<LI>Call Chain = _rtgui_topwin_redraw_tree &rArr;  _rtgui_topwin_redraw_tree (Cycle)
</UL>
<BR>[Calls]<UL><LI><a href="#[115]">&gt;&gt;</a>&nbsp;&nbsp;&nbsp;rt_assert_handler
<LI><a href="#[12e]">&gt;&gt;</a>&nbsp;&nbsp;&nbsp;rtgui_send
<LI><a href="#[142]">&gt;&gt;</a>&nbsp;&nbsp;&nbsp;rtgui_rect_is_intersect
<LI><a href="#[141]">&gt;&gt;</a>&nbsp;&nbsp;&nbsp;_rtgui_topwin_redraw_tree
</UL>
<BR>[Called By]<UL><LI><a href="#[256]">&gt;&gt;</a>&nbsp;&nbsp;&nbsp;rtgui_topwin_redraw
<LI><a href="#[141]">&gt;&gt;</a>&nbsp;&nbsp;&nbsp;_rtgui_topwin_redraw_tree
</UL>

<P><STRONG><a name="[143]"></a>_rtgui_topwin_union_region_tree</STRONG> (Thumb, 58 bytes, Stack size 16 bytes, topwin.o(i._rtgui_topwin_union_region_tree))
<BR><BR>[Stack]<UL><LI>Max Depth = 560 + In Cycle
<LI>Call Chain = _rtgui_topwin_union_region_tree &rArr;  _rtgui_topwin_union_region_tree (Cycle)
</UL>
<BR>[Calls]<UL><LI><a href="#[115]">&gt;&gt;</a>&nbsp;&nbsp;&nbsp;rt_assert_handler
<LI><a href="#[144]">&gt;&gt;</a>&nbsp;&nbsp;&nbsp;rtgui_region_union_rect
<LI><a href="#[143]">&gt;&gt;</a>&nbsp;&nbsp;&nbsp;_rtgui_topwin_union_region_tree
</UL>
<BR>[Called By]<UL><LI><a href="#[143]">&gt;&gt;</a>&nbsp;&nbsp;&nbsp;_rtgui_topwin_union_region_tree
<LI><a href="#[240]">&gt;&gt;</a>&nbsp;&nbsp;&nbsp;rtgui_topwin_remove
</UL>

<P><STRONG><a name="[13c]"></a>rt_list_insert_after</STRONG> (Thumb, 14 bytes, Stack size 0 bytes, topwin.o(i.rt_list_insert_after))
<BR><BR>[Called By]<UL><LI><a href="#[13f]">&gt;&gt;</a>&nbsp;&nbsp;&nbsp;_rtgui_topwin_raise_in_sibling
<LI><a href="#[13b]">&gt;&gt;</a>&nbsp;&nbsp;&nbsp;_rtgui_topwin_move_whole_tree2top
</UL>

<P><STRONG><a name="[13d]"></a>rt_list_insert_before</STRONG> (Thumb, 14 bytes, Stack size 0 bytes, topwin.o(i.rt_list_insert_before))
<BR><BR>[Called By]<UL><LI><a href="#[13b]">&gt;&gt;</a>&nbsp;&nbsp;&nbsp;_rtgui_topwin_move_whole_tree2top
<LI><a href="#[23c]">&gt;&gt;</a>&nbsp;&nbsp;&nbsp;rtgui_topwin_hide
<LI><a href="#[23a]">&gt;&gt;</a>&nbsp;&nbsp;&nbsp;rtgui_topwin_add
</UL>

<P><STRONG><a name="[137]"></a>rt_list_isempty</STRONG> (Thumb, 16 bytes, Stack size 0 bytes, topwin.o(i.rt_list_isempty))
<BR><BR>[Called By]<UL><LI><a href="#[254]">&gt;&gt;</a>&nbsp;&nbsp;&nbsp;rtgui_topwin_update_clip
<LI><a href="#[135]">&gt;&gt;</a>&nbsp;&nbsp;&nbsp;_rtgui_topwin_get_topmost_child_shown
</UL>

<P><STRONG><a name="[131]"></a>rt_list_remove</STRONG> (Thumb, 18 bytes, Stack size 0 bytes, topwin.o(i.rt_list_remove))
<BR><BR>[Called By]<UL><LI><a href="#[13f]">&gt;&gt;</a>&nbsp;&nbsp;&nbsp;_rtgui_topwin_raise_in_sibling
<LI><a href="#[13b]">&gt;&gt;</a>&nbsp;&nbsp;&nbsp;_rtgui_topwin_move_whole_tree2top
<LI><a href="#[130]">&gt;&gt;</a>&nbsp;&nbsp;&nbsp;_rtgui_topwin_free_tree
<LI><a href="#[240]">&gt;&gt;</a>&nbsp;&nbsp;&nbsp;rtgui_topwin_remove
<LI><a href="#[23c]">&gt;&gt;</a>&nbsp;&nbsp;&nbsp;rtgui_topwin_hide
</UL>

<P><STRONG><a name="[256]"></a>rtgui_topwin_redraw</STRONG> (Thumb, 48 bytes, Stack size 32 bytes, topwin.o(i.rtgui_topwin_redraw))
<BR><BR>[Stack]<UL><LI>Max Depth = 320<LI>Call Chain = rtgui_topwin_redraw &rArr; _rtgui_topwin_redraw_tree &rArr;  _rtgui_topwin_redraw_tree (Cycle)
</UL>
<BR>[Calls]<UL><LI><a href="#[12d]">&gt;&gt;</a>&nbsp;&nbsp;&nbsp;rtgui_app_self
<LI><a href="#[141]">&gt;&gt;</a>&nbsp;&nbsp;&nbsp;_rtgui_topwin_redraw_tree
</UL>
<BR>[Called By]<UL><LI><a href="#[241]">&gt;&gt;</a>&nbsp;&nbsp;&nbsp;rtgui_topwin_resize
<LI><a href="#[240]">&gt;&gt;</a>&nbsp;&nbsp;&nbsp;rtgui_topwin_remove
<LI><a href="#[23d]">&gt;&gt;</a>&nbsp;&nbsp;&nbsp;rtgui_topwin_move
<LI><a href="#[23c]">&gt;&gt;</a>&nbsp;&nbsp;&nbsp;rtgui_topwin_hide
</UL>

<P><STRONG><a name="[253]"></a>rtgui_topwin_search_in_list</STRONG> (Thumb, 52 bytes, Stack size 20 bytes, topwin.o(i.rtgui_topwin_search_in_list))
<BR><BR>[Stack]<UL><LI>Max Depth = 20 + In Cycle
<LI>Call Chain = rtgui_topwin_search_in_list &rArr;  rtgui_topwin_search_in_list (Cycle)
</UL>
<BR>[Calls]<UL><LI><a href="#[253]">&gt;&gt;</a>&nbsp;&nbsp;&nbsp;rtgui_topwin_search_in_list
</UL>
<BR>[Called By]<UL><LI><a href="#[253]">&gt;&gt;</a>&nbsp;&nbsp;&nbsp;rtgui_topwin_search_in_list
<LI><a href="#[23b]">&gt;&gt;</a>&nbsp;&nbsp;&nbsp;rtgui_topwin_show
<LI><a href="#[241]">&gt;&gt;</a>&nbsp;&nbsp;&nbsp;rtgui_topwin_resize
<LI><a href="#[240]">&gt;&gt;</a>&nbsp;&nbsp;&nbsp;rtgui_topwin_remove
<LI><a href="#[23d]">&gt;&gt;</a>&nbsp;&nbsp;&nbsp;rtgui_topwin_move
<LI><a href="#[23e]">&gt;&gt;</a>&nbsp;&nbsp;&nbsp;rtgui_topwin_modal_enter
<LI><a href="#[23c]">&gt;&gt;</a>&nbsp;&nbsp;&nbsp;rtgui_topwin_hide
<LI><a href="#[245]">&gt;&gt;</a>&nbsp;&nbsp;&nbsp;rtgui_topwin_append_monitor_rect
<LI><a href="#[23a]">&gt;&gt;</a>&nbsp;&nbsp;&nbsp;rtgui_topwin_add
<LI><a href="#[23f]">&gt;&gt;</a>&nbsp;&nbsp;&nbsp;rtgui_topwin_activate
</UL>

<P><STRONG><a name="[254]"></a>rtgui_topwin_update_clip</STRONG> (Thumb, 172 bytes, Stack size 48 bytes, topwin.o(i.rtgui_topwin_update_clip))
<BR><BR>[Stack]<UL><LI>Max Depth = 592<LI>Call Chain = rtgui_topwin_update_clip &rArr; rtgui_region_subtract_rect &rArr; rtgui_region_subtract &rArr; rtgui_op &rArr; rtgui_region_appendNonO &rArr; rtgui_rect_alloc &rArr; rt_realloc &rArr; rt_malloc &rArr; rt_sem_take &rArr; rt_schedule &rArr; _rt_scheduler_stack_check &rArr; rt_kprintf &rArr; rt_vsnprintf &rArr; print_number
</UL>
<BR>[Calls]<UL><LI><a href="#[fc]">&gt;&gt;</a>&nbsp;&nbsp;&nbsp;rtgui_graphic_driver_get_default
<LI><a href="#[12d]">&gt;&gt;</a>&nbsp;&nbsp;&nbsp;rtgui_app_self
<LI><a href="#[12e]">&gt;&gt;</a>&nbsp;&nbsp;&nbsp;rtgui_send
<LI><a href="#[234]">&gt;&gt;</a>&nbsp;&nbsp;&nbsp;rtgui_region_subtract_rect
<LI><a href="#[258]">&gt;&gt;</a>&nbsp;&nbsp;&nbsp;rtgui_region_init_rect
<LI><a href="#[14b]">&gt;&gt;</a>&nbsp;&nbsp;&nbsp;rtgui_region_fini
<LI><a href="#[125]">&gt;&gt;</a>&nbsp;&nbsp;&nbsp;rtgui_topwin_get_topmost_window_shown
<LI><a href="#[137]">&gt;&gt;</a>&nbsp;&nbsp;&nbsp;rt_list_isempty
<LI><a href="#[134]">&gt;&gt;</a>&nbsp;&nbsp;&nbsp;_rtgui_topwin_get_next_shown
<LI><a href="#[128]">&gt;&gt;</a>&nbsp;&nbsp;&nbsp;_rtgui_topwin_clip_to_region
</UL>
<BR>[Called By]<UL><LI><a href="#[241]">&gt;&gt;</a>&nbsp;&nbsp;&nbsp;rtgui_topwin_resize
<LI><a href="#[240]">&gt;&gt;</a>&nbsp;&nbsp;&nbsp;rtgui_topwin_remove
<LI><a href="#[23d]">&gt;&gt;</a>&nbsp;&nbsp;&nbsp;rtgui_topwin_move
<LI><a href="#[23c]">&gt;&gt;</a>&nbsp;&nbsp;&nbsp;rtgui_topwin_hide
<LI><a href="#[248]">&gt;&gt;</a>&nbsp;&nbsp;&nbsp;rtgui_topwin_activate_topwin
</UL>

<P><STRONG><a name="[bc]"></a>_rtgui_widget_constructor</STRONG> (Thumb, 118 bytes, Stack size 8 bytes, widget.o(i._rtgui_widget_constructor))
<BR><BR>[Stack]<UL><LI>Max Depth = 48<LI>Call Chain = _rtgui_widget_constructor &rArr; rtgui_object_set_event_handler &rArr; rt_assert_handler &rArr;  rt_kprintf (Cycle)
</UL>
<BR>[Calls]<UL><LI><a href="#[145]">&gt;&gt;</a>&nbsp;&nbsp;&nbsp;rtgui_font_default
<LI><a href="#[11d]">&gt;&gt;</a>&nbsp;&nbsp;&nbsp;rtgui_object_set_event_handler
<LI><a href="#[148]">&gt;&gt;</a>&nbsp;&nbsp;&nbsp;rtgui_dc_client_init
<LI><a href="#[146]">&gt;&gt;</a>&nbsp;&nbsp;&nbsp;rtgui_region_init_with_extents
<LI><a href="#[147]">&gt;&gt;</a>&nbsp;&nbsp;&nbsp;rtgui_region_init
</UL>
<BR>[Address Reference Count : 1]<UL><LI> widget.o(.constdata)
</UL>
<P><STRONG><a name="[bd]"></a>_rtgui_widget_destructor</STRONG> (Thumb, 84 bytes, Stack size 16 bytes, widget.o(i._rtgui_widget_destructor))
<BR><BR>[Stack]<UL><LI>Max Depth = 296<LI>Call Chain = _rtgui_widget_destructor &rArr; rtgui_region_fini &rArr; rtgui_free &rArr; rt_free &rArr; rt_sem_take &rArr; rt_schedule &rArr; _rt_scheduler_stack_check &rArr; rt_kprintf &rArr; rt_vsnprintf &rArr; print_number
</UL>
<BR>[Calls]<UL><LI><a href="#[14a]">&gt;&gt;</a>&nbsp;&nbsp;&nbsp;rtgui_type_inherits_from
<LI><a href="#[149]">&gt;&gt;</a>&nbsp;&nbsp;&nbsp;_rtgui_container_get_type
<LI><a href="#[14b]">&gt;&gt;</a>&nbsp;&nbsp;&nbsp;rtgui_region_fini
</UL>
<BR>[Address Reference Count : 1]<UL><LI> widget.o(.constdata)
</UL>
<P><STRONG><a name="[15e]"></a>_widget_moveto</STRONG> (Thumb, 78 bytes, Stack size 32 bytes, widget.o(i._widget_moveto))
<BR><BR>[Stack]<UL><LI>Max Depth = 32 + In Cycle
<LI>Call Chain = _widget_moveto &rArr;  _widget_moveto (Cycle)
</UL>
<BR>[Calls]<UL><LI><a href="#[14a]">&gt;&gt;</a>&nbsp;&nbsp;&nbsp;rtgui_type_inherits_from
<LI><a href="#[149]">&gt;&gt;</a>&nbsp;&nbsp;&nbsp;_rtgui_container_get_type
<LI><a href="#[15f]">&gt;&gt;</a>&nbsp;&nbsp;&nbsp;rtgui_rect_moveto
<LI><a href="#[146]">&gt;&gt;</a>&nbsp;&nbsp;&nbsp;rtgui_region_init_with_extents
<LI><a href="#[15e]">&gt;&gt;</a>&nbsp;&nbsp;&nbsp;_widget_moveto
</UL>
<BR>[Called By]<UL><LI><a href="#[25f]">&gt;&gt;</a>&nbsp;&nbsp;&nbsp;rtgui_widget_move_to_logic
<LI><a href="#[15e]">&gt;&gt;</a>&nbsp;&nbsp;&nbsp;_widget_moveto
</UL>

<P><STRONG><a name="[be]"></a>_rtgui_win_constructor</STRONG> (Thumb, 102 bytes, Stack size 8 bytes, window.o(i._rtgui_win_constructor))
<BR><BR>[Stack]<UL><LI>Max Depth = 48<LI>Call Chain = _rtgui_win_constructor &rArr; rtgui_object_set_event_handler &rArr; rt_assert_handler &rArr;  rt_kprintf (Cycle)
</UL>
<BR>[Calls]<UL><LI><a href="#[11d]">&gt;&gt;</a>&nbsp;&nbsp;&nbsp;rtgui_object_set_event_handler
<LI><a href="#[12d]">&gt;&gt;</a>&nbsp;&nbsp;&nbsp;rtgui_app_self
</UL>
<BR>[Address Reference Count : 1]<UL><LI> window.o(.constdata)
</UL>
<P><STRONG><a name="[14c]"></a>_rtgui_win_create_in_server</STRONG> (Thumb, 100 bytes, Stack size 32 bytes, window.o(i._rtgui_win_create_in_server))
<BR><BR>[Stack]<UL><LI>Max Depth = 392<LI>Call Chain = _rtgui_win_create_in_server &rArr; rtgui_server_post_event_sync &rArr; rtgui_send_sync &rArr; rt_mb_recv &rArr; rt_schedule &rArr; _rt_scheduler_stack_check &rArr; rt_kprintf &rArr; rt_vsnprintf &rArr; print_number
</UL>
<BR>[Calls]<UL><LI><a href="#[100]">&gt;&gt;</a>&nbsp;&nbsp;&nbsp;rt_kprintf
<LI><a href="#[12d]">&gt;&gt;</a>&nbsp;&nbsp;&nbsp;rtgui_app_self
<LI><a href="#[14d]">&gt;&gt;</a>&nbsp;&nbsp;&nbsp;rtgui_server_post_event_sync
</UL>
<BR>[Called By]<UL><LI><a href="#[265]">&gt;&gt;</a>&nbsp;&nbsp;&nbsp;rtgui_win_init
<LI><a href="#[58]">&gt;&gt;</a>&nbsp;&nbsp;&nbsp;rtgui_win_do_show
</UL>

<P><STRONG><a name="[14e]"></a>_rtgui_win_deal_close</STRONG> (Thumb, 134 bytes, Stack size 24 bytes, window.o(i._rtgui_win_deal_close))
<BR><BR>[Stack]<UL><LI>Max Depth = 408<LI>Call Chain = _rtgui_win_deal_close &rArr; rtgui_win_hide &rArr; rtgui_server_post_event_sync &rArr; rtgui_send_sync &rArr; rt_mb_recv &rArr; rt_schedule &rArr; _rt_scheduler_stack_check &rArr; rt_kprintf &rArr; rt_vsnprintf &rArr; print_number
</UL>
<BR>[Calls]<UL><LI><a href="#[152]">&gt;&gt;</a>&nbsp;&nbsp;&nbsp;rtgui_win_destroy
<LI><a href="#[12d]">&gt;&gt;</a>&nbsp;&nbsp;&nbsp;rtgui_app_self
<LI><a href="#[151]">&gt;&gt;</a>&nbsp;&nbsp;&nbsp;rtgui_app_exit
<LI><a href="#[14f]">&gt;&gt;</a>&nbsp;&nbsp;&nbsp;rtgui_win_hide
<LI><a href="#[150]">&gt;&gt;</a>&nbsp;&nbsp;&nbsp;rtgui_win_end_modal
</UL>
<BR>[Called By]<UL><LI><a href="#[152]">&gt;&gt;</a>&nbsp;&nbsp;&nbsp;rtgui_win_destroy
<LI><a href="#[263]">&gt;&gt;</a>&nbsp;&nbsp;&nbsp;rtgui_win_close
<LI><a href="#[57]">&gt;&gt;</a>&nbsp;&nbsp;&nbsp;rtgui_win_event_handler
</UL>

<P><STRONG><a name="[bf]"></a>_rtgui_win_destructor</STRONG> (Thumb, 110 bytes, Stack size 24 bytes, window.o(i._rtgui_win_destructor))
<BR><BR>[Stack]<UL><LI>Max Depth = 384<LI>Call Chain = _rtgui_win_destructor &rArr; rtgui_server_post_event_sync &rArr; rtgui_send_sync &rArr; rt_mb_recv &rArr; rt_schedule &rArr; _rt_scheduler_stack_check &rArr; rt_kprintf &rArr; rt_vsnprintf &rArr; print_number
</UL>
<BR>[Calls]<UL><LI><a href="#[11e]">&gt;&gt;</a>&nbsp;&nbsp;&nbsp;rt_free
<LI><a href="#[153]">&gt;&gt;</a>&nbsp;&nbsp;&nbsp;rtgui_widget_destroy
<LI><a href="#[12d]">&gt;&gt;</a>&nbsp;&nbsp;&nbsp;rtgui_app_self
<LI><a href="#[14b]">&gt;&gt;</a>&nbsp;&nbsp;&nbsp;rtgui_region_fini
<LI><a href="#[14d]">&gt;&gt;</a>&nbsp;&nbsp;&nbsp;rtgui_server_post_event_sync
</UL>
<BR>[Address Reference Count : 1]<UL><LI> window.o(.constdata)
</UL>
<P><STRONG><a name="[160]"></a>_win_handle_mouse_btn</STRONG> (Thumb, 54 bytes, Stack size 16 bytes, window.o(i._win_handle_mouse_btn))
<BR><BR>[Stack]<UL><LI>Max Depth = 96<LI>Call Chain = _win_handle_mouse_btn &rArr; rtgui_container_dispatch_mouse_event &rArr; rtgui_widget_focus &rArr; rtgui_widget_unfocus &rArr;  rtgui_widget_unfocus (Cycle)
</UL>
<BR>[Calls]<UL><LI><a href="#[161]">&gt;&gt;</a>&nbsp;&nbsp;&nbsp;rtgui_container_dispatch_mouse_event
</UL>
<BR>[Called By]<UL><LI><a href="#[57]">&gt;&gt;</a>&nbsp;&nbsp;&nbsp;rtgui_win_event_handler
</UL>

<P><STRONG><a name="[24f]"></a>rtgui_dc_draw_hline</STRONG> (Thumb, 32 bytes, Stack size 24 bytes, window.o(i.rtgui_dc_draw_hline))
<BR><BR>[Stack]<UL><LI>Max Depth = 24<LI>Call Chain = rtgui_dc_draw_hline
</UL>
<BR>[Called By]<UL><LI><a href="#[24e]">&gt;&gt;</a>&nbsp;&nbsp;&nbsp;rtgui_theme_draw_win
</UL>

<P><STRONG><a name="[250]"></a>rtgui_dc_draw_vline</STRONG> (Thumb, 32 bytes, Stack size 24 bytes, window.o(i.rtgui_dc_draw_vline))
<BR><BR>[Stack]<UL><LI>Max Depth = 24<LI>Call Chain = rtgui_dc_draw_vline
</UL>
<BR>[Called By]<UL><LI><a href="#[24e]">&gt;&gt;</a>&nbsp;&nbsp;&nbsp;rtgui_theme_draw_win
</UL>

<P><STRONG><a name="[251]"></a>rtgui_dc_fill_rect</STRONG> (Thumb, 18 bytes, Stack size 16 bytes, window.o(i.rtgui_dc_fill_rect))
<BR><BR>[Stack]<UL><LI>Max Depth = 16<LI>Call Chain = rtgui_dc_fill_rect
</UL>
<BR>[Called By]<UL><LI><a href="#[24e]">&gt;&gt;</a>&nbsp;&nbsp;&nbsp;rtgui_theme_draw_win
<LI><a href="#[268]">&gt;&gt;</a>&nbsp;&nbsp;&nbsp;rtgui_win_ondraw
</UL>

<P><STRONG><a name="[268]"></a>rtgui_win_ondraw</STRONG> (Thumb, 92 bytes, Stack size 48 bytes, window.o(i.rtgui_win_ondraw))
<BR><BR>[Stack]<UL><LI>Max Depth = 408<LI>Call Chain = rtgui_win_ondraw &rArr; rtgui_dc_begin_drawing &rArr; rtgui_dc_hw_create &rArr; rtgui_malloc &rArr; rt_malloc &rArr; rt_sem_take &rArr; rt_schedule &rArr; _rt_scheduler_stack_check &rArr; rt_kprintf &rArr; rt_vsnprintf &rArr; print_number
</UL>
<BR>[Calls]<UL><LI><a href="#[1f2]">&gt;&gt;</a>&nbsp;&nbsp;&nbsp;rtgui_widget_get_rect
<LI><a href="#[1f4]">&gt;&gt;</a>&nbsp;&nbsp;&nbsp;rtgui_dc_end_drawing
<LI><a href="#[1f1]">&gt;&gt;</a>&nbsp;&nbsp;&nbsp;rtgui_dc_begin_drawing
<LI><a href="#[1f3]">&gt;&gt;</a>&nbsp;&nbsp;&nbsp;rtgui_container_dispatch_event
<LI><a href="#[12d]">&gt;&gt;</a>&nbsp;&nbsp;&nbsp;rtgui_app_self
<LI><a href="#[251]">&gt;&gt;</a>&nbsp;&nbsp;&nbsp;rtgui_dc_fill_rect
<LI><a href="#[25c]">&gt;&gt;</a>&nbsp;&nbsp;&nbsp;rtgui_widget_onpaint
</UL>
<BR>[Called By]<UL><LI><a href="#[57]">&gt;&gt;</a>&nbsp;&nbsp;&nbsp;rtgui_win_event_handler
</UL>
<P>
<H3>
Undefined Global Symbols
</H3><HR></body></html>
