Component: ARM Compiler 5.05 update 1 (build 106) Tool: armlink [4d0efa]

==============================================================================

Section Cross References

    application.o(i.led_thread_entry) refers to led.o(i.rt_hw_led_init) for rt_hw_led_init
    application.o(i.led_thread_entry) refers to led.o(i.rt_hw_led_on) for rt_hw_led_on
    application.o(i.led_thread_entry) refers to thread.o(i.rt_thread_delay) for rt_thread_delay
    application.o(i.led_thread_entry) refers to led.o(i.rt_hw_led_off) for rt_hw_led_off
    application.o(i.rt_application_init) refers to thread.o(i.rt_thread_create) for rt_thread_create
    application.o(i.rt_application_init) refers to thread.o(i.rt_thread_startup) for rt_thread_startup
    application.o(i.rt_application_init) refers to application.o(i.rt_init_thread_entry) for rt_init_thread_entry
    application.o(i.rt_init_thread_entry) refers to platform.o(i.rt_platform_init) for rt_platform_init
    application.o(i.rt_init_thread_entry) refers to components.o(i.rt_components_init) for rt_components_init
    application.o(i.rt_init_thread_entry) refers to shell.o(i.finsh_system_init) for finsh_system_init
    application.o(i.rt_init_thread_entry) refers to shell.o(i.finsh_set_device) for finsh_set_device
    application.o(i.rt_init_thread_entry) refers to dfs_fs.o(i.dfs_mount) for dfs_mount
    application.o(i.rt_init_thread_entry) refers to kservice.o(i.rt_kprintf) for rt_kprintf
    startup.o(i.assert_failed) refers to kservice.o(i.rt_kprintf) for rt_kprintf
    startup.o(i.main) refers to context_rvds.o(.text) for rt_hw_interrupt_disable
    startup.o(i.main) refers to startup.o(i.rtthread_startup) for rtthread_startup
    startup.o(i.rtthread_startup) refers to board.o(i.rt_hw_board_init) for rt_hw_board_init
    startup.o(i.rtthread_startup) refers to kservice.o(i.rt_show_version) for rt_show_version
    startup.o(i.rtthread_startup) refers to mem.o(i.rt_system_heap_init) for rt_system_heap_init
    startup.o(i.rtthread_startup) refers to scheduler.o(i.rt_system_scheduler_init) for rt_system_scheduler_init
    startup.o(i.rtthread_startup) refers to timer.o(i.rt_system_timer_init) for rt_system_timer_init
    startup.o(i.rtthread_startup) refers to timer.o(i.rt_system_timer_thread_init) for rt_system_timer_thread_init
    startup.o(i.rtthread_startup) refers to application.o(i.rt_application_init) for rt_application_init
    startup.o(i.rtthread_startup) refers to idle.o(i.rt_thread_idle_init) for rt_thread_idle_init
    startup.o(i.rtthread_startup) refers to scheduler.o(i.rt_system_scheduler_start) for rt_system_scheduler_start
    demo_application.o(i.application) refers to demo_application.o(i.application_init) for application_init
    demo_application.o(i.application_entry) refers to rtgui_app.o(i.rtgui_app_create) for rtgui_app_create
    demo_application.o(i.application_entry) refers to kservice.o(i.rt_kprintf) for rt_kprintf
    demo_application.o(i.application_entry) refers to window.o(i.rtgui_win_create) for rtgui_win_create
    demo_application.o(i.application_entry) refers to rtgui_app.o(i.rtgui_app_destroy) for rtgui_app_destroy
    demo_application.o(i.application_entry) refers to window.o(i.rtgui_win_show) for rtgui_win_show
    demo_application.o(i.application_entry) refers to rtgui_app.o(i.rtgui_app_run) for rtgui_app_run
    demo_application.o(i.application_entry) refers to window.o(i.rtgui_win_destroy) for rtgui_win_destroy
    demo_application.o(i.application_entry) refers to demo_application.o(.constdata) for .constdata
    demo_application.o(i.application_init) refers to thread.o(i.rt_thread_create) for rt_thread_create
    demo_application.o(i.application_init) refers to kservice.o(i.rt_kprintf) for rt_kprintf
    demo_application.o(i.application_init) refers to thread.o(i.rt_thread_startup) for rt_thread_startup
    demo_application.o(i.application_init) refers to demo_application.o(.data) for inited
    demo_application.o(i.application_init) refers to demo_application.o(i.application_entry) for application_entry
    demo_application.o(FSymTab) refers to demo_application.o(.rodata.name) for __fsym_application_name
    demo_application.o(FSymTab) refers to demo_application.o(i.application) for application
    board.o(i.NVIC_Configuration) refers to misc.o(i.NVIC_SetVectorTable) for NVIC_SetVectorTable
    board.o(i.SysTick_Handler) refers to irq.o(i.rt_interrupt_enter) for rt_interrupt_enter
    board.o(i.SysTick_Handler) refers to clock.o(i.rt_tick_increase) for rt_tick_increase
    board.o(i.SysTick_Handler) refers to irq.o(i.rt_interrupt_leave) for rt_interrupt_leave
    board.o(i.rt_hw_board_init) refers to board.o(i.NVIC_Configuration) for NVIC_Configuration
    board.o(i.rt_hw_board_init) refers to stm32f10x_rcc.o(i.RCC_AHBPeriphClockCmd) for RCC_AHBPeriphClockCmd
    board.o(i.rt_hw_board_init) refers to usart.o(i.rt_hw_usart_init) for rt_hw_usart_init
[...]
    0x080025ec   0x00000030   Code   RO         6855    i.OP_xor_byte       finsh_ops.o
    0x0800261c   0x00000030   Code   RO         6856    i.OP_xor_dword      finsh_ops.o
    0x0800264c   0x00000030   Code   RO         6857    i.OP_xor_word       finsh_ops.o
    0x0800267c   0x0000008c   Code   RO         1198    i.RCC_AHBPeriphClockCmd  stm32f10x_rcc.o
    0x08002708   0x0000008c   Code   RO         1199    i.RCC_APB1PeriphClockCmd  stm32f10x_rcc.o
    0x08002794   0x0000008c   Code   RO         1200    i.RCC_APB1PeriphResetCmd  stm32f10x_rcc.o
    0x08002820   0x0000008c   Code   RO         1201    i.RCC_APB2PeriphClockCmd  stm32f10x_rcc.o
    0x080028ac   0x0000008c   Code   RO         1202    i.RCC_APB2PeriphResetCmd  stm32f10x_rcc.o
    0x08002938   0x00000034   Code   RO          504    i.RCC_Configuration  usart.o
    0x0800296c   0x000000d4   Code   RO         1209    i.RCC_GetClocksFreq  stm32f10x_rcc.o
    0x08002a40   0x00000098   Code   RO         3047    i.SPI_CalculateCRC  stm32f10x_spi.o
    0x08002ad8   0x00000098   Code   RO         3048    i.SPI_Cmd           stm32f10x_spi.o
    0x08002b70   0x000000b0   Code   RO         3055    i.SPI_I2S_DeInit    stm32f10x_spi.o
    0x08002c20   0x000000ac   Code   RO         3056    i.SPI_I2S_GetFlagStatus  stm32f10x_spi.o
    0x08002ccc   0x00000070   Code   RO         3059    i.SPI_I2S_ReceiveData  stm32f10x_spi.o
    0x08002d3c   0x00000070   Code   RO         3060    i.SPI_I2S_SendData  stm32f10x_spi.o
    0x08002dac   0x00000190   Code   RO         3061    i.SPI_Init          stm32f10x_spi.o
    0x08002f3c   0x00000018   Code   RO         3064    i.SPI_StructInit    stm32f10x_spi.o
    0x08002f54   0x00000002   Code   RO          410    i.SVC_Handler       stm32f10x_it.o
    0x08002f56   0x00000008   Code   RO         1105    i.SetSysClock       system_stm32f10x.o
    0x08002f5e   0x00000002   PAD
    0x08002f60   0x000000e0   Code   RO         1106    i.SetSysClockTo72   system_stm32f10x.o
    0x08003040   0x00000010   Code   RO          368    i.SysTick_Handler   board.o
    0x08003050   0x00000060   Code   RO         1108    i.SystemInit        system_stm32f10x.o
    0x080030b0   0x0000005c   Code   RO          505    i.USART1_IRQHandler  usart.o
    0x0800310c   0x0000005c   Code   RO          506    i.USART2_IRQHandler  usart.o
    0x08003168   0x0000005c   Code   RO          507    i.USART3_IRQHandler  usart.o
    0x080031c4   0x000000e8   Code   RO         3694    i.USART_ClearITPendingBit  stm32f10x_usart.o
    0x080032ac   0x000000ac   Code   RO         3697    i.USART_Cmd         stm32f10x_usart.o
    0x08003358   0x000000f0   Code   RO         3700    i.USART_GetFlagStatus  stm32f10x_usart.o
    0x08003448   0x0000014c   Code   RO         3701    i.USART_GetITStatus  stm32f10x_usart.o
    0x08003594   0x00000148   Code   RO         3703    i.USART_ITConfig    stm32f10x_usart.o
    0x080036dc   0x00000218   Code   RO         3704    i.USART_Init        stm32f10x_usart.o
    0x080038f4   0x00000004   Code   RO          411    i.UsageFault_Handler  stm32f10x_it.o
    0x080038f8   0x00000008   Code   RO        13187    i.__aeabi_errno_addr  mc_w.l(errno.o)
    0x08003900   0x0000004c   Code   RO         4764    i.__rt_ffs          kservice.o
    0x0800394c   0x0000000e   Code   RO        13245    i.__scatterload_copy  mc_w.l(handlers.o)
    0x0800395a   0x00000002   Code   RO        13246    i.__scatterload_null  mc_w.l(handlers.o)
    0x0800395c   0x0000000e   Code   RO        13247    i.__scatterload_zeroinit  mc_w.l(handlers.o)
    0x0800396a   0x0000017a   Code   RO         8281    i._dc_blend_point_argb8888  dc_blend.o
    0x08003ae4   0x000001b0   Code   RO         8282    i._dc_blend_point_bgr565  dc_blend.o
    0x08003c94   0x000001b0   Code   RO         8283    i._dc_blend_point_rgb565  dc_blend.o
    0x08003e44   0x0000012a   Code   RO         8284    i._dc_blend_point_rgb888  dc_blend.o
    0x08003f6e   0x0000006e   Code   RO         8292    i._dc_get_pixel     dc_blend.o
    0x08003fdc   0x0000001a   Code   RO        12704    i._get_path_lastname  dfs_file.o
    0x08003ff6   0x00000002   PAD
    0x08003ff8   0x00000014   Code   RO         4421    i._has_defunct_thread  idle.o
    0x0800400c   0x000000c4   Code   RO         6417    i._list_device      cmd.o
    0x080040d0   0x000000d8   Code   RO         6418    i._list_event       cmd.o
    0x080041a8   0x000000f4   Code   RO         6419    i._list_mailbox     cmd.o
    0x0800429c   0x000000f8   Code   RO         6420    i._list_mempool     cmd.o
    0x08004394   0x000000d8   Code   RO         6421    i._list_msgqueue    cmd.o
    0x0800446c   0x000000ac   Code   RO         6422    i._list_mutex       cmd.o
    0x08004518   0x000000d4   Code   RO         6423    i._list_sem         cmd.o
    0x080045ec   0x00000118   Code   RO         6424    i._list_thread      cmd.o
    0x08004704   0x000000f8   Code   RO         6425    i._list_timer       cmd.o
    0x080047fc   0x000000b0   Code   RO        10361    i._mono_draw_hline  rtgui_driver.o
    0x080048ac   0x000000a8   Code   RO        10362    i._mono_draw_raw_hline  rtgui_driver.o
    0x08004954   0x00000078   Code   RO        10363    i._mono_draw_vline  rtgui_driver.o
    0x080049cc   0x00000050   Code   RO        10364    i._mono_get_pixel   rtgui_driver.o
    0x08004a1c   0x00000098   Code   RO        10365    i._mono_set_pixel   rtgui_driver.o
    0x08004ab4   0x0000004a   Code   RO        10366    i._pixel_draw_raw_hline  rtgui_driver.o
    0x08004afe   0x0000002e   Code   RO        10367    i._pixel_mono_draw_hline  rtgui_driver.o
    0x08004b2c   0x0000002e   Code   RO        10368    i._pixel_mono_draw_vline  rtgui_driver.o
    0x08004b5a   0x00000002   PAD
    0x08004b5c   0x00000038   Code   RO        10369    i._pixel_mono_get_pixel  rtgui_driver.o
    0x08004b94   0x00000024   Code   RO        10370    i._pixel_mono_set_pixel  rtgui_driver.o
    0x08004bb8   0x0000002e   Code   RO        10371    i._pixel_rgb565_draw_hline  rtgui_driver.o
    0x08004be6   0x0000002e   Code   RO        10372    i._pixel_rgb565_draw_vline  rtgui_driver.o
    0x08004c14   0x00000026   Code   RO        10373    i._pixel_rgb565_get_pixel  rtgui_driver.o
    0x08004c3a   0x00000024   Code   RO        10374    i._pixel_rgb565_set_pixel  rtgui_driver.o
    0x08004c5e   0x0000002e   Code   RO        10375    i._pixel_rgb565p_draw_hline  rtgui_driver.o
    0x08004c8c   0x0000002e   Code   RO        10376    i._pixel_rgb565p_draw_vline  rtgui_driver.o
    0x08004cba   0x00000026   Code   RO        10377    i._pixel_rgb565p_get_pixel  rtgui_driver.o
    0x08004ce0   0x00000024   Code   RO        10378    i._pixel_rgb565p_set_pixel  rtgui_driver.o
    0x08004d04   0x0000002e   Code   RO        10379    i._pixel_rgb888_draw_hline  rtgui_driver.o
    0x08004d32   0x0000002e   Code   RO        10380    i._pixel_rgb888_draw_vline  rtgui_driver.o
    0x08004d60   0x00000038   Code   RO        10381    i._pixel_rgb888_get_pixel  rtgui_driver.o
    0x08004d98   0x00000024   Code   RO        10382    i._pixel_rgb888_set_pixel  rtgui_driver.o
    0x08004dbc   0x00000058   Code   RO        10383    i._rgb565_draw_hline  rtgui_driver.o
    0x08004e14   0x0000004a   Code   RO        10384    i._rgb565_draw_vline  rtgui_driver.o
    0x08004e5e   0x0000003e   Code   RO        10385    i._rgb565_get_pixel  rtgui_driver.o
    0x08004e9c   0x0000003e   Code   RO        10386    i._rgb565_set_pixel  rtgui_driver.o
    0x08004eda   0x00000058   Code   RO        10387    i._rgb565p_draw_hline  rtgui_driver.o
    0x08004f32   0x0000004a   Code   RO        10388    i._rgb565p_draw_vline  rtgui_driver.o
    0x08004f7c   0x0000003e   Code   RO        10389    i._rgb565p_get_pixel  rtgui_driver.o
    0x08004fba   0x0000003e   Code   RO        10390    i._rgb565p_set_pixel  rtgui_driver.o
    0x08004ff8   0x000000c0   Code   RO         5200    i._rt_scheduler_stack_check  scheduler.o
    0x080050b8   0x000000bc   Code   RO         5279    i._rt_thread_init   thread.o
    0x08005174   0x00000042   Code   RO         5394    i._rt_timer_init    timer.o
    0x080051b6   0x0000002e   Code   RO         5395    i._rt_timer_remove  timer.o
    0x080051e4   0x0000002c   Code   RO        10185    i._rtgui_app_constructor  rtgui_app.o
    0x08005210   0x00000030   Code   RO        10186    i._rtgui_app_destructor  rtgui_app.o
    0x08005240   0x00000090   Code   RO        10187    i._rtgui_application_dest_handle  rtgui_app.o
    0x080052d0   0x00000130   Code   RO        10188    i._rtgui_application_event_loop  rtgui_app.o
    0x08005400   0x00000008   Code   RO        10189    i._rtgui_application_get_type  rtgui_app.o
    0x08005408   0x0000001a   Code   RO         7662    i._rtgui_box_constructor  box.o
    0x08005422   0x00000002   PAD
    0x08005424   0x00000024   Code   RO         7782    i._rtgui_container_constructor  container.o
    0x08005448   0x00000016   Code   RO         7783    i._rtgui_container_destructor  container.o
    0x0800545e   0x00000002   PAD
    0x08005460   0x00000008   Code   RO         7784    i._rtgui_container_get_type  container.o
    0x08005468   0x00000010   Code   RO        10630    i._rtgui_object_constructor  rtgui_object.o
    0x08005478   0x00000008   Code   RO        10631    i._rtgui_object_destructor  rtgui_object.o
    0x08005480   0x0000001a   Code   RO        11213    i._rtgui_topwin_activate_next  topwin.o
    0x0800549a   0x00000002   PAD
    0x0800549c   0x000000bc   Code   RO        11214    i._rtgui_topwin_clear_modal_tree  topwin.o
    0x08005558   0x0000006c   Code   RO        11215    i._rtgui_topwin_clip_to_region  topwin.o
    0x080055c4   0x00000044   Code   RO        11216    i._rtgui_topwin_could_show  topwin.o
    0x08005608   0x00000084   Code   RO        11217    i._rtgui_topwin_deactivate  topwin.o
    0x0800568c   0x0000003c   Code   RO        11218    i._rtgui_topwin_draw_tree  topwin.o
    0x080056c8   0x00000058   Code   RO        11219    i._rtgui_topwin_dump  topwin.o
    0x08005720   0x00000038   Code   RO        11220    i._rtgui_topwin_dump_tree  topwin.o
    0x08005758   0x00000074   Code   RO        11221    i._rtgui_topwin_free_tree  topwin.o
    0x080057cc   0x00000054   Code   RO        11222    i._rtgui_topwin_get_focus_from_list  topwin.o
    0x08005820   0x0000005c   Code   RO        11223    i._rtgui_topwin_get_next_shown  topwin.o
    0x0800587c   0x0000003c   Code   RO        11224    i._rtgui_topwin_get_root_win  topwin.o
    0x080058b8   0x0000004c   Code   RO        11225    i._rtgui_topwin_get_topmost_child_shown  topwin.o
    0x08005904   0x00000088   Code   RO        11226    i._rtgui_topwin_get_wnd_from_tree  topwin.o
    0x0800598c   0x00000018   Code   RO        11227    i._rtgui_topwin_in_layer  topwin.o
    0x080059a4   0x00000016   Code   RO        11228    i._rtgui_topwin_mark_hidden  topwin.o
    0x080059ba   0x0000002a   Code   RO        11229    i._rtgui_topwin_mark_shown  topwin.o
    0x080059e4   0x00000128   Code   RO        11230    i._rtgui_topwin_move_whole_tree2top  topwin.o
    0x08005b0c   0x00000068   Code   RO        11231    i._rtgui_topwin_only_activate  topwin.o
    0x08005b74   0x00000068   Code   RO        11232    i._rtgui_topwin_preorder_map  topwin.o
    0x08005bdc   0x00000050   Code   RO        11233    i._rtgui_topwin_raise_in_sibling  topwin.o
    0x08005c2c   0x00000040   Code   RO        11234    i._rtgui_topwin_raise_tree_from_root  topwin.o
    0x08005c6c   0x000000c0   Code   RO        11235    i._rtgui_topwin_redraw_tree  topwin.o
    0x08005d2c   0x00000054   Code   RO        11236    i._rtgui_topwin_union_region_tree  topwin.o
    0x08005d80   0x00000084   Code   RO        11594    i._rtgui_widget_constructor  widget.o
    0x08005e04   0x00000054   Code   RO        11595    i._rtgui_widget_destructor  widget.o
    0x08005e58   0x00000070   Code   RO        11907    i._rtgui_win_constructor  window.o
    0x08005ec8   0x0000007c   Code   RO        11908    i._rtgui_win_create_in_server  window.o
    0x08005f44   0x00000086   Code   RO        11909    i._rtgui_win_deal_close  window.o
    0x08005fca   0x0000006e   Code   RO        11910    i._rtgui_win_destructor  window.o
    0x08006038   0x00000008   Code   RO        11911    i._rtgui_win_get_type  window.o
    0x08006040   0x0000001c   Code   RO        11117    i._rtgui_wintitle_constructor  title.o
    0x0800605c   0x00000002   Code   RO        11118    i._rtgui_wintitle_deconstructor  title.o
    0x0800605e   0x00000002   PAD
    0x08006060   0x00000008   Code   RO        11119    i._rtgui_wintitle_get_type  title.o
    0x08006068   0x000000b0   Code   RO         5601    i._serial_dma_rx    serial.o
    0x08006118   0x0000005c   Code   RO         5602    i._serial_dma_tx    serial.o
    0x08006174   0x00000098   Code   RO         5603    i._serial_int_rx    serial.o
    0x0800620c   0x0000006c   Code   RO         5604    i._serial_int_tx    serial.o
    0x08006278   0x0000005c   Code   RO         5605    i._serial_poll_rx   serial.o
    0x080062d4   0x00000054   Code   RO         5606    i._serial_poll_tx   serial.o
    0x08006328   0x00000014   Code   RO         6268    i._spi_bus_device_control  spi_dev.o
    0x0800633c   0x00000064   Code   RO         6269    i._spi_bus_device_read  spi_dev.o
    0x080063a0   0x00000064   Code   RO         6270    i._spi_bus_device_write  spi_dev.o
    0x08006404   0x00000014   Code   RO         6271    i._spidev_device_control  spi_dev.o
    0x08006418   0x00000068   Code   RO         6272    i._spidev_device_read  spi_dev.o
    0x08006480   0x00000068   Code   RO         6273    i._spidev_device_write  spi_dev.o
    0x080064e8   0x0000004e   Code   RO        11597    i._widget_moveto    widget.o
    0x08006536   0x00000036   Code   RO        11912    i._win_handle_mouse_btn  window.o
    0x0800656c   0x00000008   Code   RO          263    i.application       demo_application.o
    0x08006574   0x000000dc   Code   RO          264    i.application_entry  demo_application.o
    0x08006650   0x00000060   Code   RO          265    i.application_init  demo_application.o
    0x080066b0   0x00000070   Code   RO          229    i.assert_failed     startup.o
    0x08006720   0x000000fc   Code   RO         5509    i.bus_fault_track   cpuport.o
    0x0800681c   0x00000068   Code   RO        12705    i.cat               dfs_file.o
    0x08006884   0x00000090   Code   RO        12370    i.check_fs          ff.o
    0x08006914   0x00000014   Code   RO        12371    i.chk_chr           ff.o
    0x08006928   0x000003b0   Code   RO        12372    i.chk_mounted       ff.o
    0x08006cd8   0x00000038   Code   RO        12373    i.clmt_clust        ff.o
    0x08006d10   0x0000001a   Code   RO        12374    i.clust2sect        ff.o
    0x08006d2a   0x00000002   PAD
    0x08006d2c   0x00000180   Code   RO         6095    i.cmd_canstat       can.o
    0x08006eac   0x000000b8   Code   RO          886    i.configure         rt_stm32f10x_spi.o
    0x08006f64   0x00000168   Code   RO        12706    i.copy              dfs_file.o
    0x080070cc   0x00000140   Code   RO        12707    i.copydir           dfs_file.o
    0x0800720c   0x00000110   Code   RO        12708    i.copyfile          dfs_file.o
    0x0800731c   0x000000ca   Code   RO        12375    i.create_chain      ff.o
    0x080073e6   0x00000002   PAD
    0x080073e8   0x00000158   Code   RO        12376    i.create_name       ff.o
    0x08007540   0x00000084   Code   RO        12820    i.df                dfs_fs.o
    0x080075c4   0x00000078   Code   RO        12173    i.dfs_elm_close     dfs_elm.o
    0x0800763c   0x00000038   Code   RO        12174    i.dfs_elm_flush     dfs_elm.o
    0x08007674   0x000000e4   Code   RO        12175    i.dfs_elm_getdents  dfs_elm.o
    0x08007758   0x00000008   Code   RO        12176    i.dfs_elm_ioctl     dfs_elm.o
    0x08007760   0x00000094   Code   RO        12177    i.dfs_elm_lseek     dfs_elm.o
    0x080077f4   0x000000e4   Code   RO        12178    i.dfs_elm_mkfs      dfs_elm.o
    0x080078d8   0x000000f0   Code   RO        12179    i.dfs_elm_mount     dfs_elm.o
    0x080079c8   0x00000158   Code   RO        12180    i.dfs_elm_open      dfs_elm.o
    0x08007b20   0x0000005c   Code   RO        12181    i.dfs_elm_read      dfs_elm.o
    0x08007b7c   0x00000064   Code   RO        12182    i.dfs_elm_rename    dfs_elm.o
    0x08007be0   0x00000108   Code   RO        12183    i.dfs_elm_stat      dfs_elm.o
    0x08007ce8   0x000000a0   Code   RO        12184    i.dfs_elm_statfs    dfs_elm.o
    0x08007d88   0x0000005c   Code   RO        12185    i.dfs_elm_unlink    dfs_elm.o
    0x08007de4   0x00000068   Code   RO        12186    i.dfs_elm_unmount   dfs_elm.o
    0x08007e4c   0x00000060   Code   RO        12187    i.dfs_elm_write     dfs_elm.o
    0x08007eac   0x00000032   Code   RO        12709    i.dfs_file_close    dfs_file.o
    0x08007ede   0x00000036   Code   RO        12711    i.dfs_file_getdents  dfs_file.o
    0x08007f14   0x000000d4   Code   RO        12714    i.dfs_file_open     dfs_file.o
    0x08007fe8   0x00000044   Code   RO        12715    i.dfs_file_read     dfs_file.o
    0x0800802c   0x000000b6   Code   RO        12717    i.dfs_file_stat     dfs_file.o
    0x080080e2   0x00000002   PAD
    0x080080e4   0x00000098   Code   RO        12718    i.dfs_file_unlink   dfs_file.o
    0x0800817c   0x00000030   Code   RO        12719    i.dfs_file_write    dfs_file.o
    0x080081ac   0x00000084   Code   RO        12823    i.dfs_filesystem_lookup  dfs_fs.o
    0x08008230   0x00000048   Code   RO        12632    i.dfs_init          dfs.o
    0x08008278   0x00000028   Code   RO        12633    i.dfs_lock          dfs.o
    0x080082a0   0x000000c4   Code   RO        12824    i.dfs_mkfs          dfs_fs.o
    0x08008364   0x000001a4   Code   RO        12825    i.dfs_mount         dfs_fs.o
    0x08008508   0x000001ac   Code   RO        12634    i.dfs_normalize_path  dfs.o
    0x080086b4   0x00000050   Code   RO        12826    i.dfs_register      dfs_fs.o
    0x08008704   0x00000028   Code   RO        12827    i.dfs_statfs        dfs_fs.o
    0x0800872c   0x00000038   Code   RO        12635    i.dfs_subdir        dfs.o
    0x08008764   0x00000010   Code   RO        12636    i.dfs_unlock        dfs.o
    0x08008774   0x0000005c   Code   RO        12377    i.dir_find          ff.o
    0x080087d0   0x00000142   Code   RO        12378    i.dir_next          ff.o
    0x08008912   0x00000056   Code   RO        12379    i.dir_read          ff.o
    0x08008968   0x0000006e   Code   RO        12380    i.dir_register      ff.o
    0x080089d6   0x0000002c   Code   RO        12381    i.dir_remove        ff.o
    0x08008a02   0x000000da   Code   RO        12382    i.dir_sdi           ff.o
    0x08008adc   0x00000006   Code   RO        12188    i.disk_initialize   dfs_elm.o
    0x08008ae2   0x00000002   PAD
    0x08008ae4   0x000000a0   Code   RO        12189    i.disk_ioctl        dfs_elm.o
    0x08008b84   0x00000034   Code   RO        12190    i.disk_read         dfs_elm.o
    0x08008bb8   0x00000006   Code   RO        12191    i.disk_status       dfs_elm.o
    0x08008bbe   0x00000002   PAD
    0x08008bc0   0x00000034   Code   RO        12192    i.disk_write        dfs_elm.o
    0x08008bf4   0x00000008   Code   RO        11237    i.dump_tree         topwin.o
    0x08008bfc   0x00000024   Code   RO        12383    i.elm_get_vol       ff.o
    0x08008c20   0x00000010   Code   RO        12193    i.elm_init          dfs_elm.o
    0x08008c30   0x00000058   Code   RO        12194    i.elm_result_to_dfs  dfs_elm.o
    0x08008c88   0x00000016   Code   RO        12385    i.f_close           ff.o
    0x08008c9e   0x0000011e   Code   RO        12386    i.f_getfree         ff.o
    0x08008dbc   0x00000390   Code   RO        12387    i.f_lseek           ff.o
    0x0800914c   0x00000188   Code   RO        12388    i.f_mkdir           ff.o
    0x080092d4   0x00000658   Code   RO        12389    i.f_mkfs            ff.o
    0x0800992c   0x0000004c   Code   RO        12390    i.f_mount           ff.o
    0x08009978   0x00000176   Code   RO        12391    i.f_open            ff.o
    0x08009aee   0x00000076   Code   RO        12392    i.f_opendir         ff.o
    0x08009b64   0x0000025c   Code   RO        12393    i.f_read            ff.o
    0x08009dc0   0x00000060   Code   RO        12394    i.f_readdir         ff.o
    0x08009e20   0x0000012a   Code   RO        12395    i.f_rename          ff.o
    0x08009f4a   0x0000003c   Code   RO        12396    i.f_seekdir         ff.o
    0x08009f86   0x00000042   Code   RO        12397    i.f_stat            ff.o
    0x08009fc8   0x000000c8   Code   RO        12398    i.f_sync            ff.o
    0x0800a090   0x000000ba   Code   RO        12400    i.f_unlink          ff.o
    0x0800a14a   0x0000029e   Code   RO        12402    i.f_write           ff.o
    0x0800a3e8   0x00000040   Code   RO        12637    i.fd_get            dfs.o
    0x0800a428   0x00000098   Code   RO        12638    i.fd_is_open        dfs.o
    0x0800a4c0   0x00000044   Code   RO        12639    i.fd_new            dfs.o
    0x0800a504   0x00000044   Code   RO        12640    i.fd_put            dfs.o
    0x0800a548   0x00000030   Code   RO        12195    i.ff_cre_syncobj    dfs_elm.o
    0x0800a578   0x00000010   Code   RO        12196    i.ff_del_syncobj    dfs_elm.o
    0x0800a588   0x0000000c   Code   RO        12197    i.ff_rel_grant      dfs_elm.o
    0x0800a594   0x00000018   Code   RO        12198    i.ff_req_grant      dfs_elm.o
    0x0800a5ac   0x0000003e   Code   RO         6664    i.finsh_block_insert  finsh_heap.o
    0x0800a5ea   0x0000007c   Code   RO         6665    i.finsh_block_merge  finsh_heap.o
    0x0800a666   0x0000002e   Code   RO         6666    i.finsh_block_remove  finsh_heap.o
    0x0800a694   0x00000018   Code   RO         6667    i.finsh_block_split  finsh_heap.o
    0x0800a6ac   0x00001654   Code   RO         6583    i.finsh_compile     finsh_compiler.o
    0x0800bd00   0x00000068   Code   RO         6584    i.finsh_compiler_run  finsh_compiler.o
    0x0800bd68   0x0000000c   Code   RO         6630    i.finsh_errno       finsh_error.o
    0x0800bd74   0x0000000c   Code   RO         6631    i.finsh_error_init  finsh_error.o
    0x0800bd80   0x00000010   Code   RO         6632    i.finsh_error_set   finsh_error.o
    0x0800bd90   0x00000010   Code   RO         6633    i.finsh_error_string  finsh_error.o
    0x0800bda0   0x00000016   Code   RO         6717    i.finsh_flush       finsh_init.o
    0x0800bdb6   0x00000002   PAD
    0x0800bdb8   0x00000074   Code   RO         6668    i.finsh_heap_allocate  finsh_heap.o
    0x0800be2c   0x0000002c   Code   RO         6669    i.finsh_heap_free   finsh_heap.o
    0x0800be58   0x00000058   Code   RO         6670    i.finsh_heap_gc     finsh_heap.o
    0x0800beb0   0x00000030   Code   RO         6671    i.finsh_heap_init   finsh_heap.o
    0x0800bee0   0x0000001e   Code   RO         6718    i.finsh_init        finsh_init.o
    0x0800befe   0x00000002   PAD
    0x0800bf00   0x0000003c   Code   RO         6753    i.finsh_node_allocate  finsh_node.o
    0x0800bf3c   0x00000014   Code   RO         6754    i.finsh_node_init   finsh_node.o
    0x0800bf50   0x0000001e   Code   RO         6755    i.finsh_node_new_char  finsh_node.o
    0x0800bf6e   0x00000076   Code   RO         6756    i.finsh_node_new_id  finsh_node.o
    0x0800bfe4   0x0000001e   Code   RO         6757    i.finsh_node_new_int  finsh_node.o
    0x0800c002   0x0000001e   Code   RO         6758    i.finsh_node_new_long  finsh_node.o
    0x0800c020   0x0000001e   Code   RO         6759    i.finsh_node_new_ptr  finsh_node.o
    0x0800c03e   0x0000004a   Code   RO         6760    i.finsh_node_new_string  finsh_node.o
    0x0800c088   0x00000010   Code   RO         7110    i.finsh_parser_init  finsh_parser.o
    0x0800c098   0x000000dc   Code   RO         7111    i.finsh_parser_run  finsh_parser.o
    0x0800c174   0x000000d4   Code   RO         6319    i.finsh_run_line    shell.o
    0x0800c248   0x00000040   Code   RO         6320    i.finsh_rx_ind      shell.o
    0x0800c288   0x000000dc   Code   RO         6321    i.finsh_set_device  shell.o
    0x0800c364   0x0000000c   Code   RO         6720    i.finsh_stack_bottom  finsh_init.o
    0x0800c370   0x0000005c   Code   RO         7275    i.finsh_syscall_lookup  finsh_vm.o
    0x0800c3cc   0x00000014   Code   RO         6323    i.finsh_system_function_init  shell.o
    0x0800c3e0   0x000000c0   Code   RO         6324    i.finsh_system_init  shell.o
    0x0800c4a0   0x00000014   Code   RO         6325    i.finsh_system_var_init  shell.o
    0x0800c4b4   0x0000005c   Code   RO         7222    i.finsh_sysvar_lookup  finsh_var.o
    0x0800c510   0x000005f0   Code   RO         6326    i.finsh_thread_entry  shell.o
    0x0800cb00   0x00000014   Code   RO         7314    i.finsh_token_init  finsh_token.o
    0x0800cb14   0x00000018   Code   RO         7315    i.finsh_token_token  finsh_token.o
    0x0800cb2c   0x0000015e   Code   RO         6585    i.finsh_type_check  finsh_compiler.o
    0x0800cc8a   0x00000002   PAD
    0x0800cc8c   0x00000014   Code   RO         7224    i.finsh_var_init    finsh_var.o
    0x0800cca0   0x00000078   Code   RO         7225    i.finsh_var_insert  finsh_var.o
    0x0800cd18   0x00000040   Code   RO         7226    i.finsh_var_lookup  finsh_var.o
    0x0800cd58   0x00000054   Code   RO         7276    i.finsh_vm_run      finsh_vm.o
    0x0800cdac   0x0000009e   Code   RO        12403    i.follow_path       ff.o
    0x0800ce4a   0x0000004c   Code   RO        10391    i.framebuffer_draw_raw_hline  rtgui_driver.o
    0x0800ce96   0x00000002   PAD
    0x0800ce98   0x00000024   Code   RO        12199    i.get_disk          dfs_elm.o
    0x0800cebc   0x0000012c   Code   RO        12404    i.get_fat           ff.o
    0x0800cfe8   0x00000004   Code   RO        12200    i.get_fattime       dfs_elm.o
    0x0800cfec   0x00000098   Code   RO        12405    i.get_fileinfo      ff.o
    0x0800d084   0x0000007c   Code   RO          887    i.get_spi_BaudRatePrescaler  rt_stm32f10x_spi.o
    0x0800d100   0x00000080   Code   RO         5510    i.hard_fault_track  cpuport.o
    0x0800d180   0x00000020   Code   RO         6426    i.hello             cmd.o
    0x0800d1a0   0x0000005c   Code   RO          459    i.led               led.o
    0x0800d1fc   0x000000dc   Code   RO         6427    i.list              cmd.o
    0x0800d2d8   0x00000010   Code   RO         6428    i.list_device       cmd.o
    0x0800d2e8   0x00000010   Code   RO         6429    i.list_event        cmd.o
    0x0800d2f8   0x00000010   Code   RO         6430    i.list_mailbox      cmd.o
    0x0800d308   0x00000078   Code   RO         4956    i.list_mem          mem.o
    0x0800d380   0x00000010   Code   RO         6431    i.list_mempool      cmd.o
    0x0800d390   0x00000010   Code   RO         6432    i.list_msgqueue     cmd.o
    0x0800d3a0   0x00000010   Code   RO         6433    i.list_mutex        cmd.o
    0x0800d3b0   0x00000210   Code   RO         6434    i.list_prefix       cmd.o
    0x0800d5c0   0x00000010   Code   RO         6435    i.list_sem          cmd.o
    0x0800d5d0   0x00000010   Code   RO         6436    i.list_thread       cmd.o
    0x0800d5e0   0x00000010   Code   RO         6437    i.list_timer        cmd.o
    0x0800d5f0   0x0000000c   Code   RO        12406    i.lock_fs           ff.o
    0x0800d5fc   0x00000134   Code   RO        12720    i.ls                dfs_file.o
    0x0800d730   0x0000000e   Code   RO          230    i.main              startup.o
    0x0800d73e   0x00000028   Code   RO         7112    i.make_sys_node     finsh_parser.o
    0x0800d766   0x00000026   Code   RO        12407    i.mem_cmp           ff.o
    0x0800d78c   0x0000001a   Code   RO        12408    i.mem_cpy           ff.o
    0x0800d7a6   0x00000002   PAD
    0x0800d7a8   0x000000e8   Code   RO         5511    i.mem_manage_fault_track  cpuport.o
    0x0800d890   0x00000014   Code   RO        12409    i.mem_set           ff.o
    0x0800d8a4   0x0000006c   Code   RO        12898    i.mkdir             dfs_posix.o
    0x0800d910   0x00000010   Code   RO        12829    i.mkfs              dfs_fs.o
    0x0800d920   0x00000072   Code   RO        12410    i.move_window       ff.o
    0x0800d992   0x00000002   PAD
    0x0800d994   0x0000010c   Code   RO         4957    i.plug_holes        mem.o
    0x0800daa0   0x0000018c   Code   RO         4766    i.print_number      kservice.o
    0x0800dc2c   0x00000072   Code   RO         7113    i.proc_additive_expr  finsh_parser.o
    0x0800dc9e   0x0000004c   Code   RO         7114    i.proc_and_expr     finsh_parser.o
    0x0800dcea   0x00000038   Code   RO         7115    i.proc_assign_expr  finsh_parser.o
    0x0800dd22   0x0000004e   Code   RO         7116    i.proc_cast_expr    finsh_parser.o
    0x0800dd70   0x0000004c   Code   RO         7117    i.proc_exclusive_or_expr  finsh_parser.o
    0x0800ddbc   0x0000000c   Code   RO         7118    i.proc_expr         finsh_parser.o
    0x0800ddc8   0x00000038   Code   RO         7119    i.proc_expr_statement  finsh_parser.o
    0x0800de00   0x0000002c   Code   RO         7120    i.proc_identifier   finsh_parser.o
    0x0800de2c   0x0000004c   Code   RO         7121    i.proc_inclusive_or_expr  finsh_parser.o
    0x0800de78   0x0000008a   Code   RO         7122    i.proc_multiplicative_expr  finsh_parser.o
    0x0800df02   0x0000004c   Code   RO         7123    i.proc_param_list   finsh_parser.o
    0x0800df4e   0x000000a2   Code   RO         7124    i.proc_postfix_expr  finsh_parser.o
    0x0800dff0   0x0000009e   Code   RO         7125    i.proc_primary_expr  finsh_parser.o
    0x0800e08e   0x00000074   Code   RO         7126    i.proc_shift_expr   finsh_parser.o
    0x0800e102   0x000000fa   Code   RO         7127    i.proc_type         finsh_parser.o
    0x0800e1fc   0x000000be   Code   RO         7128    i.proc_unary_expr   finsh_parser.o
    0x0800e2ba   0x000001da   Code   RO         7129    i.proc_variable_decl  finsh_parser.o
    0x0800e494   0x00000180   Code   RO        12411    i.put_fat           ff.o
    0x0800e614   0x00000068   Code   RO        12412    i.remove_chain      ff.o
    0x0800e67c   0x0000002c   Code   RO        12721    i.rm                dfs_file.o
    0x0800e6a8   0x00000034   Code   RO            4    i.rt_application_init  application.o
    0x0800e6dc   0x00000074   Code   RO         4767    i.rt_assert_handler  kservice.o
    0x0800e750   0x00000068   Code   RO         5680    i.rt_completion_done  completion.o
    0x0800e7b8   0x00000048   Code   RO         5681    i.rt_completion_init  completion.o
    0x0800e800   0x0000013c   Code   RO         5682    i.rt_completion_wait  completion.o
    0x0800e93c   0x0000001c   Code   RO         7396    i.rt_components_board_init  components.o
    0x0800e958   0x0000001c   Code   RO         7397    i.rt_components_init  components.o
    0x0800e974   0x0000000c   Code   RO         4769    i.rt_console_get_device  kservice.o
    0x0800e980   0x00000034   Code   RO         4770    i.rt_console_set_device  kservice.o
    0x0800e9b4   0x00000068   Code   RO         5713    i.rt_data_queue_init  dataqueue.o
    0x0800ea1c   0x00000078   Code   RO         5714    i.rt_data_queue_peak  dataqueue.o
    0x0800ea94   0x000001b8   Code   RO         5715    i.rt_data_queue_pop  dataqueue.o
    0x0800ec4c   0x00000154   Code   RO         5716    i.rt_data_queue_push  dataqueue.o
    0x0800eda0   0x00000058   Code   RO         4341    i.rt_device_close   device.o
    0x0800edf8   0x00000040   Code   RO         4342    i.rt_device_control  device.o
    0x0800ee38   0x00000050   Code   RO         4343    i.rt_device_find    device.o
    0x0800ee88   0x000000e8   Code   RO         4346    i.rt_device_open    device.o
    0x0800ef70   0x00000060   Code   RO         4347    i.rt_device_read    device.o
    0x0800efd0   0x00000032   Code   RO         4348    i.rt_device_register  device.o
    0x0800f002   0x00000002   PAD
    0x0800f004   0x00000030   Code   RO         4349    i.rt_device_set_rx_indicate  device.o
    0x0800f034   0x00000060   Code   RO         4352    i.rt_device_write   device.o
    0x0800f094   0x00000020   Code   RO         5202    i.rt_enter_critical  scheduler.o
    0x0800f0b4   0x0000003c   Code   RO         5203    i.rt_exit_critical  scheduler.o
    0x0800f0f0   0x00000198   Code   RO         4959    i.rt_free           mem.o
    0x0800f288   0x00000080   Code   RO          369    i.rt_hw_board_init  board.o
    0x0800f308   0x00000002   Code   RO         4773    i.rt_hw_console_output  kservice.o
    0x0800f30a   0x00000002   PAD
    0x0800f30c   0x00000208   Code   RO         5514    i.rt_hw_hard_fault_exception  cpuport.o
    0x0800f514   0x00000038   Code   RO          460    i.rt_hw_led_init    led.o
    0x0800f54c   0x0000002c   Code   RO          461    i.rt_hw_led_off     led.o
    0x0800f578   0x0000002c   Code   RO          462    i.rt_hw_led_on      led.o
    0x0800f5a4   0x00000144   Code   RO         5607    i.rt_hw_serial_isr  serial.o
    0x0800f6e8   0x0000007c   Code   RO         5608    i.rt_hw_serial_register  serial.o
    0x0800f764   0x0000009c   Code   RO          850    i.rt_hw_spi_init    platform.o
    0x0800f800   0x0000004c   Code   RO         5515    i.rt_hw_stack_init  cpuport.o
    0x0800f84c   0x000000d0   Code   RO          508    i.rt_hw_usart_init  usart.o
    0x0800f91c   0x00000080   Code   RO            5    i.rt_init_thread_entry  application.o
    0x0800f99c   0x00000024   Code   RO         4737    i.rt_interrupt_enter  irq.o
    0x0800f9c0   0x0000000c   Code   RO         4738    i.rt_interrupt_get_nest  irq.o
    0x0800f9cc   0x00000024   Code   RO         4739    i.rt_interrupt_leave  irq.o
    0x0800f9f0   0x00000018   Code   RO         4470    i.rt_ipc_list_resume  ipc.o
    0x0800fa08   0x00000032   Code   RO         4471    i.rt_ipc_list_resume_all  ipc.o
    0x0800fa3a   0x0000006c   Code   RO         4472    i.rt_ipc_list_suspend  ipc.o
    0x0800faa6   0x00000010   Code   RO         4473    i.rt_ipc_object_init  ipc.o
    0x0800fab6   0x00000002   PAD
    0x0800fab8   0x00000068   Code   RO         4774    i.rt_kprintf        kservice.o
    0x0800fb20   0x00000006   Code   RO         4474    i.rt_list_init      ipc.o
    0x0800fb26   0x00000006   Code   RO         5204    i.rt_list_init      scheduler.o
    0x0800fb2c   0x00000006   Code   RO         5396    i.rt_list_init      timer.o
    0x0800fb32   0x00000006   Code   RO         5718    i.rt_list_init      dataqueue.o
    0x0800fb38   0x0000000e   Code   RO         5099    i.rt_list_insert_after  object.o
    0x0800fb46   0x0000000e   Code   RO         5280    i.rt_list_insert_after  thread.o
    0x0800fb54   0x0000000e   Code   RO         5397    i.rt_list_insert_after  timer.o
    0x0800fb62   0x0000000e   Code   RO        11238    i.rt_list_insert_after  topwin.o
    0x0800fb70   0x0000000e   Code   RO         4475    i.rt_list_insert_before  ipc.o
    0x0800fb7e   0x0000000e   Code   RO         5719    i.rt_list_insert_before  dataqueue.o
    0x0800fb8c   0x0000000e   Code   RO        11239    i.rt_list_insert_before  topwin.o
    0x0800fb9a   0x00000010   Code   RO         4476    i.rt_list_isempty   ipc.o
    0x0800fbaa   0x00000010   Code   RO         5398    i.rt_list_isempty   timer.o
    0x0800fbba   0x00000010   Code   RO         5683    i.rt_list_isempty   completion.o
    0x0800fbca   0x00000010   Code   RO         5720    i.rt_list_isempty   dataqueue.o
    0x0800fbda   0x00000010   Code   RO         6438    i.rt_list_isempty   cmd.o
    0x0800fbea   0x00000010   Code   RO        11240    i.rt_list_isempty   topwin.o
    0x0800fbfa   0x00000014   Code   RO         6439    i.rt_list_len       cmd.o
    0x0800fc0e   0x00000012   Code   RO         5100    i.rt_list_remove    object.o
    0x0800fc20   0x00000012   Code   RO         5281    i.rt_list_remove    thread.o
    0x0800fc32   0x00000012   Code   RO        11241    i.rt_list_remove    topwin.o
    0x0800fc44   0x000002b4   Code   RO         4961    i.rt_malloc         mem.o
    0x0800fef8   0x00000040   Code   RO         4480    i.rt_mb_detach      ipc.o
    0x0800ff38   0x00000060   Code   RO         4481    i.rt_mb_init        ipc.o
    0x0800ff98   0x00000210   Code   RO         4482    i.rt_mb_recv        ipc.o
    0x080101a8   0x00000012   Code   RO         4483    i.rt_mb_send        ipc.o
    0x080101ba   0x00000002   PAD
    0x080101bc   0x000001e8   Code   RO         4484    i.rt_mb_send_wait   ipc.o
    0x080103a4   0x0000007c   Code   RO         4777    i.rt_memcpy         kservice.o
    0x08010420   0x00000042   Code   RO         4778    i.rt_memmove        kservice.o
    0x08010462   0x00000048   Code   RO         4779    i.rt_memset         kservice.o
    0x080104aa   0x00000002   PAD
    0x080104ac   0x000000d8   Code   RO         4486    i.rt_mq_create      ipc.o
    0x08010584   0x00000090   Code   RO         4487    i.rt_mq_delete      ipc.o
    0x08010614   0x00000240   Code   RO         4490    i.rt_mq_recv        ipc.o
    0x08010854   0x00000100   Code   RO         4491    i.rt_mq_send        ipc.o
    0x08010954   0x0000008c   Code   RO         4494    i.rt_mutex_create   ipc.o
    0x080109e0   0x00000090   Code   RO         4495    i.rt_mutex_delete   ipc.o
    0x08010a70   0x00000054   Code   RO         4497    i.rt_mutex_init     ipc.o
    0x08010ac4   0x00000170   Code   RO         4498    i.rt_mutex_release  ipc.o
    0x08010c34   0x000001cc   Code   RO         4499    i.rt_mutex_take     ipc.o
    0x08010e00   0x000000b8   Code   RO         5101    i.rt_object_allocate  object.o
    0x08010eb8   0x0000009c   Code   RO         5103    i.rt_object_delete  object.o
    0x08010f54   0x00000054   Code   RO         5104    i.rt_object_detach  object.o
    0x08010fa8   0x00000054   Code   RO         5108    i.rt_object_init    object.o
    0x08010ffc   0x0000003c   Code   RO         5109    i.rt_object_is_systemobject  object.o
    0x08011038   0x0000001c   Code   RO         6041    i.rt_pin_mode       pin.o
    0x08011054   0x00000018   Code   RO         6042    i.rt_pin_read       pin.o
    0x0801106c   0x0000001c   Code   RO         6043    i.rt_pin_write      pin.o
    0x08011088   0x00000020   Code   RO          851    i.rt_platform_init  platform.o
    0x080110a8   0x00000174   Code   RO         4964    i.rt_realloc        mem.o
    0x0801121c   0x000000a4   Code   RO         5205    i.rt_schedule       scheduler.o
    0x080112c0   0x00000074   Code   RO         5206    i.rt_schedule_insert_thread  scheduler.o
    0x08011334   0x00000080   Code   RO         5207    i.rt_schedule_remove_thread  scheduler.o
    0x080113b4   0x00000048   Code   RO         4504    i.rt_sem_init       ipc.o
    0x080113fc   0x00000054   Code   RO         4505    i.rt_sem_release    ipc.o
    0x08011450   0x00000188   Code   RO         4506    i.rt_sem_take       ipc.o
    0x080115d8   0x00000154   Code   RO         5609    i.rt_serial_close   serial.o
    0x0801172c   0x00000074   Code   RO         5610    i.rt_serial_control  serial.o
    0x080117a0   0x00000048   Code   RO         5611    i.rt_serial_init    serial.o
    0x080117e8   0x000001e0   Code   RO         5612    i.rt_serial_open    serial.o
    0x080119c8   0x0000006c   Code   RO         5613    i.rt_serial_read    serial.o
    0x08011a34   0x0000006c   Code   RO         5614    i.rt_serial_write   serial.o
    0x08011aa0   0x00000028   Code   RO         4780    i.rt_set_errno      kservice.o
    0x08011ac8   0x000000b0   Code   RO         4781    i.rt_show_version   kservice.o
    0x08011b78   0x00000026   Code   RO         4782    i.rt_snprintf       kservice.o
    0x08011b9e   0x0000004a   Code   RO         6195    i.rt_spi_bus_attach_device  spi_core.o
    0x08011be8   0x00000058   Code   RO         6274    i.rt_spi_bus_device_init  spi_dev.o
    0x08011c40   0x00000032   Code   RO         6196    i.rt_spi_bus_register  spi_core.o
    0x08011c72   0x00000002   PAD
    0x08011c74   0x00000078   Code   RO         6197    i.rt_spi_configure  spi_core.o
    0x08011cec   0x00000016   Code   RO         1032    i.rt_spi_send       spi_flash_sst25vfxx.o
    0x08011d02   0x00000002   PAD
    0x08011d04   0x00000120   Code   RO         6200    i.rt_spi_send_then_recv  spi_core.o
    0x08011e24   0x000000f8   Code   RO         6204    i.rt_spi_transfer   spi_core.o
    0x08011f1c   0x00000058   Code   RO         6275    i.rt_spidev_device_init  spi_dev.o
    0x08011f74   0x00000028   Code   RO         4786    i.rt_strdup         kservice.o
    0x08011f9c   0x00000012   Code   RO         4787    i.rt_strlen         kservice.o
    0x08011fae   0x00000028   Code   RO         4788    i.rt_strncmp        kservice.o
    0x08011fd6   0x00000034   Code   RO         4789    i.rt_strncpy        kservice.o
    0x0801200a   0x00000002   PAD
    0x0801200c   0x00000150   Code   RO         4965    i.rt_system_heap_init  mem.o
    0x0801215c   0x00000050   Code   RO         5209    i.rt_system_scheduler_init  scheduler.o
    0x080121ac   0x00000030   Code   RO         5210    i.rt_system_scheduler_start  scheduler.o
    0x080121dc   0x0000001c   Code   RO         5399    i.rt_system_timer_init  timer.o
    0x080121f8   0x00000002   Code   RO         5400    i.rt_system_timer_thread_init  timer.o
    0x080121fa   0x00000002   PAD
    0x080121fc   0x00000098   Code   RO         5282    i.rt_thread_control  thread.o
    0x08012294   0x00000050   Code   RO         5283    i.rt_thread_create  thread.o
    0x080122e4   0x0000000c   Code   RO         5284    i.rt_thread_delay   thread.o
    0x080122f0   0x0000005c   Code   RO         5285    i.rt_thread_delete  thread.o
    0x0801234c   0x00000054   Code   RO         5287    i.rt_thread_exit    thread.o
    0x080123a0   0x00000018   Code   RO         4422    i.rt_thread_idle_entry  idle.o
    0x080123b8   0x000000cc   Code   RO         4423    i.rt_thread_idle_excute  idle.o
    0x08012484   0x0000003c   Code   RO         4424    i.rt_thread_idle_init  idle.o
    0x080124c0   0x0000007c   Code   RO         5289    i.rt_thread_init    thread.o
    0x0801253c   0x00000068   Code   RO         5290    i.rt_thread_resume  thread.o
    0x080125a4   0x0000000c   Code   RO         5291    i.rt_thread_self    thread.o
    0x080125b0   0x00000068   Code   RO         5292    i.rt_thread_sleep   thread.o
    0x08012618   0x00000088   Code   RO         5293    i.rt_thread_startup  thread.o
    0x080126a0   0x00000064   Code   RO         5294    i.rt_thread_suspend  thread.o
    0x08012704   0x00000080   Code   RO         5295    i.rt_thread_timeout  thread.o
    0x08012784   0x00000060   Code   RO         5296    i.rt_thread_yield   thread.o
    0x080127e4   0x0000000c   Code   RO         4305    i.rt_tick_get       clock.o
    0x080127f0   0x00000030   Code   RO         4306    i.rt_tick_increase  clock.o
    0x08012820   0x0000009c   Code   RO         5401    i.rt_timer_check    timer.o
    0x080128bc   0x00000064   Code   RO         5402    i.rt_timer_control  timer.o
    0x08012920   0x00000044   Code   RO         5405    i.rt_timer_detach   timer.o
    0x08012964   0x00000054   Code   RO         5406    i.rt_timer_init     timer.o
    0x080129b8   0x0000016c   Code   RO         5409    i.rt_timer_start    timer.o
    0x08012b24   0x0000006c   Code   RO         5410    i.rt_timer_stop     timer.o
    0x08012b90   0x00000328   Code   RO         4791    i.rt_vsnprintf      kservice.o
    0x08012eb8   0x00000060   Code   RO        10744    i.rtgui_ack         rtgui_system.o
    0x08012f18   0x00000120   Code   RO        10192    i.rtgui_app_create  rtgui_app.o
    0x08013038   0x00000158   Code   RO        10193    i.rtgui_app_destroy  rtgui_app.o
    0x08013190   0x000001b8   Code   RO        10194    i.rtgui_app_event_handler  rtgui_app.o
    0x08013348   0x00000012   Code   RO        10195    i.rtgui_app_exit    rtgui_app.o
    0x0801335a   0x00000002   PAD
    0x0801335c   0x000000c0   Code   RO        10198    i.rtgui_app_run     rtgui_app.o
    0x0801341c   0x0000000e   Code   RO        10199    i.rtgui_app_self    rtgui_app.o
    0x0801342a   0x00000002   PAD
    0x0801342c   0x000000a8   Code   RO        10201    i.rtgui_app_set_main_win  rtgui_app.o
    0x080134d4   0x000000d6   Code   RO         7518    i.rtgui_blit        blit.o
    0x080135aa   0x00000002   Code   RO         7519    i.rtgui_blit_line_1_2  blit.o
    0x080135ac   0x00000002   Code   RO         7520    i.rtgui_blit_line_1_3  blit.o
    0x080135ae   0x00000002   Code   RO         7521    i.rtgui_blit_line_1_4  blit.o
    0x080135b0   0x00000002   Code   RO         7522    i.rtgui_blit_line_2_1  blit.o
    0x080135b2   0x00000038   Code   RO         7523    i.rtgui_blit_line_2_2_inv  blit.o
    0x080135ea   0x00000002   PAD
    0x080135ec   0x0000003c   Code   RO         7524    i.rtgui_blit_line_2_3  blit.o
    0x08013628   0x00000002   Code   RO         7525    i.rtgui_blit_line_2_4  blit.o
    0x0801362a   0x0000002c   Code   RO         7526    i.rtgui_blit_line_3_1  blit.o
    0x08013656   0x00000036   Code   RO         7527    i.rtgui_blit_line_3_2  blit.o
    0x0801368c   0x00000036   Code   RO         7528    i.rtgui_blit_line_3_2_inv  blit.o
    0x080136c2   0x00000034   Code   RO         7529    i.rtgui_blit_line_3_4  blit.o
    0x080136f6   0x0000002e   Code   RO         7530    i.rtgui_blit_line_4_1  blit.o
    0x08013724   0x00000230   Code   RO         7531    i.rtgui_blit_line_4_2  blit.o
    0x08013954   0x00000030   Code   RO         7532    i.rtgui_blit_line_4_3  blit.o
    0x08013984   0x00000014   Code   RO         7533    i.rtgui_blit_line_direct  blit.o
    0x08013998   0x00000064   Code   RO         7666    i.rtgui_box_layout  box.o
    0x080139fc   0x00000192   Code   RO         7667    i.rtgui_box_layout_horizontal  box.o
    0x08013b8e   0x000001aa   Code   RO         7669    i.rtgui_box_layout_vertical  box.o
    0x08013d38   0x00000030   Code   RO         9878    i.rtgui_break       region.o
    0x08013d68   0x000000d0   Code   RO         9879    i.rtgui_coalesce    region.o
    0x08013e38   0x00000036   Code   RO        10392    i.rtgui_color_from_565  rtgui_driver.o
    0x08013e6e   0x00000036   Code   RO        10393    i.rtgui_color_from_565p  rtgui_driver.o
    0x08013ea4   0x00000020   Code   RO         7758    i.rtgui_color_get_bpp  color.o
    0x08013ec4   0x0000001e   Code   RO        10394    i.rtgui_color_to_565  rtgui_driver.o
    0x08013ee2   0x0000001c   Code   RO        10395    i.rtgui_color_to_565p  rtgui_driver.o
    0x08013efe   0x00000018   Code   RO        10396    i.rtgui_color_to_888  rtgui_driver.o
    0x08013f16   0x0000001c   Code   RO        10397    i.rtgui_color_to_mono  rtgui_driver.o
    0x08013f32   0x00000028   Code   RO         7786    i.rtgui_container_broadcast_event  container.o
    0x08013f5a   0x0000005a   Code   RO         7789    i.rtgui_container_destroy_children  container.o
    0x08013fb4   0x0000002e   Code   RO         7790    i.rtgui_container_dispatch_event  container.o
    0x08013fe2   0x00000054   Code   RO         7791    i.rtgui_container_dispatch_mouse_event  container.o
    0x08014036   0x00000002   PAD
    0x08014038   0x0000011c   Code   RO         7792    i.rtgui_container_event_handler  container.o
    0x08014154   0x00000016   Code   RO         7795    i.rtgui_container_layout  container.o
    0x0801416a   0x00000002   PAD
    0x0801416c   0x00000124   Code   RO         7949    i.rtgui_dc_begin_drawing  dc.o
    0x08014290   0x00000164   Code   RO         8304    i.rtgui_dc_blend_point  dc_blend.o
    0x080143f4   0x00000008   Code   RO         8559    i.rtgui_dc_buffer_get_pixel  dc_buffer.o
    0x080143fc   0x00000002   Code   RO         8657    i.rtgui_dc_client_blit  dc_client.o
    0x080143fe   0x00000174   Code   RO         8658    i.rtgui_dc_client_blit_line  dc_client.o
    0x08014572   0x00000012   Code   RO         8659    i.rtgui_dc_client_create  dc_client.o
    0x08014584   0x00000054   Code   RO         8660    i.rtgui_dc_client_draw_color_point  dc_client.o
    0x080145d8   0x00000120   Code   RO         8661    i.rtgui_dc_client_draw_hline  dc_client.o
    0x080146f8   0x00000052   Code   RO         8662    i.rtgui_dc_client_draw_point  dc_client.o
    0x0801474a   0x00000120   Code   RO         8663    i.rtgui_dc_client_draw_vline  dc_client.o
    0x0801486a   0x00000002   PAD
    0x0801486c   0x00000074   Code   RO         8664    i.rtgui_dc_client_fill_rect  dc_client.o
    0x080148e0   0x00000012   Code   RO         8665    i.rtgui_dc_client_fini  dc_client.o
    0x080148f2   0x00000002   PAD
    0x080148f4   0x0000003c   Code   RO         8666    i.rtgui_dc_client_init  dc_client.o
    0x08014930   0x00000114   Code   RO         7953    i.rtgui_dc_draw_border  dc.o
    0x08014a44   0x00000020   Code   RO         7958    i.rtgui_dc_draw_hline  dc.o
    0x08014a64   0x00000020   Code   RO        11913    i.rtgui_dc_draw_hline  window.o
    0x08014a84   0x00000060   Code   RO         7961    i.rtgui_dc_draw_mono_bmp  dc.o
    0x08014ae4   0x00000016   Code   RO         7963    i.rtgui_dc_draw_point  dc.o
    0x08014afa   0x00000054   Code   RO         7965    i.rtgui_dc_draw_rect  dc.o
    0x08014b4e   0x00000002   PAD
    0x08014b50   0x00000090   Code   RO         7967    i.rtgui_dc_draw_shaded_rect  dc.o
    0x08014be0   0x00000078   Code   RO         7968    i.rtgui_dc_draw_text  dc.o
    0x08014c58   0x00000020   Code   RO         7971    i.rtgui_dc_draw_vline  dc.o
    0x08014c78   0x00000020   Code   RO        11914    i.rtgui_dc_draw_vline  window.o
    0x08014c98   0x00000024   Code   RO         7972    i.rtgui_dc_draw_word  dc.o
    0x08014cbc   0x000000b0   Code   RO         7973    i.rtgui_dc_end_drawing  dc.o
    0x08014d6c   0x00000012   Code   RO        11915    i.rtgui_dc_fill_rect  window.o
    0x08014d7e   0x00000002   PAD
    0x08014d80   0x00000080   Code   RO         7981    i.rtgui_dc_get_gc   dc.o
    0x08014e00   0x00000060   Code   RO         7982    i.rtgui_dc_get_pixel_format  dc.o
    0x08014e60   0x00000064   Code   RO         7984    i.rtgui_dc_get_visible  dc.o
    0x08014ec4   0x00000002   Code   RO         8773    i.rtgui_dc_hw_blit  dc_hw.o
    0x08014ec6   0x00000002   PAD
    0x08014ec8   0x000000bc   Code   RO         8774    i.rtgui_dc_hw_blit_line  dc_hw.o
    0x08014f84   0x00000034   Code   RO         8775    i.rtgui_dc_hw_create  dc_hw.o
    0x08014fb8   0x00000074   Code   RO         8776    i.rtgui_dc_hw_draw_color_point  dc_hw.o
    0x0801502c   0x000000bc   Code   RO         8777    i.rtgui_dc_hw_draw_hline  dc_hw.o
    0x080150e8   0x00000078   Code   RO         8778    i.rtgui_dc_hw_draw_point  dc_hw.o
    0x08015160   0x000000bc   Code   RO         8779    i.rtgui_dc_hw_draw_vline  dc_hw.o
    0x0801521c   0x0000010c   Code   RO         8780    i.rtgui_dc_hw_fill_rect  dc_hw.o
    0x08015328   0x00000018   Code   RO         8781    i.rtgui_dc_hw_fini  dc_hw.o
    0x08015340   0x00000040   Code   RO         9048    i.rtgui_filerw_close  filerw.o
    0x08015380   0x00000044   Code   RO         9053    i.rtgui_filerw_read  filerw.o
    0x080153c4   0x0000003c   Code   RO         9054    i.rtgui_filerw_seek  filerw.o
    0x08015400   0x00000034   Code   RO         9055    i.rtgui_filerw_tell  filerw.o
    0x08015434   0x00000140   Code   RO         9365    i.rtgui_fnt_font_draw_text  font_fnt.o
    0x08015574   0x00000078   Code   RO         9366    i.rtgui_fnt_font_get_metrics  font_fnt.o
    0x080155ec   0x0000000c   Code   RO         9196    i.rtgui_font_default  font.o
    0x080155f8   0x00000054   Code   RO         9198    i.rtgui_font_draw   font.o
    0x0801564c   0x0000004c   Code   RO         9199    i.rtgui_font_get_metrics  font.o
    0x08015698   0x0000000c   Code   RO         9202    i.rtgui_font_set_defaut  font.o
    0x080156a4   0x00000048   Code   RO         9203    i.rtgui_font_system_add_font  font.o
    0x080156ec   0x00000024   Code   RO         9204    i.rtgui_font_system_init  font.o
    0x08015710   0x0000000c   Code   RO        10745    i.rtgui_free        rtgui_system.o
    0x0801571c   0x0000000c   Code   RO        10952    i.rtgui_get_server  server.o
    0x08015728   0x0000000c   Code   RO        10399    i.rtgui_graphic_driver_get_default  rtgui_driver.o
    0x08015734   0x00000044   Code   RO        10401    i.rtgui_graphic_driver_get_rect  rtgui_driver.o
    0x08015778   0x00000004   Code   RO        10402    i.rtgui_graphic_driver_is_vmode  rtgui_driver.o
    0x0801577c   0x00000040   Code   RO        10403    i.rtgui_graphic_driver_screen_update  rtgui_driver.o
    0x080157bc   0x00000008   Code   RO        10405    i.rtgui_graphic_get_device  rtgui_driver.o
    0x080157c4   0x00000428   Code   RO         9585    i.rtgui_image_hdc_blit  image_hdc.o
    0x08015bec   0x0000005c   Code   RO         9586    i.rtgui_image_hdc_check  image_hdc.o
    0x08015c48   0x00000010   Code   RO         9587    i.rtgui_image_hdc_init  image_hdc.o
    0x08015c58   0x000000cc   Code   RO         9588    i.rtgui_image_hdc_load  image_hdc.o
    0x08015d24   0x00000024   Code   RO         9589    i.rtgui_image_hdc_unload  image_hdc.o
    0x08015d48   0x00000150   Code   RO         9590    i.rtgui_image_hdcmm_blit  image_hdc.o
    0x08015e98   0x00000048   Code   RO         9462    i.rtgui_image_register_engine  image.o
    0x08015ee0   0x0000001e   Code   RO         7798    i.rtgui_list_remove  container.o
    0x08015efe   0x00000010   Code   RO        10748    i.rtgui_malloc      rtgui_system.o
    0x08015f0e   0x00000002   PAD
    0x08015f10   0x0000001c   Code   RO         9771    i.rtgui_mouse_fini  mouse.o
    0x08015f2c   0x00000050   Code   RO         9772    i.rtgui_mouse_init  mouse.o
    0x08015f7c   0x00000044   Code   RO         9773    i.rtgui_mouse_monitor_append  mouse.o
    0x08015fc0   0x00000034   Code   RO         9774    i.rtgui_mouse_monitor_contains_point  mouse.o
    0x08015ff4   0x00000028   Code   RO         9776    i.rtgui_mouse_moveto  mouse.o
    0x0801601c   0x00000014   Code   RO         9777    i.rtgui_mouse_set_position  mouse.o
    0x08016030   0x00000026   Code   RO        10634    i.rtgui_object_create  rtgui_object.o
    0x08016056   0x00000002   PAD
    0x08016058   0x0000004c   Code   RO        10635    i.rtgui_object_destroy  rtgui_object.o
    0x080160a4   0x00000006   Code   RO        10636    i.rtgui_object_event_handler  rtgui_object.o
    0x080160aa   0x00000018   Code   RO        10204    i.rtgui_object_handle  rtgui_app.o
    0x080160c2   0x00000002   PAD
    0x080160c4   0x00000030   Code   RO        10639    i.rtgui_object_set_event_handler  rtgui_object.o
    0x080160f4   0x00000524   Code   RO         9880    i.rtgui_op          region.o
    0x08016618   0x00000094   Code   RO         9881    i.rtgui_rect_alloc  region.o
    0x080166ac   0x0000002c   Code   RO         9882    i.rtgui_rect_contains_point  region.o
    0x080166d8   0x00000022   Code   RO         9883    i.rtgui_rect_inflate  region.o
    0x080166fa   0x0000001c   Code   RO         9886    i.rtgui_rect_is_equal  region.o
    0x08016716   0x000001f8   Code   RO         9887    i.rtgui_rect_is_intersect  region.o
    0x0801690e   0x00000022   Code   RO         9888    i.rtgui_rect_moveto  region.o
    0x08016930   0x000000be   Code   RO         9889    i.rtgui_rect_moveto_align  region.o
    0x080169ee   0x00000002   PAD
    0x080169f0   0x00000070   Code   RO        10750    i.rtgui_recv        rtgui_system.o
    0x08016a60   0x000000d4   Code   RO         9892    i.rtgui_region_appendNonO  region.o
    0x08016b34   0x00000098   Code   RO         9893    i.rtgui_region_contains_point  region.o
    0x08016bcc   0x0000009e   Code   RO         9895    i.rtgui_region_copy  region.o
    0x08016c6a   0x00000002   Code   RO         9899    i.rtgui_region_extents  region.o
    0x08016c6c   0x00000016   Code   RO         9900    i.rtgui_region_fini  region.o
    0x08016c82   0x00000002   PAD
    0x08016c84   0x00000018   Code   RO         9901    i.rtgui_region_init  region.o
    0x08016c9c   0x0000001e   Code   RO         9902    i.rtgui_region_init_rect  region.o
    0x08016cba   0x0000000e   Code   RO         9903    i.rtgui_region_init_with_extents  region.o
    0x08016cc8   0x000001c0   Code   RO         9904    i.rtgui_region_intersect  region.o
    0x08016e88   0x00000154   Code   RO         9905    i.rtgui_region_intersectO  region.o
    0x08016fdc   0x00000030   Code   RO         9906    i.rtgui_region_intersect_rect  region.o
    0x0801700c   0x0000001e   Code   RO         9908    i.rtgui_region_is_flat  region.o
    0x0801702a   0x00000014   Code   RO         9909    i.rtgui_region_not_empty  region.o
    0x0801703e   0x00000010   Code   RO         9910    i.rtgui_region_num_rects  region.o
    0x0801704e   0x00000020   Code   RO         9912    i.rtgui_region_reset  region.o
    0x0801706e   0x00000002   PAD
    0x08017070   0x000000c0   Code   RO         9913    i.rtgui_region_subtract  region.o
    0x08017130   0x00000288   Code   RO         9914    i.rtgui_region_subtractO  region.o
    0x080173b8   0x00000030   Code   RO         9915    i.rtgui_region_subtract_rect  region.o
    0x080173e8   0x00000184   Code   RO         9917    i.rtgui_region_union  region.o
    0x0801756c   0x000003a0   Code   RO         9918    i.rtgui_region_unionO  region.o
    0x0801790c   0x00000030   Code   RO         9919    i.rtgui_region_union_rect  region.o
    0x0801793c   0x00000014   Code   RO        10752    i.rtgui_screen_lock  rtgui_system.o
    0x08017950   0x00000010   Code   RO        10755    i.rtgui_screen_unlock  rtgui_system.o
    0x08017960   0x000000ac   Code   RO        10756    i.rtgui_send        rtgui_system.o
    0x08017a0c   0x000000e4   Code   RO        10757    i.rtgui_send_sync   rtgui_system.o
    0x08017af0   0x00000070   Code   RO        10953    i.rtgui_server_entry  server.o
    0x08017b60   0x00000240   Code   RO        10954    i.rtgui_server_event_handler  server.o
    0x08017da0   0x0000006c   Code   RO        10955    i.rtgui_server_handle_kbd  server.o
    0x08017e0c   0x00000010   Code   RO        10956    i.rtgui_server_handle_monitor_add  server.o
    0x08017e1c   0x00000058   Code   RO        10958    i.rtgui_server_handle_mouse_btn  server.o
    0x08017e74   0x0000005c   Code   RO        10959    i.rtgui_server_handle_mouse_motion  server.o
    0x08017ed0   0x00000002   Code   RO        10960    i.rtgui_server_handle_touch  server.o
    0x08017ed2   0x00000018   Code   RO        10961    i.rtgui_server_handle_update  server.o
    0x08017eea   0x00000002   PAD
    0x08017eec   0x00000030   Code   RO        10962    i.rtgui_server_init  server.o
    0x08017f1c   0x0000004c   Code   RO        10965    i.rtgui_server_post_event  server.o
    0x08017f68   0x00000050   Code   RO        10966    i.rtgui_server_post_event_sync  server.o
    0x08017fb8   0x000000f0   Code   RO         9921    i.rtgui_set_extents  region.o
    0x080180a8   0x00000008   Code   RO         9463    i.rtgui_system_image_init  image.o
    0x080180b0   0x00000048   Code   RO        10760    i.rtgui_system_server_init  rtgui_system.o
    0x080180f8   0x00000310   Code   RO        11917    i.rtgui_theme_draw_win  window.o
    0x08018408   0x00000050   Code   RO        10763    i.rtgui_timer_destory  rtgui_system.o
    0x08018458   0x00000038   Code   RO        10766    i.rtgui_timer_stop  rtgui_system.o
    0x08018490   0x0000003c   Code   RO        11244    i.rtgui_topwin_activate  topwin.o
    0x080184cc   0x00000100   Code   RO        11245    i.rtgui_topwin_activate_topwin  topwin.o
    0x080185cc   0x000000cc   Code   RO        11246    i.rtgui_topwin_add  topwin.o
    0x08018698   0x0000002c   Code   RO        11247    i.rtgui_topwin_append_monitor_rect  topwin.o
    0x080186c4   0x00000028   Code   RO        11248    i.rtgui_topwin_dump_tree  topwin.o
    0x080186ec   0x00000010   Code   RO        11249    i.rtgui_topwin_get_focus  topwin.o
    0x080186fc   0x0000003c   Code   RO        11250    i.rtgui_topwin_get_topmost_window_shown  topwin.o
    0x08018738   0x00000018   Code   RO        11253    i.rtgui_topwin_get_wnd_no_modaled  topwin.o
    0x08018750   0x000000a0   Code   RO        11254    i.rtgui_topwin_hide  topwin.o
    0x080187f0   0x0000001c   Code   RO        11255    i.rtgui_topwin_init  topwin.o
    0x0801880c   0x000000f4   Code   RO        11256    i.rtgui_topwin_modal_enter  topwin.o
    0x08018900   0x000000b0   Code   RO        11257    i.rtgui_topwin_move  topwin.o
    0x080189b0   0x00000034   Code   RO        11258    i.rtgui_topwin_redraw  topwin.o
    0x080189e4   0x00000068   Code   RO        11259    i.rtgui_topwin_remove  topwin.o
    0x08018a4c   0x00000058   Code   RO        11261    i.rtgui_topwin_resize  topwin.o
    0x08018aa4   0x00000034   Code   RO        11262    i.rtgui_topwin_search_in_list  topwin.o
    0x08018ad8   0x00000040   Code   RO        11263    i.rtgui_topwin_show  topwin.o
    0x08018b18   0x000000b0   Code   RO        11264    i.rtgui_topwin_update_clip  topwin.o
    0x08018bc8   0x0000001e   Code   RO        10641    i.rtgui_type_destructors_call  rtgui_object.o
    0x08018be6   0x0000001a   Code   RO        10642    i.rtgui_type_inherits_from  rtgui_object.o
    0x08018c00   0x0000001e   Code   RO        10644    i.rtgui_type_object_construct  rtgui_object.o
    0x08018c1e   0x00000028   Code   RO        11598    i.rtgui_widget_clip_parent  widget.o
    0x08018c46   0x00000028   Code   RO        11599    i.rtgui_widget_clip_return  widget.o
    0x08018c6e   0x00000010   Code   RO        11600    i.rtgui_widget_create  widget.o
    0x08018c7e   0x0000000c   Code   RO        11601    i.rtgui_widget_destroy  widget.o
    0x08018c8a   0x00000002   PAD
    0x08018c8c   0x0000009c   Code   RO        11602    i.rtgui_widget_event_handler  widget.o
    0x08018d28   0x0000009c   Code   RO        11603    i.rtgui_widget_focus  widget.o
    0x08018dc4   0x00000050   Code   RO        11604    i.rtgui_widget_get_extent  widget.o
    0x08018e14   0x0000004c   Code   RO        11609    i.rtgui_widget_get_rect  widget.o
    0x08018e60   0x0000006c   Code   RO        11611    i.rtgui_widget_hide  widget.o
    0x08018ecc   0x00000076   Code   RO        11613    i.rtgui_widget_move_to_logic  widget.o
    0x08018f42   0x00000022   Code   RO        11614    i.rtgui_widget_onhide  widget.o
    0x08018f64   0x00000018   Code   RO        11615    i.rtgui_widget_onpaint  widget.o
    0x08018f7c   0x00000022   Code   RO        11616    i.rtgui_widget_onshow  widget.o
    0x08018f9e   0x00000002   PAD
    0x08018fa0   0x00000048   Code   RO        11617    i.rtgui_widget_onupdate_toplvl  widget.o
    0x08018fe8   0x000000b2   Code   RO        11630    i.rtgui_widget_set_rect  widget.o
    0x0801909a   0x00000002   PAD
    0x0801909c   0x0000006c   Code   RO        11632    i.rtgui_widget_show  widget.o
    0x08019108   0x0000008c   Code   RO        11633    i.rtgui_widget_unfocus  widget.o
    0x08019194   0x00000060   Code   RO        11634    i.rtgui_widget_update  widget.o
    0x080191f4   0x000000aa   Code   RO        11635    i.rtgui_widget_update_clip  widget.o
    0x0801929e   0x0000002e   Code   RO        11919    i.rtgui_win_close   window.o
    0x080192cc   0x00000042   Code   RO        11920    i.rtgui_win_create  window.o
    0x0801930e   0x00000076   Code   RO        11921    i.rtgui_win_destroy  window.o
    0x08019384   0x000000c4   Code   RO        11922    i.rtgui_win_do_show  window.o
    0x08019448   0x0000002c   Code   RO        11923    i.rtgui_win_end_modal  window.o
    0x08019474   0x0000005a   Code   RO        11924    i.rtgui_win_enter_modal  window.o
    0x080194ce   0x00000002   PAD
    0x080194d0   0x00000204   Code   RO        11925    i.rtgui_win_event_handler  window.o
    0x080196d4   0x0000009c   Code   RO        11928    i.rtgui_win_hide    window.o
    0x08019770   0x000000f8   Code   RO        11929    i.rtgui_win_init    window.o
    0x08019868   0x000000be   Code   RO        11931    i.rtgui_win_move    window.o
    0x08019926   0x0000005c   Code   RO        11932    i.rtgui_win_ondraw  window.o
    0x08019982   0x00000034   Code   RO        11939    i.rtgui_win_show    window.o
    0x080199b6   0x00000094   Code   RO        11940    i.rtgui_win_update_clip  window.o
    0x08019a4a   0x00000002   PAD
    0x08019a4c   0x00000114   Code   RO        11120    i.rtgui_wintile_event_handler  title.o
    0x08019b60   0x00000018   Code   RO        11121    i.rtgui_wintitle_create  title.o
    0x08019b78   0x00000004   Code   RO         7398    i.rti_board_end     components.o
    0x08019b7c   0x00000004   Code   RO         7399    i.rti_board_start   components.o
    0x08019b80   0x00000004   Code   RO         7400    i.rti_end           components.o
    0x08019b84   0x00000004   Code   RO         7401    i.rti_start         components.o
    0x08019b88   0x00000034   Code   RO          231    i.rtthread_startup  startup.o
    0x08019bbc   0x00000030   Code   RO         6327    i.shell_auto_complete  shell.o
    0x08019bec   0x00000034   Code   RO         6328    i.shell_handle_history  shell.o
    0x08019c20   0x000000a2   Code   RO         6329    i.shell_push_history  shell.o
    0x08019cc2   0x00000002   PAD
    0x08019cc4   0x00000030   Code   RO         6440    i.show_wait_queue   cmd.o
    0x08019cf4   0x00000026   Code   RO         4793    i.skip_atoi         kservice.o
    0x08019d1a   0x00000006   Code   RO         1033    i.sst25vfxx_flash_close  spi_flash_sst25vfxx.o
    0x08019d20   0x00000050   Code   RO         1034    i.sst25vfxx_flash_control  spi_flash_sst25vfxx.o
    0x08019d70   0x00000006   Code   RO         1035    i.sst25vfxx_flash_init  spi_flash_sst25vfxx.o
    0x08019d76   0x0000005e   Code   RO         1036    i.sst25vfxx_flash_open  spi_flash_sst25vfxx.o
    0x08019dd4   0x00000074   Code   RO         1037    i.sst25vfxx_flash_read  spi_flash_sst25vfxx.o
    0x08019e48   0x00000058   Code   RO         1038    i.sst25vfxx_flash_write  spi_flash_sst25vfxx.o
    0x08019ea0   0x00000294   Code   RO         1039    i.sst25vfxx_init    spi_flash_sst25vfxx.o
    0x0801a134   0x000000e2   Code   RO         1040    i.sst25vfxx_page_write  spi_flash_sst25vfxx.o
    0x0801a216   0x00000020   Code   RO         1041    i.sst25vfxx_read_status  spi_flash_sst25vfxx.o
    0x0801a236   0x00000016   Code   RO         1042    i.sst25vfxx_wait_busy  spi_flash_sst25vfxx.o
    0x0801a24c   0x000000e8   Code   RO          509    i.stm32_configure   usart.o
    0x0801a334   0x00000090   Code   RO          510    i.stm32_control     usart.o
    0x0801a3c4   0x00000044   Code   RO          511    i.stm32_getc        usart.o
    0x0801a408   0x00000044   Code   RO          512    i.stm32_putc        usart.o
    0x0801a44c   0x00000068   Code   RO          888    i.stm32_spi_register  rt_stm32f10x_spi.o
    0x0801a4b4   0x00000020   Code   RO         6441    i.str_common        cmd.o
    0x0801a4d4   0x00000022   Code   RO         6442    i.str_is_prefix     cmd.o
    0x0801a4f6   0x000000ca   Code   RO        12413    i.sync              ff.o
    0x0801a5c0   0x00000078   Code   RO         7316    i.token_get_string  finsh_token.o
    0x0801a638   0x00000034   Code   RO         7317    i.token_match_name  finsh_token.o
    0x0801a66c   0x0000003e   Code   RO         7318    i.token_next_char   finsh_token.o
    0x0801a6aa   0x00000016   Code   RO         7319    i.token_prev_char   finsh_token.o
    0x0801a6c0   0x000000a2   Code   RO         7320    i.token_proc_char   finsh_token.o
    0x0801a762   0x000000d6   Code   RO         7321    i.token_proc_escape  finsh_token.o
    0x0801a838   0x00000120   Code   RO         7322    i.token_proc_number  finsh_token.o
    0x0801a958   0x00000050   Code   RO         7323    i.token_proc_string  finsh_token.o
    0x0801a9a8   0x0000019e   Code   RO         7324    i.token_run         finsh_token.o
    0x0801ab46   0x00000098   Code   RO         7325    i.token_spec_number  finsh_token.o
    0x0801abde   0x00000022   Code   RO         7326    i.token_trim_space  finsh_token.o
    0x0801ac00   0x00000040   Code   RO          750    i.touch_t           touch.o
    0x0801ac40   0x0000001e   Code   RO        12414    i.unlock_fs         ff.o
    0x0801ac5e   0x00000002   PAD
    0x0801ac60   0x000000e8   Code   RO         5516    i.usage_fault_track  cpuport.o
    0x0801ad48   0x00000036   Code   RO        12415    i.validate          ff.o
    0x0801ad7e   0x0000000a   Code   RO         6443    i.version           cmd.o
    0x0801ad88   0x00000100   Code   RO          889    i.xfer              rt_stm32f10x_spi.o
    0x0801ae88   0x00000008   Data   RO          266    .constdata          demo_application.o
    0x0801ae90   0x00000050   Data   RO          514    .constdata          usart.o
    0x0801aee0   0x00000018   Data   RO         1044    .constdata          spi_flash_sst25vfxx.o
    0x0801aef8   0x000000a8   Data   RO         4353    .constdata          device.o
    0x0801afa0   0x00000016   Data   RO         4427    .constdata          idle.o
    0x0801afb6   0x000001d7   Data   RO         4508    .constdata          ipc.o
    0x0801b18d   0x00000122   Data   RO         4795    .constdata          kservice.o
    0x0801b2af   0x00000046   Data   RO         4967    .constdata          mem.o
    0x0801b2f5   0x0000005e   Data   RO         5114    .constdata          object.o
    0x0801b353   0x0000004e   Data   RO         5212    .constdata          scheduler.o
    0x0801b3a1   0x000000aa   Data   RO         5297    .constdata          thread.o
    0x0801b44b   0x0000005c   Data   RO         5412    .constdata          timer.o
    0x0801b4a7   0x000000d3   Data   RO         5615    .constdata          serial.o
    0x0801b57a   0x00000039   Data   RO         5684    .constdata          completion.o
    0x0801b5b3   0x0000004b   Data   RO         5721    .constdata          dataqueue.o
    0x0801b5fe   0x000000a3   Data   RO         6206    .constdata          spi_core.o
    0x0801b6a1   0x00000081   Data   RO         6276    .constdata          spi_dev.o
    0x0801b722   0x00000060   Data   RO         6331    .constdata          shell.o
    0x0801b782   0x00000002   PAD
    0x0801b784   0x00000050   Data   RO         6444    .constdata          cmd.o
    0x0801b7d4   0x000000c4   Data   RO         6858    .constdata          finsh_ops.o
    0x0801b898   0x00000040   Data   RO         7327    .constdata          finsh_token.o
    0x0801b8d8   0x00000e00   Data   RO         7440    .constdata          asc12font.o
    0x0801c6d8   0x000012f4   Data   RO         7536    .constdata          blit.o
    0x0801d9cc   0x0000003b   Data   RO         7670    .constdata          box.o
    0x0801da07   0x00000001   PAD
    0x0801da08   0x0000002a   Data   RO         7759    .constdata          color.o
    0x0801da32   0x00000002   PAD
    0x0801da34   0x00000089   Data   RO         7799    .constdata          container.o
    0x0801dabd   0x00000148   Data   RO         7988    .constdata          dc.o
    0x0801dc05   0x000000b4   Data   RO         8313    .constdata          dc_blend.o
    0x0801dcb9   0x00000003   PAD
    0x0801dcbc   0x0000004f   Data   RO         8667    .constdata          dc_client.o
    0x0801dd0b   0x00000001   PAD
    0x0801dd0c   0x000000ae   Data   RO         8782    .constdata          dc_hw.o
    0x0801ddba   0x00000002   PAD
    0x0801ddbc   0x000000b3   Data   RO         9064    .constdata          filerw.o
    0x0801de6f   0x0000004d   Data   RO         9206    .constdata          font.o
    0x0801debc   0x00000044   Data   RO         9367    .constdata          font_fnt.o
    0x0801df00   0x00000056   Data   RO         9464    .constdata          image.o
    0x0801df56   0x00000002   PAD
    0x0801df58   0x00000044   Data   RO         9591    .constdata          image_hdc.o
    0x0801df9c   0x00000094   Data   RO         9922    .constdata          region.o
    0x0801e030   0x000000f6   Data   RO        10205    .constdata          rtgui_app.o
    0x0801e126   0x00000002   PAD
    0x0801e128   0x000000c4   Data   RO        10409    .constdata          rtgui_driver.o
    0x0801e1ec   0x00000048   Data   RO        10646    .constdata          rtgui_object.o
    0x0801e234   0x000000ab   Data   RO        10768    .constdata          rtgui_system.o
    0x0801e2df   0x00000033   Data   RO        10967    .constdata          server.o
    0x0801e312   0x00000002   PAD
    0x0801e314   0x00000030   Data   RO        11123    .constdata          title.o
    0x0801e344   0x0000022a   Data   RO        11268    .constdata          topwin.o
    0x0801e56e   0x00000002   PAD
    0x0801e570   0x00000217   Data   RO        11636    .constdata          widget.o
    0x0801e787   0x00000001   PAD
    0x0801e788   0x000000a4   Data   RO        11941    .constdata          window.o
    0x0801e82c   0x000000b9   Data   RO        12201    .constdata          dfs_elm.o
    0x0801e8e5   0x00000001   PAD
    0x0801e8e6   0x0000002c   Data   RO        12416    .constdata          ff.o
    0x0801e912   0x00000023   Data   RO        12642    .constdata          dfs.o
    0x0801e935   0x00000033   Data   RO        12830    .constdata          dfs_fs.o
    0x0801e968   0x0000000c   Data   RO        13081    .constdata          mc_w.l(mktime.o)
    0x0801e974   0x0000000c   Data   RO        13185    .constdata          mc_w.l(localtime_i.o)
    0x0801e980   0x00000081   Data   RO        13212    .constdata          mc_w.l(ctype_o.o)
    0x0801ea01   0x00000003   PAD
    0x0801ea04   0x00000004   Data   RO        13213    .constdata          mc_w.l(ctype_o.o)
    0x0801ea08   0x000000ed   Data   RO         4968    .conststring        mem.o
    0x0801eaf5   0x00000003   PAD
    0x0801eaf8   0x000001d6   Data   RO         6109    .conststring        can.o
    0x0801ecce   0x00000002   PAD
    0x0801ecd0   0x000001ad   Data   RO         6445    .conststring        cmd.o
    0x0801ee7d   0x00000003   PAD
    0x0801ee80   0x000000f3   Data   RO         6634    .conststring        finsh_error.o
    0x0801ef73   0x00000001   PAD
    0x0801ef74   0x0000003e   Data   RO         7328    .conststring        finsh_token.o
    0x0801efb2   0x00000002   PAD
    0x0801efb4   0x00000004   Data   RO         7441    .conststring        asc12font.o
    0x0801efb8   0x00000004   Data   RO         7671    .conststring        box.o
    0x0801efbc   0x0000000a   Data   RO         7800    .conststring        container.o
    0x0801efc6   0x00000002   PAD
    0x0801efc8   0x0000000a   Data   RO         9592    .conststring        image_hdc.o
    0x0801efd2   0x00000002   PAD
    0x0801efd4   0x0000000c   Data   RO        10206    .conststring        rtgui_app.o
    0x0801efe0   0x00000007   Data   RO        10647    .conststring        rtgui_object.o
    0x0801efe7   0x00000001   PAD
    0x0801efe8   0x00000009   Data   RO        11124    .conststring        title.o
    0x0801eff1   0x00000003   PAD
    0x0801eff4   0x00000007   Data   RO        11637    .conststring        widget.o
    0x0801effb   0x00000001   PAD
    0x0801effc   0x00000004   Data   RO        11942    .conststring        window.o
    0x0801f000   0x00000048   Data   RO        12202    .conststring        dfs_elm.o
    0x0801f048   0x0000001d   Data   RO          268    .rodata.name        demo_application.o
    0x0801f065   0x00000024   Data   RO          464    .rodata.name        led.o
    0x0801f089   0x0000000e   Data   RO          754    .rodata.name        touch.o
    0x0801f097   0x00000027   Data   RO         4970    .rodata.name        mem.o
    0x0801f0be   0x00000069   Data   RO         6046    .rodata.name        pin.o
    0x0801f127   0x00000026   Data   RO         6111    .rodata.name        can.o
    0x0801f14d   0x000001b3   Data   RO         6447    .rodata.name        cmd.o
    0x0801f300   0x00000021   Data   RO        11270    .rodata.name        topwin.o
    0x0801f321   0x0000005f   Data   RO        12723    .rodata.name        dfs_file.o
    0x0801f380   0x00000029   Data   RO        12831    .rodata.name        dfs_fs.o
    0x0801f3a9   0x00000019   Data   RO        12912    .rodata.name        dfs_posix.o
    0x0801f3c2   0x00000002   PAD
    0x0801f3c4   0x00000004   Data   RO         7402    .rti_fn.0           components.o
    0x0801f3c8   0x00000004   Data   RO         7403    .rti_fn.0.end       components.o
    0x0801f3cc   0x00000004   Data   RO         7404    .rti_fn.1.end       components.o
    0x0801f3d0   0x00000004   Data   RO         6333    .rti_fn.3           shell.o
    0x0801f3d4   0x00000004   Data   RO        12643    .rti_fn.3           dfs.o
    0x0801f3d8   0x00000004   Data   RO        12204    .rti_fn.4           dfs_elm.o
    0x0801f3dc   0x00000004   Data   RO        10770    .rti_fn.6           rtgui_system.o
    0x0801f3e0   0x00000004   Data   RO         7405    .rti_fn.6.end       components.o
    0x0801f3e4   0x0000000c   Data   RO          269    FSymTab             demo_application.o
    0x0801f3f0   0x0000000c   Data   RO          465    FSymTab             led.o
    0x0801f3fc   0x0000000c   Data   RO          755    FSymTab             touch.o
    0x0801f408   0x0000000c   Data   RO         4971    FSymTab             mem.o
    0x0801f414   0x00000024   Data   RO         6047    FSymTab             pin.o
    0x0801f438   0x0000000c   Data   RO         6112    FSymTab             can.o
    0x0801f444   0x00000090   Data   RO         6448    FSymTab             cmd.o
    0x0801f4d4   0x0000000c   Data   RO        11271    FSymTab             topwin.o
    0x0801f4e0   0x00000030   Data   RO        12724    FSymTab             dfs_file.o
    0x0801f510   0x00000018   Data   RO        12832    FSymTab             dfs_fs.o
    0x0801f528   0x0000000c   Data   RO        12913    FSymTab             dfs_posix.o
    0x0801f534   0x00000020   Data   RO        13243    Region$$Table       anon$$obj.o
    0x0801f554   0x00000010   Data   RO         6449    VSymTab             cmd.o


    Execution Region RW_IRAM1 (Base: 0x20000000, Size: 0x00001b30, Max: 0x00010000, ABSOLUTE, COMPRESSED[0x00000114])

    Base Addr    Size         Type   Attr      Idx    E Section Name        Object

    0x20000000   0x00000008   Data   RW          267    .data               demo_application.o
    0x20000008   0x00000001   Data   RW          463    .data               led.o
    0x20000009   0x00000003   PAD
    0x2000000c   0x00000018   Data   RW          515    .data               usart.o
    0x20000024   0x00000010   Data   RW          753    .data               touch.o
    0x20000034   0x00000008   Data   RW          853    .data               platform.o
    0x2000003c   0x00000008   Data   RW          890    .data               rt_stm32f10x_spi.o
    0x20000044   0x00000014   Data   RW         1109    .data               system_stm32f10x.o
    0x20000058   0x00000014   Data   RW         1229    .data               stm32f10x_rcc.o
    0x2000006c   0x00000004   Data   RW         4308    .data               clock.o
    0x20000070   0x00000004   Data   RW         4428    .data               idle.o
    0x20000074   0x00000001   Data   RW         4740    .data               irq.o
    0x20000075   0x00000003   PAD
    0x20000078   0x0000000c   Data   RW         4796    .data               kservice.o
    0x20000084   0x00000020   Data   RW         4969    .data               mem.o
    0x200000a4   0x000000a4   Data   RW         5115    .data               object.o
    0x20000148   0x0000001c   Data   RW         5213    .data               scheduler.o
    0x20000164   0x00000010   Data   RW         5413    .data               timer.o
    0x20000174   0x00000010   Data   RW         5518    .data               cpuport.o
    0x20000184   0x00000010   Data   RW         6110    .data               can.o
    0x20000194   0x00000004   Data   RW         6332    .data               shell.o
    0x20000198   0x00000010   Data   RW         6404    .data               symbol.o
    0x200001a8   0x00000004   Data   RW         6446    .data               cmd.o
    0x200001ac   0x00000008   Data   RW         6586    .data               finsh_compiler.o
    0x200001b4   0x00000040   Data   RW         6635    .data               finsh_error.o
    0x200001f4   0x00000008   Data   RW         6673    .data               finsh_heap.o
    0x200001fc   0x00000004   Data   RW         7228    .data               finsh_var.o
    0x20000200   0x0000000c   Data   RW         7278    .data               finsh_vm.o
    0x2000020c   0x00000018   Data   RW         7442    .data               asc12font.o
    0x20000224   0x00000024   Data   RW         7537    .data               blit.o
    0x20000248   0x00000008   Data   RW         9207    .data               font.o
    0x20000250   0x00000004   Data   RW         9465    .data               image.o
    0x20000254   0x00000018   Data   RW         9593    .data               image_hdc.o
    0x2000026c   0x00000004   Data   RW         9778    .data               mouse.o
    0x20000270   0x0000001c   Data   RW         9923    .data               region.o
    0x2000028c   0x00000004   Data   RW        10410    .data               rtgui_driver.o
    0x20000290   0x00000008   Data   RW        10769    .data               rtgui_system.o
    0x20000298   0x00000010   Data   RW        10968    .data               server.o
    0x200002a8   0x00000008   Data   RW        11269    .data               topwin.o
    0x200002b0   0x00000008   Data   RW        12203    .data               dfs_elm.o
    0x200002b8   0x0000000a   Data   RW        12417    .data               ff.o
    0x200002c2   0x00000002   PAD
    0x200002c4   0x00000004   Data   RW        13190    .data               mc_w.l(errno.o)
    0x200002c8   0x000000fc   Zero   RW          513    .bss                usart.o
    0x200003c4   0x000000bc   Zero   RW          852    .bss                platform.o
    0x20000480   0x00000074   Zero   RW         1043    .bss                spi_flash_sst25vfxx.o
    0x200004f4   0x00000180   Zero   RW         4426    .bss                idle.o
    0x20000674   0x00000080   Zero   RW         4794    .bss                kservice.o
    0x200006f4   0x00000020   Zero   RW         4966    .bss                mem.o
    0x20000714   0x00000100   Zero   RW         5211    .bss                scheduler.o
    0x20000814   0x00000044   Zero   RW         6044    .bss                pin.o
    0x20000858   0x00000880   Zero   RW         6330    .bss                shell.o
    0x200010d8   0x00000080   Zero   RW         6672    .bss                finsh_heap.o
    0x20001158   0x00000140   Zero   RW         6761    .bss                finsh_node.o
    0x20001298   0x000000c0   Zero   RW         7227    .bss                finsh_var.o
    0x20001358   0x00000180   Zero   RW         7277    .bss                finsh_vm.o
    0x200014d8   0x00000018   Zero   RW        10408    .bss                rtgui_driver.o
    0x200014f0   0x00000024   Zero   RW        10767    .bss                rtgui_system.o
    0x20001514   0x00000020   Zero   RW        11267    .bss                topwin.o
    0x20001534   0x000000d4   Zero   RW        12641    .bss                dfs.o
    0x20001608   0x00000124   Zero   RW        12722    .bss                dfs_file.o
    0x2000172c   0x00000004   PAD
    0x20001730   0x00000400   Zero   RW         4296    STACK               startup_stm32f10x_hd.o


==============================================================================

Image component sizes


      Code (inc. data)   RO Data    RW Data    ZI Data      Debug   Object Name

       180         86          0          0          0     269732   application.o
         0          0       3588         24          0      24670   asc12font.o
      4632         44       4852         36          0      27297   blit.o
       158         22          0          0          0      23681   board.o
       954         22         63          0          0      29458   box.o
       384        174        520         16          0       1965   can.o
        60         12          0          4          0       1157   clock.o
      3116       1362       1104          4          0      19651   cmd.o
        32          6         42          0          0       1423   color.o
       508        176         57          0          0       4051   completion.o
        72         16         16          0          0       3526   components.o
       662         54        147          0          0      39020   container.o
       236         24          0          0          0        776   context_rvds.o
      1440        724          0         16          0       5270   cpuport.o
      1040        216         75          0          0       8139   dataqueue.o
      1634        208        328          0          0      46332   dc.o
      2006         28        180          0          0      43844   dc_blend.o
         8          0          0          0          0      25363   dc_buffer.o
      1328         50         79          0          0      38056   dc_client.o
      1146        138        174          0          0       7316   dc_hw.o
       324        158         49          8          0      41728   demo_application.o
       754        204        168          0          0       7710   device.o
       964        158         39          0        212      11567   dfs.o
      2800        380        261          8          0      28092   dfs_elm.o
      2200        398        143          0        292      12270   dfs_file.o
      1016        172        116          0          0       7534   dfs_fs.o
       108          4         37          0          0       1671   dfs_posix.o
     10222        122         44         10          0      39848   ff.o
       244        102        179          0          0       8894   filerw.o
      6170        156          0          8          0      11730   finsh_compiler.o
        56         22        243         64          0       2759   finsh_error.o
       552         42          0          8        128       5943   finsh_heap.o
        64          6          0          0          0       2104   finsh_init.o
       392          8          0          0        320       5970   finsh_node.o
      3034        294        196          0          0      26014   finsh_ops.o
      2428         32          0          0          0      16379   finsh_parser.o
      1644         16        126          0          0      10266   finsh_token.o
       296         32          0          4        192       7982   finsh_var.o
       176         36          0         12        384       7223   finsh_vm.o
       292         72         77          8          0      29821   font.o
       440         42         68          0          0      27181   font_fnt.o
       308         80         22          4        384       3658   idle.o
        80         30         86          4          0      29255   image.o
      1748        156         78         24          0      32136   image_hdc.o
      4364       1120        471          0          0      31273   ipc.o
        84         18          0          1          0       1990   irq.o
      2270        242        290         12        128      14857   kservice.o
       236         22         48          1          0       2995   led.o
      2196        722        358         32         32       6704   mem.o
       340        124          0          0          0       1802   misc.o
       288         20          0          4          0      32464   mouse.o
       600        186         94        164          0       6693   object.o
        80         18        141          0         68       3709   pin.o
       188         56          0          8        188       1699   platform.o
      6594        556        148         28          0      54661   region.o
       668         26          0          8          0       3881   rt_stm32f10x_spi.o
      2036        732        258          0          0      40857   rtgui_app.o
      2492         58        196          4         24      31179   rtgui_driver.o
       278         54         79          0          0      10514   rtgui_object.o
       880        344        175          8         36      40828   rtgui_system.o
       826        254         78         28        256       7034   scheduler.o
      2376        512        211          0          0      12311   serial.o
      1234        290         51         16          0      39115   server.o
      2510        348        100          4       2176       9251   shell.o
       780        122        163          0          0       8910   spi_core.o
       624        248        129          0          0       5897   spi_dev.o
      1352        338         24          0        116      11837   spi_flash_sst25vfxx.o
       178         90          0          0          0       1943   startup.o
        36          8        304          0       1024        912   startup_stm32f10x_hd.o
       392        128          0          0          0       1777   stm32f10x_exti.o
       812        270          0          0          0       3496   stm32f10x_gpio.o
        18          0          0          0          0       2647   stm32f10x_it.o
       912        366          0         20          0       6764   stm32f10x_rcc.o
      1300        512          0          0          0       6343   stm32f10x_spi.o
      1840        490          0          0          0       6582   stm32f10x_usart.o
         0          0          0         16          0       4365   symbol.o
       328         28          0         20          0       2613   system_stm32f10x.o
      1444        370        170          0          0      11660   thread.o
      1058        186         92         16          0       9811   timer.o
       338         26         57          0          0      31715   title.o
      4220        798        599          8         32      64546   topwin.o
       146          6         26         16          0      19380   touch.o
      1226        212         80         24        252      29562   usart.o
      1952        302        542          0          0      51768   widget.o
      3370        200        168          0          0      49140   window.o

    ----------------------------------------------------------------------
    108890      16486      18284        708       6248    1683947   Object Totals
         0          0         32          0          0          0   (incl. Generated)
       116          0         43          8          4          0   (incl. Padding)

    ----------------------------------------------------------------------

      Code (inc. data)   RO Data    RW Data    ZI Data      Debug   Library Member Name

        86          0          0          0          0          0   __dczerorl2.o
        28          0          0          0          0         68   _chval.o
       158          0          0          0          0         92   _strtoul.o
        26          0          0          0          0         80   atoi.o
         8          4        133          0          0         68   ctype_o.o
         0          0          0          0          0          0   entry.o
         0          0          0          0          0          0   entry10a.o
         0          0          0          0          0          0   entry11a.o
         8          4          0          0          0          0   entry2.o
         4          0          0          0          0          0   entry5.o
         0          0          0          0          0          0   entry7b.o
         0          0          0          0          0          0   entry8b.o
         8          4          0          0          0          0   entry9a.o
         8          4          0          4          0         68   errno.o
        30          0          0          0          0          0   handlers.o
        36          8          0          0          0         68   init.o
       140          6         12          0          0         76   localtime_i.o
        36          0          0          0          0         68   memcpya.o
        36          0          0          0          0        108   memseta.o
       168         18         12          0          0         80   mktime.o
        28          0          0          0          0         76   strcmp.o
        14          0          0          0          0         68   strlen.o
        30          0          0          0          0         80   strncmp.o
        24          0          0          0          0         76   strncpy.o
        32          0          0          0          0         68   strrchr.o
       112          0          0          0          0         88   strtol.o

    ----------------------------------------------------------------------
      1022         48        160          4          0       1232   Library Totals
         2          0          3          0          0          0   (incl. Padding)

    ----------------------------------------------------------------------

      Code (inc. data)   RO Data    RW Data    ZI Data      Debug   Library Name

      1020         48        157          4          0       1232   mc_w.l

    ----------------------------------------------------------------------
      1022         48        160          4          0       1232   Library Totals

    ----------------------------------------------------------------------

==============================================================================


      Code (inc. data)   RO Data    RW Data    ZI Data      Debug   

    109912      16534      18444        712       6248    1642303   Grand Totals
    109912      16534      18444        276       6248    1642303   ELF Image Totals (compressed)
    109912      16534      18444        276          0          0   ROM Totals

==============================================================================

    Total RO  Size (Code + RO Data)               128356 ( 125.35kB)
    Total RW  Size (RW Data + ZI Data)              6960 (   6.80kB)
    Total ROM Size (Code + RO Data + RW Data)     128632 ( 125.62kB)

==============================================================================

